ARM Linker, 5.02 [Build 28] [MDK-ARM Standard]

==============================================================================

Section Cross References

    startup_stm32f10x_hd.o(RESET) refers to startup_stm32f10x_hd.o(STACK) for __initial_sp
    startup_stm32f10x_hd.o(RESET) refers to startup_stm32f10x_hd.o(.text) for Reset_Handler
    startup_stm32f10x_hd.o(RESET) refers to stm32f10x_it.o(.text) for NMI_Handler
    startup_stm32f10x_hd.o(RESET) refers to time.o(.text) for SysTick_Handler
    startup_stm32f10x_hd.o(RESET) refers to usart.o(.text) for USART1_IRQHandler
    startup_stm32f10x_hd.o(.text) refers to system_stm32f10x.o(.text) for SystemInit
    startup_stm32f10x_hd.o(.text) refers to entry.o(.ARM.Collect$$$$00000000) for __main
    stm32f10x_it.o(.text) refers to usb_istr.o(.text) for USB_Istr
    stm32f10x_it.o(.text) refers to stm32f10x_exti.o(.text) for EXTI_ClearITPendingBit
    stm32f10x_it.o(.text) refers to stm32f10x_usart.o(.text) for USART_GetITStatus
    stm32f10x_it.o(.text) refers to hw_config.o(.text) for USART_To_USB_Send_Data
    stm32f10x_it.o(.text) refers to printf8.o(i.__0printf$8) for __2printf
    stm32f10x_it.o(.text) refers to time.o(.text) for time_waitMs
    stm32f10x_it.o(.text) refers to hw_config.o(.data) for USB_USART_n
    system_stm32f10x.o(.text) refers to system_stm32f10x.o(.data) for SystemCoreClock
    stm32f10x_gpio.o(.text) refers to stm32f10x_rcc.o(.text) for RCC_APB2PeriphResetCmd
    stm32f10x_rcc.o(.text) refers to stm32f10x_rcc.o(.data) for APBAHBPrescTable
    stm32f10x_usart.o(.text) refers to stm32f10x_rcc.o(.text) for RCC_APB2PeriphResetCmd
    stm32f10x_spi.o(.text) refers to stm32f10x_rcc.o(.text) for RCC_APB2PeriphResetCmd
    sys.o(.text) refers to printf8.o(i.__0sprintf$8) for __2sprintf
    sys.o(.text) refers to misc.o(.text) for NVIC_PriorityGroupConfig
    sys.o(.text) refers to sys.o(.emb_text) for WFI_SET
    usart.o(.text) refers to sys.o(.text) for MY_NVIC_Init
    usart.o(.text) refers to stm32f10x_rcc.o(.text) for RCC_APB2PeriphClockCmd
    usart.o(.text) refers to stm32f10x_usart.o(.text) for USART_DeInit
    usart.o(.text) refers to stm32f10x_gpio.o(.text) for GPIO_Init
    usart.o(.text) refers to usart.o(.data) for USART_RX_STA
    usart.o(.text) refers to usart.o(.bss) for USART_RX_BUF
    time.o(.text) refers to dfltui.o(.text) for __aeabi_ui2d
    time.o(.text) refers to ddiv.o(.text) for __aeabi_ddiv
    time.o(.text) refers to dfixui.o(.text) for __aeabi_d2uiz
    time.o(.text) refers to time.o(.bss) for time
    time.o(.text) refers to system_stm32f10x.o(.data) for SystemCoreClock
    usb_core.o(.text) refers to usb_regs.o(.text) for ClearDTOG_TX
    usb_core.o(.text) refers to usb_init.o(.data) for pInformation
    usb_core.o(.text) refers to usb_prop.o(.data) for Device_Table
    usb_core.o(.text) refers to usb_core.o(.data) for StatusInfo
    usb_core.o(.text) refers to usb_mem.o(.text) for PMAToUserBufferCopy
    usb_core.o(.text) refers to usb_int.o(.data) for SaveRState
    usb_init.o(.text) refers to usb_init.o(.bss) for Device_Info
    usb_init.o(.text) refers to usb_init.o(.data) for pInformation
    usb_init.o(.text) refers to usb_prop.o(.data) for Device_Property
    usb_int.o(.text) refers to usb_core.o(.text) for In0_Process
    usb_int.o(.text) refers to usb_istr.o(.data) for wIstr
    usb_int.o(.text) refers to usb_init.o(.data) for EPindex
    usb_int.o(.text) refers to usb_int.o(.data) for SaveRState
    usb_sil.o(.text) refers to usb_regs.o(.text) for GetEPTxAddr
    usb_sil.o(.text) refers to usb_mem.o(.text) for UserToPMABufferCopy
    usb_sil.o(.text) refers to usb_init.o(.data) for wInterrupt_Mask
    hw_config.o(.text) refers to stm32f10x_rcc.o(.text) for RCC_APB2PeriphClockCmd
    hw_config.o(.text) refers to stm32f10x_gpio.o(.text) for GPIO_Init
    hw_config.o(.text) refers to system_stm32f10x.o(.text) for SystemInit
    hw_config.o(.text) refers to misc.o(.text) for NVIC_PriorityGroupConfig
    hw_config.o(.text) refers to stm32f10x_exti.o(.text) for EXTI_ClearITPendingBit
    hw_config.o(.text) refers to stm32f10x_usart.o(.text) for USART_DeInit
    hw_config.o(.text) refers to usb_mem.o(.text) for UserToPMABufferCopy
    hw_config.o(.text) refers to usb_regs.o(.text) for SetEPTxCount
    hw_config.o(.text) refers to hw_config.o(.data) for USB_USART_n
    hw_config.o(.text) refers to usb_pwr.o(.data) for bDeviceState
    hw_config.o(.text) refers to usb_init.o(.bss) for Device_Info
    hw_config.o(.text) refers to hw_config.o(.bss) for USART_InitStructure
    hw_config.o(.text) refers to usb_prop.o(.data) for linecoding
    hw_config.o(.text) refers to usb_desc.o(.data) for Virtual_Com_Port_StringSerial
    usb_endp.o(.text) refers to usb_mem.o(.text) for UserToPMABufferCopy
    usb_endp.o(.text) refers to usb_regs.o(.text) for SetEPTxCount
    usb_endp.o(.text) refers to usb_sil.o(.text) for USB_SIL_Read
    usb_endp.o(.text) refers to uart2.o(.text) for uart2_receivePushToBuffer
[...]
    printf3.o(i.__0vsnprintf$3) refers to printf3.o(i._snputc) for _snputc
    printf3.o(i.__0vsprintf$3) refers to printf3.o(i._printf_core) for _printf_core
    printf3.o(i.__0vsprintf$3) refers to printf3.o(i._sputc) for _sputc
    printf3.o(i._printf_core) refers to uidiv.o(.text) for __aeabi_uidivmod
    printf4.o(i.__0fprintf$4) refers to printf4.o(i._printf_core) for _printf_core
    printf4.o(i.__0fprintf$4) refers to usart.o(.text) for fputc
    printf4.o(i.__0printf$4) refers to printf4.o(i._printf_core) for _printf_core
    printf4.o(i.__0printf$4) refers to usart.o(.text) for fputc
    printf4.o(i.__0printf$4) refers to usart.o(.data) for __stdout
    printf4.o(i.__0snprintf$4) refers to printf4.o(i._printf_core) for _printf_core
    printf4.o(i.__0snprintf$4) refers to printf4.o(i._snputc) for _snputc
    printf4.o(i.__0sprintf$4) refers to printf4.o(i._printf_core) for _printf_core
    printf4.o(i.__0sprintf$4) refers to printf4.o(i._sputc) for _sputc
    printf4.o(i.__0vfprintf$4) refers to printf4.o(i._printf_core) for _printf_core
    printf4.o(i.__0vfprintf$4) refers to usart.o(.text) for fputc
    printf4.o(i.__0vprintf$4) refers to printf4.o(i._printf_core) for _printf_core
    printf4.o(i.__0vprintf$4) refers to usart.o(.text) for fputc
    printf4.o(i.__0vprintf$4) refers to usart.o(.data) for __stdout
    printf4.o(i.__0vsnprintf$4) refers to printf4.o(i._printf_core) for _printf_core
    printf4.o(i.__0vsnprintf$4) refers to printf4.o(i._snputc) for _snputc
    printf4.o(i.__0vsprintf$4) refers to printf4.o(i._printf_core) for _printf_core
    printf4.o(i.__0vsprintf$4) refers to printf4.o(i._sputc) for _sputc
    printf4.o(i._printf_core) refers to uldiv.o(.text) for __aeabi_uldivmod
    printf5.o(i.__0fprintf$5) refers to printf5.o(i._printf_core) for _printf_core
    printf5.o(i.__0fprintf$5) refers to usart.o(.text) for fputc
    printf5.o(i.__0printf$5) refers to printf5.o(i._printf_core) for _printf_core
    printf5.o(i.__0printf$5) refers to usart.o(.text) for fputc
    printf5.o(i.__0printf$5) refers to usart.o(.data) for __stdout
    printf5.o(i.__0snprintf$5) refers to printf5.o(i._printf_core) for _printf_core
    printf5.o(i.__0snprintf$5) refers to printf5.o(i._snputc) for _snputc
    printf5.o(i.__0sprintf$5) refers to printf5.o(i._printf_core) for _printf_core
    printf5.o(i.__0sprintf$5) refers to printf5.o(i._sputc) for _sputc
    printf5.o(i.__0vfprintf$5) refers to printf5.o(i._printf_core) for _printf_core
    printf5.o(i.__0vfprintf$5) refers to usart.o(.text) for fputc
    printf5.o(i.__0vprintf$5) refers to printf5.o(i._printf_core) for _printf_core
    printf5.o(i.__0vprintf$5) refers to usart.o(.text) for fputc
    printf5.o(i.__0vprintf$5) refers to usart.o(.data) for __stdout
    printf5.o(i.__0vsnprintf$5) refers to printf5.o(i._printf_core) for _printf_core
    printf5.o(i.__0vsnprintf$5) refers to printf5.o(i._snputc) for _snputc
    printf5.o(i.__0vsprintf$5) refers to printf5.o(i._printf_core) for _printf_core
    printf5.o(i.__0vsprintf$5) refers to printf5.o(i._sputc) for _sputc
    printf5.o(i._printf_core) refers to uldiv.o(.text) for __aeabi_uldivmod
    printf6.o(i.__0fprintf$6) refers to printf6.o(i._printf_core) for _printf_core
    printf6.o(i.__0fprintf$6) refers to usart.o(.text) for fputc
    printf6.o(i.__0printf$6) refers to printf6.o(i._printf_core) for _printf_core
    printf6.o(i.__0printf$6) refers to usart.o(.text) for fputc
    printf6.o(i.__0printf$6) refers to usart.o(.data) for __stdout
    printf6.o(i.__0snprintf$6) refers to printf6.o(i._printf_core) for _printf_core
    printf6.o(i.__0snprintf$6) refers to printf6.o(i._snputc) for _snputc
    printf6.o(i.__0sprintf$6) refers to printf6.o(i._printf_core) for _printf_core
    printf6.o(i.__0sprintf$6) refers to printf6.o(i._sputc) for _sputc
    printf6.o(i.__0vfprintf$6) refers to printf6.o(i._printf_core) for _printf_core
    printf6.o(i.__0vfprintf$6) refers to usart.o(.text) for fputc
    printf6.o(i.__0vprintf$6) refers to printf6.o(i._printf_core) for _printf_core
    printf6.o(i.__0vprintf$6) refers to usart.o(.text) for fputc
    printf6.o(i.__0vprintf$6) refers to usart.o(.data) for __stdout
    printf6.o(i.__0vsnprintf$6) refers to printf6.o(i._printf_core) for _printf_core
    printf6.o(i.__0vsnprintf$6) refers to printf6.o(i._snputc) for _snputc
    printf6.o(i.__0vsprintf$6) refers to printf6.o(i._printf_core) for _printf_core
    printf6.o(i.__0vsprintf$6) refers to printf6.o(i._sputc) for _sputc
    printf6.o(i._printf_core) refers to printf6.o(i._printf_pre_padding) for _printf_pre_padding
    printf6.o(i._printf_core) refers to uidiv.o(.text) for __aeabi_uidivmod
    printf6.o(i._printf_core) refers to printf6.o(i._printf_post_padding) for _printf_post_padding
    printf7.o(i.__0fprintf$7) refers to printf7.o(i._printf_core) for _printf_core
    printf7.o(i.__0fprintf$7) refers to usart.o(.text) for fputc
    printf7.o(i.__0printf$7) refers to printf7.o(i._printf_core) for _printf_core
    printf7.o(i.__0printf$7) refers to usart.o(.text) for fputc
    printf7.o(i.__0printf$7) refers to usart.o(.data) for __stdout
    printf7.o(i.__0snprintf$7) refers to printf7.o(i._printf_core) for _printf_core
    printf7.o(i.__0snprintf$7) refers to printf7.o(i._snputc) for _snputc
    printf7.o(i.__0sprintf$7) refers to printf7.o(i._printf_core) for _printf_core
    printf7.o(i.__0sprintf$7) refers to printf7.o(i._sputc) for _sputc
    printf7.o(i.__0vfprintf$7) refers to printf7.o(i._printf_core) for _printf_core
    printf7.o(i.__0vfprintf$7) refers to usart.o(.text) for fputc
    printf7.o(i.__0vprintf$7) refers to printf7.o(i._printf_core) for _printf_core
    printf7.o(i.__0vprintf$7) refers to usart.o(.text) for fputc
    printf7.o(i.__0vprintf$7) refers to usart.o(.data) for __stdout
    printf7.o(i.__0vsnprintf$7) refers to printf7.o(i._printf_core) for _printf_core
    printf7.o(i.__0vsnprintf$7) refers to printf7.o(i._snputc) for _snputc
    printf7.o(i.__0vsprintf$7) refers to printf7.o(i._printf_core) for _printf_core
    printf7.o(i.__0vsprintf$7) refers to printf7.o(i._sputc) for _sputc
    printf7.o(i._printf_core) refers to printf7.o(i._printf_pre_padding) for _printf_pre_padding
    printf7.o(i._printf_core) refers to uldiv.o(.text) for __aeabi_uldivmod
    printf7.o(i._printf_core) refers to printf7.o(i._printf_post_padding) for _printf_post_padding
    printf8.o(i.__0fprintf$8) refers to printf8.o(i._printf_core) for _printf_core
    printf8.o(i.__0fprintf$8) refers to usart.o(.text) for fputc
    printf8.o(i.__0printf$8) refers to printf8.o(i._printf_core) for _printf_core
    printf8.o(i.__0printf$8) refers to usart.o(.text) for fputc
    printf8.o(i.__0printf$8) refers to usart.o(.data) for __stdout
    printf8.o(i.__0snprintf$8) refers to printf8.o(i._printf_core) for _printf_core
    printf8.o(i.__0snprintf$8) refers to printf8.o(i._snputc) for _snputc
    printf8.o(i.__0sprintf$8) refers to printf8.o(i._printf_core) for _printf_core
    printf8.o(i.__0sprintf$8) refers to printf8.o(i._sputc) for _sputc
    printf8.o(i.__0vfprintf$8) refers to printf8.o(i._printf_core) for _printf_core
    printf8.o(i.__0vfprintf$8) refers to usart.o(.text) for fputc
    printf8.o(i.__0vprintf$8) refers to printf8.o(i._printf_core) for _printf_core
    printf8.o(i.__0vprintf$8) refers to usart.o(.text) for fputc
    printf8.o(i.__0vprintf$8) refers to usart.o(.data) for __stdout
    printf8.o(i.__0vsnprintf$8) refers to printf8.o(i._printf_core) for _printf_core
    printf8.o(i.__0vsnprintf$8) refers to printf8.o(i._snputc) for _snputc
    printf8.o(i.__0vsprintf$8) refers to printf8.o(i._printf_core) for _printf_core
    printf8.o(i.__0vsprintf$8) refers to printf8.o(i._sputc) for _sputc
    printf8.o(i._printf_core) refers to printf8.o(i._printf_pre_padding) for _printf_pre_padding
    printf8.o(i._printf_core) refers to uldiv.o(.text) for __aeabi_uldivmod
    printf8.o(i._printf_core) refers to printf8.o(i._printf_post_padding) for _printf_post_padding
    printfa.o(i.__0fprintf) refers (Special) to iusefp.o(.text) for __I$use$fp
    printfa.o(i.__0fprintf) refers to printfa.o(i._printf_core) for _printf_core
    printfa.o(i.__0fprintf) refers to usart.o(.text) for fputc
    printfa.o(i.__0printf) refers (Special) to iusefp.o(.text) for __I$use$fp
    printfa.o(i.__0printf) refers to printfa.o(i._printf_core) for _printf_core
    printfa.o(i.__0printf) refers to usart.o(.text) for fputc
    printfa.o(i.__0printf) refers to usart.o(.data) for __stdout
    printfa.o(i.__0snprintf) refers (Special) to iusefp.o(.text) for __I$use$fp
    printfa.o(i.__0snprintf) refers to printfa.o(i._printf_core) for _printf_core
    printfa.o(i.__0snprintf) refers to printfa.o(i._snputc) for _snputc
    printfa.o(i.__0sprintf) refers (Special) to iusefp.o(.text) for __I$use$fp
    printfa.o(i.__0sprintf) refers to printfa.o(i._printf_core) for _printf_core
    printfa.o(i.__0sprintf) refers to printfa.o(i._sputc) for _sputc
    printfa.o(i.__0vfprintf) refers (Special) to iusefp.o(.text) for __I$use$fp
    printfa.o(i.__0vfprintf) refers to printfa.o(i._printf_core) for _printf_core
    printfa.o(i.__0vfprintf) refers to usart.o(.text) for fputc
    printfa.o(i.__0vprintf) refers (Special) to iusefp.o(.text) for __I$use$fp
    printfa.o(i.__0vprintf) refers to printfa.o(i._printf_core) for _printf_core
    printfa.o(i.__0vprintf) refers to usart.o(.text) for fputc
    printfa.o(i.__0vprintf) refers to usart.o(.data) for __stdout
    printfa.o(i.__0vsnprintf) refers (Special) to iusefp.o(.text) for __I$use$fp
    printfa.o(i.__0vsnprintf) refers to printfa.o(i._printf_core) for _printf_core
    printfa.o(i.__0vsnprintf) refers to printfa.o(i._snputc) for _snputc
    printfa.o(i.__0vsprintf) refers (Special) to iusefp.o(.text) for __I$use$fp
    printfa.o(i.__0vsprintf) refers to printfa.o(i._printf_core) for _printf_core
    printfa.o(i.__0vsprintf) refers to printfa.o(i._sputc) for _sputc
    printfa.o(i._fp_digits) refers (Special) to iusefp.o(.text) for __I$use$fp
    printfa.o(i._fp_digits) refers to dmul.o(.text) for __aeabi_dmul
    printfa.o(i._fp_digits) refers to ddiv.o(.text) for __aeabi_ddiv
    printfa.o(i._fp_digits) refers to cdrcmple.o(.text) for __aeabi_cdrcmple
    printfa.o(i._fp_digits) refers to dadd.o(.text) for __aeabi_dadd
    printfa.o(i._fp_digits) refers to dfixul.o(.text) for __aeabi_d2ulz
    printfa.o(i._fp_digits) refers to uldiv.o(.text) for __aeabi_uldivmod
    printfa.o(i._printf_core) refers (Special) to iusefp.o(.text) for __I$use$fp
    printfa.o(i._printf_core) refers to printfa.o(i._printf_pre_padding) for _printf_pre_padding
    printfa.o(i._printf_core) refers to uldiv.o(.text) for __aeabi_uldivmod
    printfa.o(i._printf_core) refers to printfa.o(i._printf_post_padding) for _printf_post_padding
    printfa.o(i._printf_core) refers to printfa.o(i._fp_digits) for _fp_digits
    printfa.o(i._printf_core) refers to uidiv.o(.text) for __aeabi_uidivmod
    printfa.o(i._printf_post_padding) refers (Special) to iusefp.o(.text) for __I$use$fp
    printfa.o(i._printf_pre_padding) refers (Special) to iusefp.o(.text) for __I$use$fp
    printfa.o(i._snputc) refers (Special) to iusefp.o(.text) for __I$use$fp
    printfa.o(i._sputc) refers (Special) to iusefp.o(.text) for __I$use$fp
    dadd.o(.text) refers (Special) to iusefp.o(.text) for __I$use$fp
    dadd.o(.text) refers to llshl.o(.text) for __aeabi_llsl
    dadd.o(.text) refers to llsshr.o(.text) for __aeabi_lasr
    dadd.o(.text) refers to depilogue.o(.text) for _double_epilogue
    dmul.o(.text) refers (Special) to iusefp.o(.text) for __I$use$fp
    dmul.o(.text) refers to depilogue.o(.text) for _double_epilogue
    ddiv.o(.text) refers (Special) to iusefp.o(.text) for __I$use$fp
    ddiv.o(.text) refers to depilogue.o(.text) for _double_round
    dfltui.o(.text) refers (Special) to iusefp.o(.text) for __I$use$fp
    dfltui.o(.text) refers to depilogue.o(.text) for _double_epilogue
    dfixi.o(.text) refers (Special) to iusefp.o(.text) for __I$use$fp
    dfixi.o(.text) refers to llushr.o(.text) for __aeabi_llsr
    dfixui.o(.text) refers (Special) to iusefp.o(.text) for __I$use$fp
    dfixui.o(.text) refers to llushr.o(.text) for __aeabi_llsr
    entry2.o(.ARM.Collect$$$$00000001) refers to entry2.o(.ARM.Collect$$$$00002712) for __lit__00000000
    entry2.o(.ARM.Collect$$$$00002712) refers to startup_stm32f10x_hd.o(STACK) for __initial_sp
    entry2.o(__vectab_stack_and_reset_area) refers to startup_stm32f10x_hd.o(STACK) for __initial_sp
    entry2.o(__vectab_stack_and_reset_area) refers to entry.o(.ARM.Collect$$$$00000000) for __main
    entry5.o(.ARM.Collect$$$$00000004) refers to init.o(.text) for __scatterload
    entry8.o(.ARM.Collect$$$$00000009) refers to main.o(.text) for main
    uldiv.o(.text) refers to llushr.o(.text) for __aeabi_llsr
    uldiv.o(.text) refers to llshl.o(.text) for __aeabi_llsl
    depilogue.o(.text) refers to llshl.o(.text) for __aeabi_llsl
    depilogue.o(.text) refers to llushr.o(.text) for __aeabi_llsr
    dfixul.o(.text) refers to llushr.o(.text) for __aeabi_llsr
    dfixul.o(.text) refers to llshl.o(.text) for __aeabi_llsl
    init.o(.text) refers to entry5.o(.ARM.Collect$$$$00000004) for __main_after_scatterload


==============================================================================

Removing Unused input sections from the image.

    Removing core_cm3.o(.emb_text), (32 bytes).
    Removing startup_stm32f10x_hd.o(HEAP), (512 bytes).
    Removing stm32f10x_fsmc.o(.text), (1560 bytes).
    Removing dfixul.o(.text), (48 bytes).
    Removing cdrcmple.o(.text), (40 bytes).

5 unused section(s) (total 2192 bytes) removed from the image.

==============================================================================

Image Symbol Table

    Local Symbols

    Symbol Name                              Value     Ov Type        Size  Object(Section)

    ../clib/../cmprslib/zerorunl2.c          0x00000000   Number         0  __dczerorl2.o ABSOLUTE
    ../clib/microlib/division.c              0x00000000   Number         0  uldiv.o ABSOLUTE
    ../clib/microlib/division.c              0x00000000   Number         0  uidiv.o ABSOLUTE
    ../clib/microlib/init/entry.s            0x00000000   Number         0  entry2.o ABSOLUTE
    ../clib/microlib/init/entry.s            0x00000000   Number         0  entry8.o ABSOLUTE
    ../clib/microlib/init/entry.s            0x00000000   Number         0  entry7b.o ABSOLUTE
    ../clib/microlib/init/entry.s            0x00000000   Number         0  entry5.o ABSOLUTE
    ../clib/microlib/init/entry.s            0x00000000   Number         0  entry7a.o ABSOLUTE
    ../clib/microlib/init/entry.s            0x00000000   Number         0  entry.o ABSOLUTE
    ../clib/microlib/longlong.c              0x00000000   Number         0  llsshr.o ABSOLUTE
    ../clib/microlib/longlong.c              0x00000000   Number         0  llushr.o ABSOLUTE
    ../clib/microlib/longlong.c              0x00000000   Number         0  llshl.o ABSOLUTE
    ../clib/microlib/printf/printf.c         0x00000000   Number         0  printf3.o ABSOLUTE
    ../clib/microlib/printf/printf.c         0x00000000   Number         0  printf4.o ABSOLUTE
    ../clib/microlib/printf/printf.c         0x00000000   Number         0  printf6.o ABSOLUTE
    ../clib/microlib/printf/printf.c         0x00000000   Number         0  printfa.o ABSOLUTE
    ../clib/microlib/printf/printf.c         0x00000000   Number         0  printf5.o ABSOLUTE
    ../clib/microlib/printf/printf.c         0x00000000   Number         0  printf7.o ABSOLUTE
    ../clib/microlib/printf/printf.c         0x00000000   Number         0  printf8.o ABSOLUTE
    ../clib/microlib/printf/printf.c         0x00000000   Number         0  printf0.o ABSOLUTE
    ../clib/microlib/printf/printf.c         0x00000000   Number         0  printfb.o ABSOLUTE
    ../clib/microlib/printf/printf.c         0x00000000   Number         0  printf1.o ABSOLUTE
    ../clib/microlib/printf/printf.c         0x00000000   Number         0  printf2.o ABSOLUTE
    ../clib/microlib/printf/stubs.s          0x00000000   Number         0  stubs.o ABSOLUTE
    ../clib/microlib/string/memset.c         0x00000000   Number         0  memseta.o ABSOLUTE
    ../clib/microlib/stubs.s                 0x00000000   Number         0  useno.o ABSOLUTE
    ../clib/microlib/stubs.s                 0x00000000   Number         0  iusefp.o ABSOLUTE
    ../fplib/microlib/fpadd.c                0x00000000   Number         0  dadd.o ABSOLUTE
    ../fplib/microlib/fpdiv.c                0x00000000   Number         0  ddiv.o ABSOLUTE
    ../fplib/microlib/fpepilogue.c           0x00000000   Number         0  depilogue.o ABSOLUTE
    ../fplib/microlib/fpfix.c                0x00000000   Number         0  dfixi.o ABSOLUTE
    ../fplib/microlib/fpfix.c                0x00000000   Number         0  dfixui.o ABSOLUTE
    ../fplib/microlib/fpfix.c                0x00000000   Number         0  dfixul.o ABSOLUTE
    ../fplib/microlib/fpflt.c                0x00000000   Number         0  dfltui.o ABSOLUTE
    ../fplib/microlib/fpmul.c                0x00000000   Number         0  dmul.o ABSOLUTE
    ..\CMSIS\CM3\CORE\core_cm3.c             0x00000000   Number         0  core_cm3.o ABSOLUTE
    ..\CMSIS\CM3\STARTUP\startup_stm32f10x_hd.s 0x00000000   Number         0  startup_stm32f10x_hd.o ABSOLUTE
    ..\CMSIS\CM3\stm32f10x_it.c              0x00000000   Number         0  stm32f10x_it.o ABSOLUTE
    ..\CMSIS\CM3\system_stm32f10x.c          0x00000000   Number         0  system_stm32f10x.o ABSOLUTE
    ..\CMSIS\STM32LIB\src\misc.c             0x00000000   Number         0  misc.o ABSOLUTE
    ..\CMSIS\STM32LIB\src\stm32f10x_exti.c   0x00000000   Number         0  stm32f10x_exti.o ABSOLUTE
    ..\CMSIS\STM32LIB\src\stm32f10x_fsmc.c   0x00000000   Number         0  stm32f10x_fsmc.o ABSOLUTE
    ..\CMSIS\STM32LIB\src\stm32f10x_gpio.c   0x00000000   Number         0  stm32f10x_gpio.o ABSOLUTE
    ..\CMSIS\STM32LIB\src\stm32f10x_rcc.c    0x00000000   Number         0  stm32f10x_rcc.o ABSOLUTE
    ..\CMSIS\STM32LIB\src\stm32f10x_spi.c    0x00000000   Number         0  stm32f10x_spi.o ABSOLUTE
    ..\CMSIS\STM32LIB\src\stm32f10x_usart.c  0x00000000   Number         0  stm32f10x_usart.o ABSOLUTE
    ..\HARDWARE\led\led.c                    0x00000000   Number         0  led.o ABSOLUTE
    ..\HARDWARE\rf\rf.c                      0x00000000   Number         0  rf.o ABSOLUTE
    ..\HARDWARE\rf\rf_hal.c                  0x00000000   Number         0  rf_hal.o ABSOLUTE
    ..\HARDWARE\uart\uart2.c                 0x00000000   Number         0  uart2.o ABSOLUTE
    ..\SYSTEM\delay\delay.c                  0x00000000   Number         0  delay.o ABSOLUTE
    ..\SYSTEM\delay\time.c                   0x00000000   Number         0  time.o ABSOLUTE
    ..\SYSTEM\sys\sys.c                      0x00000000   Number         0  sys.o ABSOLUTE
    ..\SYSTEM\usart\usart.c                  0x00000000   Number         0  usart.o ABSOLUTE
    ..\USB\Mass_Storage\src\hw_config.c      0x00000000   Number         0  hw_config.o ABSOLUTE
    ..\USB\Mass_Storage\src\usb_desc.c       0x00000000   Number         0  usb_desc.o ABSOLUTE
    ..\USB\Mass_Storage\src\usb_endp.c       0x00000000   Number         0  usb_endp.o ABSOLUTE
    ..\USB\Mass_Storage\src\usb_istr.c       0x00000000   Number         0  usb_istr.o ABSOLUTE
    ..\USB\Mass_Storage\src\usb_prop.c       0x00000000   Number         0  usb_prop.o ABSOLUTE
    ..\USB\Mass_Storage\src\usb_pwr.c        0x00000000   Number         0  usb_pwr.o ABSOLUTE
    ..\USB\USBLIB\src\usb_core.c             0x00000000   Number         0  usb_core.o ABSOLUTE
    ..\USB\USBLIB\src\usb_init.c             0x00000000   Number         0  usb_init.o ABSOLUTE
    ..\USB\USBLIB\src\usb_int.c              0x00000000   Number         0  usb_int.o ABSOLUTE
    ..\USB\USBLIB\src\usb_mem.c              0x00000000   Number         0  usb_mem.o ABSOLUTE
    ..\USB\USBLIB\src\usb_regs.c             0x00000000   Number         0  usb_regs.o ABSOLUTE
    ..\USB\USBLIB\src\usb_sil.c              0x00000000   Number         0  usb_sil.o ABSOLUTE
    ..\\CMSIS\\CM3\\CORE\\core_cm3.c         0x00000000   Number         0  core_cm3.o ABSOLUTE
    ..\\SYSTEM\\sys\\sys.c                   0x00000000   Number         0  sys.o ABSOLUTE
    cdrcmple.s                               0x00000000   Number         0  cdrcmple.o ABSOLUTE
    dc.s                                     0x00000000   Number         0  dc.o ABSOLUTE
    handlers.s                               0x00000000   Number         0  handlers.o ABSOLUTE
    init.s                                   0x00000000   Number         0  init.o ABSOLUTE
    main.c                                   0x00000000   Number         0  main.o ABSOLUTE
    RESET                                    0x08005000   Section      304  startup_stm32f10x_hd.o(RESET)
    .ARM.Collect$$$$00000000                 0x08005130   Section        0  entry.o(.ARM.Collect$$$$00000000)
    .ARM.Collect$$$$00000001                 0x08005130   Section        4  entry2.o(.ARM.Collect$$$$00000001)
    .ARM.Collect$$$$00000004                 0x08005134   Section        4  entry5.o(.ARM.Collect$$$$00000004)
    .ARM.Collect$$$$00000008                 0x08005138   Section        0  entry7b.o(.ARM.Collect$$$$00000008)
    .ARM.Collect$$$$00000009                 0x08005138   Section        8  entry8.o(.ARM.Collect$$$$00000009)
    .ARM.Collect$$$$00002712                 0x08005140   Section        4  entry2.o(.ARM.Collect$$$$00002712)
    __lit__00000000                          0x08005140   Data           4  entry2.o(.ARM.Collect$$$$00002712)
    .emb_text                                0x08005144   Section        2  sys.o(.emb_text)
    .text                                    0x08005148   Section       36  startup_stm32f10x_hd.o(.text)
    .text                                    0x0800516c   Section        0  stm32f10x_it.o(.text)
    .text                                    0x080052b4   Section        0  system_stm32f10x.o(.text)
    SetSysClockTo72                          0x080052b5   Thumb Code   192  system_stm32f10x.o(.text)
    SetSysClock                              0x08005375   Thumb Code     8  system_stm32f10x.o(.text)
    .text                                    0x08005480   Section        0  misc.o(.text)
    .text                                    0x0800555c   Section        0  stm32f10x_exti.o(.text)
    .text                                    0x08005678   Section        0  stm32f10x_gpio.o(.text)
    .text                                    0x080059d0   Section        0  stm32f10x_rcc.o(.text)
    .text                                    0x08005d6c   Section        0  stm32f10x_usart.o(.text)
    .text                                    0x08006174   Section        0  stm32f10x_spi.o(.text)
    .text                                    0x08006480   Section        0  sys.o(.text)
    .text                                    0x0800678c   Section        0  usart.o(.text)
    .text                                    0x08006910   Section        0  time.o(.text)
    .text                                    0x08006a58   Section        0  usb_core.o(.text)
    DataStageOut                             0x08006e39   Thumb Code   196  usb_core.o(.text)
    DataStageIn                              0x08006efd   Thumb Code   166  usb_core.o(.text)
    NoData_Setup0                            0x08006fa3   Thumb Code   288  usb_core.o(.text)
    Data_Setup0                              0x080070c3   Thumb Code   662  usb_core.o(.text)
    .text                                    0x0800754c   Section        0  usb_init.o(.text)
    .text                                    0x08007588   Section        0  usb_int.o(.text)
    .text                                    0x08007878   Section        0  usb_mem.o(.text)
    .text                                    0x080078d4   Section        0  usb_regs.o(.text)
    .text                                    0x08008070   Section        0  usb_sil.o(.text)
    .text                                    0x080080f0   Section        0  hw_config.o(.text)
    IntToUnicode                             0x08008469   Thumb Code    62  hw_config.o(.text)
    .text                                    0x08008514   Section        0  usb_endp.o(.text)
    .text                                    0x08008600   Section        0  usb_istr.o(.text)
    .text                                    0x080087c0   Section        0  usb_prop.o(.text)
    .text                                    0x08008a04   Section        0  usb_pwr.o(.text)
    .text                                    0x08008c34   Section        0  main.o(.text)
    .text                                    0x08008d78   Section        0  rf.o(.text)
    rf_flushRxFifo                           0x08008d79   Thumb Code    18  rf.o(.text)
    rf_flushTxFifo                           0x08008d8b   Thumb Code    18  rf.o(.text)
    rf_readRegester                          0x08008d9d   Thumb Code    32  rf.o(.text)
    rf_writeRegester                         0x08008dbd   Thumb Code    34  rf.o(.text)
    rf_writeData                             0x08008e87   Thumb Code    40  rf.o(.text)
    rf_getStatus                             0x08008f07   Thumb Code    32  rf.o(.text)
    rf_getReceivedDataLength                 0x08008f27   Thumb Code    30  rf.o(.text)
    rf_readData                              0x08008f45   Thumb Code    68  rf.o(.text)
    .text                                    0x0800903c   Section        0  rf_hal.o(.text)
    .text                                    0x080091a4   Section        0  led.o(.text)
    .text                                    0x080091e4   Section        0  uart2.o(.text)
    .text                                    0x080092cc   Section        0  memseta.o(.text)
    .text                                    0x080092f0   Section        0  dadd.o(.text)
    .text                                    0x0800943e   Section        0  dmul.o(.text)
    .text                                    0x08009522   Section        0  ddiv.o(.text)
    .text                                    0x08009600   Section        0  dfltui.o(.text)
    .text                                    0x0800961a   Section        0  dfixi.o(.text)
    .text                                    0x08009658   Section        0  dfixui.o(.text)
    .text                                    0x0800968a   Section        0  uldiv.o(.text)
    .text                                    0x080096ec   Section        0  llshl.o(.text)
    .text                                    0x0800970a   Section        0  llushr.o(.text)
    .text                                    0x0800972a   Section        0  llsshr.o(.text)
    .text                                    0x0800974e   Section        0  depilogue.o(.text)
    .text                                    0x0800974e   Section        0  iusefp.o(.text)
    .text                                    0x0800980c   Section       36  init.o(.text)
    .text                                    0x08009830   Section        0  __dczerorl2.o(.text)
    i.__0printf$8                            0x0800988c   Section        0  printf8.o(i.__0printf$8)
    i.__0sprintf$8                           0x080098ac   Section        0  printf8.o(i.__0sprintf$8)
    i.__scatterload_copy                     0x080098d4   Section       14  handlers.o(i.__scatterload_copy)
    i.__scatterload_null                     0x080098e2   Section        2  handlers.o(i.__scatterload_null)
    i.__scatterload_zeroinit                 0x080098e4   Section       14  handlers.o(i.__scatterload_zeroinit)
    i._printf_core                           0x080098f4   Section        0  printf8.o(i._printf_core)
    _printf_core                             0x080098f5   Thumb Code   996  printf8.o(i._printf_core)
    i._printf_post_padding                   0x08009d04   Section        0  printf8.o(i._printf_post_padding)
    _printf_post_padding                     0x08009d05   Thumb Code    38  printf8.o(i._printf_post_padding)
    i._printf_pre_padding                    0x08009d2a   Section        0  printf8.o(i._printf_pre_padding)
    _printf_pre_padding                      0x08009d2b   Thumb Code    48  printf8.o(i._printf_pre_padding)
    i._sputc                                 0x08009d5a   Section        0  printf8.o(i._sputc)
    _sputc                                   0x08009d5b   Thumb Code    10  printf8.o(i._sputc)
    .constdata                               0x08009d64   Section      177  usb_desc.o(.constdata)
    .constdata                               0x08009e15   Section       18  rf.o(.constdata)
    reg_value                                0x08009e15   Data          18  rf.o(.constdata)
    .data                                    0x20000000   Section       20  system_stm32f10x.o(.data)
    .data                                    0x20000014   Section       20  stm32f10x_rcc.o(.data)
    APBAHBPrescTable                         0x20000014   Data          16  stm32f10x_rcc.o(.data)
    ADCPrescTable                            0x20000024   Data           4  stm32f10x_rcc.o(.data)
    .data                                    0x20000028   Section        8  usart.o(.data)
    .data                                    0x20000030   Section        4  usb_core.o(.data)
    .data                                    0x20000034   Section       20  usb_init.o(.data)
    .data                                    0x20000048   Section        4  usb_int.o(.data)
    .data                                    0x2000004c   Section       36  hw_config.o(.data)
    .data                                    0x20000070   Section       26  usb_desc.o(.data)
    .data                                    0x2000008c   Section        4  usb_endp.o(.data)
    FrameCount                               0x2000008c   Data           4  usb_endp.o(.data)
    .data                                    0x20000090   Section       70  usb_istr.o(.data)
    .data                                    0x200000d8   Section      148  usb_prop.o(.data)
    .data                                    0x2000016c   Section       14  usb_pwr.o(.data)
    .data                                    0x2000017c   Section        4  main.o(.data)
    target                                   0x2000017c   Data           4  main.o(.data)
    .bss                                     0x20000180   Section       63  usart.o(.bss)
    .bss                                     0x200001c0   Section       16  time.o(.bss)
    time                                     0x200001c0   Data          16  time.o(.bss)
    .bss                                     0x200001d0   Section       28  usb_init.o(.bss)
    .bss                                     0x200001ec   Section     2064  hw_config.o(.bss)
    .bss                                     0x200009fc   Section       64  usb_endp.o(.bss)
    .bss                                     0x20000a3c   Section       32  usb_pwr.o(.bss)
    .bss                                     0x20000a5c   Section      528  uart2.o(.bss)
    uart                                     0x20000a5c   Data         528  uart2.o(.bss)
    STACK                                    0x20000c70   Section     1024  startup_stm32f10x_hd.o(STACK)

    Global Symbols

    Symbol Name                              Value     Ov Type        Size  Object(Section)

    BuildAttributes$$THM_ISAv4$P$D$K$B$S$PE$A:L22UL41UL21$X:L11$S22US41US21$IEEE1$IW$USESV6$~STKCKD$USESV7$~SHL$OSPACE$ROPI$EBA8$MICROLIB$REQ8$PRES8$EABIv2 0x00000000   Number         0  anon$$obj.o ABSOLUTE
    __ARM_use_no_argv                        0x00000000   Number         0  main.o ABSOLUTE
    __use_no_errno                           0x00000000   Number         0  useno.o ABSOLUTE
    __use_no_exception_handling              0x00000000   Number         0  useno.o ABSOLUTE
    __use_no_fp                              0x00000000   Number         0  useno.o ABSOLUTE
    __use_no_heap                            0x00000000   Number         0  useno.o ABSOLUTE
    __use_no_heap_region                     0x00000000   Number         0  useno.o ABSOLUTE
    __use_no_semihosting                     0x00000000   Number         0  useno.o ABSOLUTE
    __use_no_semihosting_swi                 0x00000000   Number         0  useno.o ABSOLUTE
    __use_no_signal_handling                 0x00000000   Number         0  useno.o ABSOLUTE
    _printf_a                                0x00000000   Number         0  stubs.o ABSOLUTE
    _printf_c                                0x00000000   Number         0  stubs.o ABSOLUTE
    _printf_charcount                        0x00000000   Number         0  stubs.o ABSOLUTE
    _printf_d                                0x00000000   Number         0  stubs.o ABSOLUTE
    _printf_e                                0x00000000   Number         0  stubs.o ABSOLUTE
    _printf_f                                0x00000000   Number         0  stubs.o ABSOLUTE
    _printf_flags                            0x00000000   Number         0  stubs.o ABSOLUTE
    _printf_fp_dec                           0x00000000   Number         0  stubs.o ABSOLUTE
    _printf_fp_hex                           0x00000000   Number         0  stubs.o ABSOLUTE
    _printf_g                                0x00000000   Number         0  stubs.o ABSOLUTE
    _printf_i                                0x00000000   Number         0  stubs.o ABSOLUTE
    _printf_int_dec                          0x00000000   Number         0  stubs.o ABSOLUTE
    _printf_l                                0x00000000   Number         0  stubs.o ABSOLUTE
    _printf_lc                               0x00000000   Number         0  stubs.o ABSOLUTE
    _printf_ll                               0x00000000   Number         0  stubs.o ABSOLUTE
    _printf_lld                              0x00000000   Number         0  stubs.o ABSOLUTE
    _printf_lli                              0x00000000   Number         0  stubs.o ABSOLUTE
    _printf_llo                              0x00000000   Number         0  stubs.o ABSOLUTE
    _printf_llu                              0x00000000   Number         0  stubs.o ABSOLUTE
    _printf_llx                              0x00000000   Number         0  stubs.o ABSOLUTE
    _printf_longlong_dec                     0x00000000   Number         0  stubs.o ABSOLUTE
    _printf_longlong_hex                     0x00000000   Number         0  stubs.o ABSOLUTE
    _printf_longlong_oct                     0x00000000   Number         0  stubs.o ABSOLUTE
    _printf_ls                               0x00000000   Number         0  stubs.o ABSOLUTE
    _printf_mbtowc                           0x00000000   Number         0  stubs.o ABSOLUTE
    _printf_n                                0x00000000   Number         0  stubs.o ABSOLUTE
    _printf_o                                0x00000000   Number         0  stubs.o ABSOLUTE
    _printf_p                                0x00000000   Number         0  stubs.o ABSOLUTE
    _printf_percent                          0x00000000   Number         0  stubs.o ABSOLUTE
    _printf_pre_padding                      0x00000000   Number         0  stubs.o ABSOLUTE
    _printf_return_value                     0x00000000   Number         0  stubs.o ABSOLUTE
    _printf_s                                0x00000000   Number         0  stubs.o ABSOLUTE
    _printf_sizespec                         0x00000000   Number         0  stubs.o ABSOLUTE
    _printf_str                              0x00000000   Number         0  stubs.o ABSOLUTE
    _printf_truncate_signed                  0x00000000   Number         0  stubs.o ABSOLUTE
    _printf_truncate_unsigned                0x00000000   Number         0  stubs.o ABSOLUTE
    _printf_u                                0x00000000   Number         0  stubs.o ABSOLUTE
    _printf_wc                               0x00000000   Number         0  stubs.o ABSOLUTE
    _printf_wctomb                           0x00000000   Number         0  stubs.o ABSOLUTE
    _printf_widthprec                        0x00000000   Number         0  stubs.o ABSOLUTE
    _printf_x                                0x00000000   Number         0  stubs.o ABSOLUTE
    _clock_init                               - Undefined Weak Reference
    __Vectors_Size                           0x00000130   Number         0  startup_stm32f10x_hd.o ABSOLUTE
    __Vectors                                0x08005000   Data           4  startup_stm32f10x_hd.o(RESET)
    __Vectors_End                            0x08005130   Data           0  startup_stm32f10x_hd.o(RESET)
    __main                                   0x08005131   Thumb Code     0  entry.o(.ARM.Collect$$$$00000000)
    _main_stk                                0x08005131   Thumb Code     0  entry2.o(.ARM.Collect$$$$00000001)
    _main_scatterload                        0x08005135   Thumb Code     0  entry5.o(.ARM.Collect$$$$00000004)
    __main_after_scatterload                 0x08005139   Thumb Code     0  entry5.o(.ARM.Collect$$$$00000004)
    _main_clock                              0x08005139   Thumb Code     0  entry7b.o(.ARM.Collect$$$$00000008)
    _main_init                               0x08005139   Thumb Code     0  entry8.o(.ARM.Collect$$$$00000009)
    WFI_SET                                  0x08005145   Thumb Code     2  sys.o(.emb_text)
    Reset_Handler                            0x08005149   Thumb Code     8  startup_stm32f10x_hd.o(.text)
    ADC1_2_IRQHandler                        0x08005163   Thumb Code     0  startup_stm32f10x_hd.o(.text)
    ADC3_IRQHandler                          0x08005163   Thumb Code     0  startup_stm32f10x_hd.o(.text)
    CAN1_RX1_IRQHandler                      0x08005163   Thumb Code     0  startup_stm32f10x_hd.o(.text)
    CAN1_SCE_IRQHandler                      0x08005163   Thumb Code     0  startup_stm32f10x_hd.o(.text)
    DMA1_Channel1_IRQHandler                 0x08005163   Thumb Code     0  startup_stm32f10x_hd.o(.text)
    DMA1_Channel2_IRQHandler                 0x08005163   Thumb Code     0  startup_stm32f10x_hd.o(.text)
    DMA1_Channel3_IRQHandler                 0x08005163   Thumb Code     0  startup_stm32f10x_hd.o(.text)
    DMA1_Channel4_IRQHandler                 0x08005163   Thumb Code     0  startup_stm32f10x_hd.o(.text)
    DMA1_Channel5_IRQHandler                 0x08005163   Thumb Code     0  startup_stm32f10x_hd.o(.text)
    DMA1_Channel6_IRQHandler                 0x08005163   Thumb Code     0  startup_stm32f10x_hd.o(.text)
    DMA1_Channel7_IRQHandler                 0x08005163   Thumb Code     0  startup_stm32f10x_hd.o(.text)
    DMA2_Channel1_IRQHandler                 0x08005163   Thumb Code     0  startup_stm32f10x_hd.o(.text)
    DMA2_Channel2_IRQHandler                 0x08005163   Thumb Code     0  startup_stm32f10x_hd.o(.text)
    DMA2_Channel3_IRQHandler                 0x08005163   Thumb Code     0  startup_stm32f10x_hd.o(.text)
    DMA2_Channel4_5_IRQHandler               0x08005163   Thumb Code     0  startup_stm32f10x_hd.o(.text)
    EXTI0_IRQHandler                         0x08005163   Thumb Code     0  startup_stm32f10x_hd.o(.text)
    EXTI15_10_IRQHandler                     0x08005163   Thumb Code     0  startup_stm32f10x_hd.o(.text)
    EXTI1_IRQHandler                         0x08005163   Thumb Code     0  startup_stm32f10x_hd.o(.text)
    EXTI2_IRQHandler                         0x08005163   Thumb Code     0  startup_stm32f10x_hd.o(.text)
    EXTI3_IRQHandler                         0x08005163   Thumb Code     0  startup_stm32f10x_hd.o(.text)
    EXTI4_IRQHandler                         0x08005163   Thumb Code     0  startup_stm32f10x_hd.o(.text)
    EXTI9_5_IRQHandler                       0x08005163   Thumb Code     0  startup_stm32f10x_hd.o(.text)
    FLASH_IRQHandler                         0x08005163   Thumb Code     0  startup_stm32f10x_hd.o(.text)
    FSMC_IRQHandler                          0x08005163   Thumb Code     0  startup_stm32f10x_hd.o(.text)
    I2C1_ER_IRQHandler                       0x08005163   Thumb Code     0  startup_stm32f10x_hd.o(.text)
    I2C1_EV_IRQHandler                       0x08005163   Thumb Code     0  startup_stm32f10x_hd.o(.text)
    I2C2_ER_IRQHandler                       0x08005163   Thumb Code     0  startup_stm32f10x_hd.o(.text)
    I2C2_EV_IRQHandler                       0x08005163   Thumb Code     0  startup_stm32f10x_hd.o(.text)
    PVD_IRQHandler                           0x08005163   Thumb Code     0  startup_stm32f10x_hd.o(.text)
    RCC_IRQHandler                           0x08005163   Thumb Code     0  startup_stm32f10x_hd.o(.text)
    RTCAlarm_IRQHandler                      0x08005163   Thumb Code     0  startup_stm32f10x_hd.o(.text)
    RTC_IRQHandler                           0x08005163   Thumb Code     0  startup_stm32f10x_hd.o(.text)
    SDIO_IRQHandler                          0x08005163   Thumb Code     0  startup_stm32f10x_hd.o(.text)
    SPI1_IRQHandler                          0x08005163   Thumb Code     0  startup_stm32f10x_hd.o(.text)
    SPI2_IRQHandler                          0x08005163   Thumb Code     0  startup_stm32f10x_hd.o(.text)
    SPI3_IRQHandler                          0x08005163   Thumb Code     0  startup_stm32f10x_hd.o(.text)
    TAMPER_IRQHandler                        0x08005163   Thumb Code     0  startup_stm32f10x_hd.o(.text)
    TIM1_BRK_IRQHandler                      0x08005163   Thumb Code     0  startup_stm32f10x_hd.o(.text)
    TIM1_CC_IRQHandler                       0x08005163   Thumb Code     0  startup_stm32f10x_hd.o(.text)
    TIM1_TRG_COM_IRQHandler                  0x08005163   Thumb Code     0  startup_stm32f10x_hd.o(.text)
    TIM1_UP_IRQHandler                       0x08005163   Thumb Code     0  startup_stm32f10x_hd.o(.text)
    TIM2_IRQHandler                          0x08005163   Thumb Code     0  startup_stm32f10x_hd.o(.text)
    TIM3_IRQHandler                          0x08005163   Thumb Code     0  startup_stm32f10x_hd.o(.text)
    TIM4_IRQHandler                          0x08005163   Thumb Code     0  startup_stm32f10x_hd.o(.text)
    TIM5_IRQHandler                          0x08005163   Thumb Code     0  startup_stm32f10x_hd.o(.text)
    TIM6_IRQHandler                          0x08005163   Thumb Code     0  startup_stm32f10x_hd.o(.text)
    TIM7_IRQHandler                          0x08005163   Thumb Code     0  startup_stm32f10x_hd.o(.text)
    TIM8_BRK_IRQHandler                      0x08005163   Thumb Code     0  startup_stm32f10x_hd.o(.text)
    TIM8_CC_IRQHandler                       0x08005163   Thumb Code     0  startup_stm32f10x_hd.o(.text)
    TIM8_TRG_COM_IRQHandler                  0x08005163   Thumb Code     0  startup_stm32f10x_hd.o(.text)
    TIM8_UP_IRQHandler                       0x08005163   Thumb Code     0  startup_stm32f10x_hd.o(.text)
    UART4_IRQHandler                         0x08005163   Thumb Code     0  startup_stm32f10x_hd.o(.text)
    UART5_IRQHandler                         0x08005163   Thumb Code     0  startup_stm32f10x_hd.o(.text)
    USART3_IRQHandler                        0x08005163   Thumb Code     0  startup_stm32f10x_hd.o(.text)
    USB_HP_CAN1_TX_IRQHandler                0x08005163   Thumb Code     0  startup_stm32f10x_hd.o(.text)
    WWDG_IRQHandler                          0x08005163   Thumb Code     0  startup_stm32f10x_hd.o(.text)
    USB_LP_CAN1_RX0_IRQHandler               0x0800516d   Thumb Code     8  stm32f10x_it.o(.text)
    USBWakeUp_IRQHandler                     0x08005175   Thumb Code    12  stm32f10x_it.o(.text)
    USART2_IRQHandler                        0x08005181   Thumb Code    22  stm32f10x_it.o(.text)
    NMI_Handler                              0x08005197   Thumb Code     2  stm32f10x_it.o(.text)
    HardFault_Handler                        0x08005199   Thumb Code    38  stm32f10x_it.o(.text)
    MemManage_Handler                        0x080051bf   Thumb Code    38  stm32f10x_it.o(.text)
    BusFault_Handler                         0x080051e5   Thumb Code    38  stm32f10x_it.o(.text)
    UsageFault_Handler                       0x0800520b   Thumb Code    38  stm32f10x_it.o(.text)
    SVC_Handler                              0x08005231   Thumb Code     2  stm32f10x_it.o(.text)
    DebugMon_Handler                         0x08005233   Thumb Code     2  stm32f10x_it.o(.text)
    PendSV_Handler                           0x08005235   Thumb Code     2  stm32f10x_it.o(.text)
    SystemInit                               0x0800537d   Thumb Code    76  system_stm32f10x.o(.text)
    SystemCoreClockUpdate                    0x080053c9   Thumb Code   142  system_stm32f10x.o(.text)
    NVIC_PriorityGroupConfig                 0x08005481   Thumb Code    10  misc.o(.text)
    NVIC_Init                                0x0800548b   Thumb Code   102  misc.o(.text)
    NVIC_SetVectorTable                      0x080054f1   Thumb Code    14  misc.o(.text)
    NVIC_SystemLPConfig                      0x080054ff   Thumb Code    34  misc.o(.text)
    SysTick_CLKSourceConfig                  0x08005521   Thumb Code    40  misc.o(.text)
    EXTI_DeInit                              0x0800555d   Thumb Code    28  stm32f10x_exti.o(.text)
    EXTI_Init                                0x08005579   Thumb Code   142  stm32f10x_exti.o(.text)
    EXTI_StructInit                          0x08005607   Thumb Code    16  stm32f10x_exti.o(.text)
    EXTI_GenerateSWInterrupt                 0x08005617   Thumb Code    16  stm32f10x_exti.o(.text)
    EXTI_GetFlagStatus                       0x08005627   Thumb Code    22  stm32f10x_exti.o(.text)
    EXTI_ClearFlag                           0x0800563d   Thumb Code     8  stm32f10x_exti.o(.text)
    EXTI_GetITStatus                         0x08005645   Thumb Code    34  stm32f10x_exti.o(.text)
    EXTI_ClearITPendingBit                   0x08005667   Thumb Code     8  stm32f10x_exti.o(.text)
    GPIO_DeInit                              0x08005679   Thumb Code   172  stm32f10x_gpio.o(.text)
    GPIO_AFIODeInit                          0x08005725   Thumb Code    20  stm32f10x_gpio.o(.text)
    GPIO_Init                                0x08005739   Thumb Code   274  stm32f10x_gpio.o(.text)
    GPIO_StructInit                          0x0800584b   Thumb Code    16  stm32f10x_gpio.o(.text)
    GPIO_ReadInputDataBit                    0x0800585b   Thumb Code    18  stm32f10x_gpio.o(.text)
    GPIO_ReadInputData                       0x0800586d   Thumb Code     8  stm32f10x_gpio.o(.text)
    GPIO_ReadOutputDataBit                   0x08005875   Thumb Code    18  stm32f10x_gpio.o(.text)
    GPIO_ReadOutputData                      0x08005887   Thumb Code     8  stm32f10x_gpio.o(.text)
    GPIO_SetBits                             0x0800588f   Thumb Code     4  stm32f10x_gpio.o(.text)
    GPIO_ResetBits                           0x08005893   Thumb Code     4  stm32f10x_gpio.o(.text)
    GPIO_WriteBit                            0x08005897   Thumb Code    10  stm32f10x_gpio.o(.text)
    GPIO_Write                               0x080058a1   Thumb Code     4  stm32f10x_gpio.o(.text)
    GPIO_PinLockConfig                       0x080058a5   Thumb Code    18  stm32f10x_gpio.o(.text)
    GPIO_EventOutputConfig                   0x080058b7   Thumb Code    26  stm32f10x_gpio.o(.text)
    GPIO_EventOutputCmd                      0x080058d1   Thumb Code     6  stm32f10x_gpio.o(.text)
    GPIO_PinRemapConfig                      0x080058d7   Thumb Code   138  stm32f10x_gpio.o(.text)
    GPIO_EXTILineConfig                      0x08005961   Thumb Code    66  stm32f10x_gpio.o(.text)
    GPIO_ETH_MediaInterfaceConfig            0x080059a3   Thumb Code     6  stm32f10x_gpio.o(.text)
    RCC_DeInit                               0x080059d1   Thumb Code    64  stm32f10x_rcc.o(.text)
    RCC_HSEConfig                            0x08005a11   Thumb Code    70  stm32f10x_rcc.o(.text)
    RCC_GetFlagStatus                        0x08005a57   Thumb Code    56  stm32f10x_rcc.o(.text)
    RCC_WaitForHSEStartUp                    0x08005a8f   Thumb Code    48  stm32f10x_rcc.o(.text)
    RCC_AdjustHSICalibrationValue            0x08005abf   Thumb Code    20  stm32f10x_rcc.o(.text)
    RCC_HSICmd                               0x08005ad3   Thumb Code     6  stm32f10x_rcc.o(.text)
    RCC_PLLConfig                            0x08005ad9   Thumb Code    24  stm32f10x_rcc.o(.text)
    RCC_PLLCmd                               0x08005af1   Thumb Code     6  stm32f10x_rcc.o(.text)
    RCC_SYSCLKConfig                         0x08005af7   Thumb Code    18  stm32f10x_rcc.o(.text)
    RCC_GetSYSCLKSource                      0x08005b09   Thumb Code    10  stm32f10x_rcc.o(.text)
    RCC_HCLKConfig                           0x08005b13   Thumb Code    18  stm32f10x_rcc.o(.text)
    RCC_PCLK1Config                          0x08005b25   Thumb Code    18  stm32f10x_rcc.o(.text)
    RCC_PCLK2Config                          0x08005b37   Thumb Code    20  stm32f10x_rcc.o(.text)
    RCC_ITConfig                             0x08005b4b   Thumb Code    26  stm32f10x_rcc.o(.text)
    RCC_USBCLKConfig                         0x08005b65   Thumb Code     6  stm32f10x_rcc.o(.text)
    RCC_ADCCLKConfig                         0x08005b6b   Thumb Code    18  stm32f10x_rcc.o(.text)
    RCC_LSEConfig                            0x08005b7d   Thumb Code    44  stm32f10x_rcc.o(.text)
    RCC_LSICmd                               0x08005ba9   Thumb Code     6  stm32f10x_rcc.o(.text)
    RCC_RTCCLKConfig                         0x08005baf   Thumb Code    12  stm32f10x_rcc.o(.text)
    RCC_RTCCLKCmd                            0x08005bbb   Thumb Code     8  stm32f10x_rcc.o(.text)
    RCC_GetClocksFreq                        0x08005bc3   Thumb Code   192  stm32f10x_rcc.o(.text)
    RCC_AHBPeriphClockCmd                    0x08005c83   Thumb Code    26  stm32f10x_rcc.o(.text)
    RCC_APB2PeriphClockCmd                   0x08005c9d   Thumb Code    26  stm32f10x_rcc.o(.text)
    RCC_APB1PeriphClockCmd                   0x08005cb7   Thumb Code    26  stm32f10x_rcc.o(.text)
    RCC_APB2PeriphResetCmd                   0x08005cd1   Thumb Code    26  stm32f10x_rcc.o(.text)
    RCC_APB1PeriphResetCmd                   0x08005ceb   Thumb Code    26  stm32f10x_rcc.o(.text)
    RCC_BackupResetCmd                       0x08005d05   Thumb Code     8  stm32f10x_rcc.o(.text)
    RCC_ClockSecuritySystemCmd               0x08005d0d   Thumb Code     6  stm32f10x_rcc.o(.text)
    RCC_MCOConfig                            0x08005d13   Thumb Code     6  stm32f10x_rcc.o(.text)
    RCC_ClearFlag                            0x08005d19   Thumb Code    14  stm32f10x_rcc.o(.text)
    RCC_GetITStatus                          0x08005d27   Thumb Code    20  stm32f10x_rcc.o(.text)
    RCC_ClearITPendingBit                    0x08005d3b   Thumb Code     6  stm32f10x_rcc.o(.text)
    USART_DeInit                             0x08005d6d   Thumb Code   134  stm32f10x_usart.o(.text)
    USART_Init                               0x08005df3   Thumb Code   210  stm32f10x_usart.o(.text)
    USART_StructInit                         0x08005ec5   Thumb Code    24  stm32f10x_usart.o(.text)
    USART_ClockInit                          0x08005edd   Thumb Code    34  stm32f10x_usart.o(.text)
    USART_ClockStructInit                    0x08005eff   Thumb Code    12  stm32f10x_usart.o(.text)
    USART_Cmd                                0x08005f0b   Thumb Code    24  stm32f10x_usart.o(.text)
    USART_ITConfig                           0x08005f23   Thumb Code    74  stm32f10x_usart.o(.text)
    USART_DMACmd                             0x08005f6d   Thumb Code    18  stm32f10x_usart.o(.text)
    USART_SetAddress                         0x08005f7f   Thumb Code    18  stm32f10x_usart.o(.text)
    USART_WakeUpConfig                       0x08005f91   Thumb Code    18  stm32f10x_usart.o(.text)
    USART_ReceiverWakeUpCmd                  0x08005fa3   Thumb Code    24  stm32f10x_usart.o(.text)
    USART_LINBreakDetectLengthConfig         0x08005fbb   Thumb Code    18  stm32f10x_usart.o(.text)
    USART_LINCmd                             0x08005fcd   Thumb Code    24  stm32f10x_usart.o(.text)
    USART_SendData                           0x08005fe5   Thumb Code     8  stm32f10x_usart.o(.text)
    USART_ReceiveData                        0x08005fed   Thumb Code    10  stm32f10x_usart.o(.text)
    USART_SendBreak                          0x08005ff7   Thumb Code    10  stm32f10x_usart.o(.text)
    USART_SetGuardTime                       0x08006001   Thumb Code    16  stm32f10x_usart.o(.text)
    USART_SetPrescaler                       0x08006011   Thumb Code    16  stm32f10x_usart.o(.text)
    USART_SmartCardCmd                       0x08006021   Thumb Code    24  stm32f10x_usart.o(.text)
    USART_SmartCardNACKCmd                   0x08006039   Thumb Code    24  stm32f10x_usart.o(.text)
    USART_HalfDuplexCmd                      0x08006051   Thumb Code    24  stm32f10x_usart.o(.text)
    USART_OverSampling8Cmd                   0x08006069   Thumb Code    22  stm32f10x_usart.o(.text)
    USART_OneBitMethodCmd                    0x0800607f   Thumb Code    24  stm32f10x_usart.o(.text)
    USART_IrDAConfig                         0x08006097   Thumb Code    18  stm32f10x_usart.o(.text)
    USART_IrDACmd                            0x080060a9   Thumb Code    24  stm32f10x_usart.o(.text)
    USART_GetFlagStatus                      0x080060c1   Thumb Code    26  stm32f10x_usart.o(.text)
    USART_ClearFlag                          0x080060db   Thumb Code    18  stm32f10x_usart.o(.text)
    USART_GetITStatus                        0x080060ed   Thumb Code    84  stm32f10x_usart.o(.text)
    USART_ClearITPendingBit                  0x08006141   Thumb Code    52  stm32f10x_usart.o(.text)
    SPI_I2S_DeInit                           0x08006175   Thumb Code    76  stm32f10x_spi.o(.text)
    SPI_Init                                 0x080061c1   Thumb Code    60  stm32f10x_spi.o(.text)
    I2S_Init                                 0x080061fd   Thumb Code   226  stm32f10x_spi.o(.text)
    SPI_StructInit                           0x080062df   Thumb Code    24  stm32f10x_spi.o(.text)
    I2S_StructInit                           0x080062f7   Thumb Code    20  stm32f10x_spi.o(.text)
    SPI_Cmd                                  0x0800630b   Thumb Code    24  stm32f10x_spi.o(.text)
    I2S_Cmd                                  0x08006323   Thumb Code    24  stm32f10x_spi.o(.text)
    SPI_I2S_ITConfig                         0x0800633b   Thumb Code    32  stm32f10x_spi.o(.text)
    SPI_I2S_DMACmd                           0x0800635b   Thumb Code    18  stm32f10x_spi.o(.text)
    SPI_I2S_SendData                         0x0800636d   Thumb Code     4  stm32f10x_spi.o(.text)
    SPI_I2S_ReceiveData                      0x08006371   Thumb Code     6  stm32f10x_spi.o(.text)
    SPI_NSSInternalSoftwareConfig            0x08006377   Thumb Code    30  stm32f10x_spi.o(.text)
    SPI_SSOutputCmd                          0x08006395   Thumb Code    24  stm32f10x_spi.o(.text)
    SPI_DataSizeConfig                       0x080063ad   Thumb Code    18  stm32f10x_spi.o(.text)
    SPI_TransmitCRC                          0x080063bf   Thumb Code    10  stm32f10x_spi.o(.text)
    SPI_CalculateCRC                         0x080063c9   Thumb Code    24  stm32f10x_spi.o(.text)
    SPI_GetCRC                               0x080063e1   Thumb Code    16  stm32f10x_spi.o(.text)
    SPI_GetCRCPolynomial                     0x080063f1   Thumb Code     6  stm32f10x_spi.o(.text)
    SPI_BiDirectionalLineConfig              0x080063f7   Thumb Code    28  stm32f10x_spi.o(.text)
    SPI_I2S_GetFlagStatus                    0x08006413   Thumb Code    18  stm32f10x_spi.o(.text)
    SPI_I2S_ClearFlag                        0x08006425   Thumb Code     6  stm32f10x_spi.o(.text)
    SPI_I2S_GetITStatus                      0x0800642b   Thumb Code    52  stm32f10x_spi.o(.text)
    SPI_I2S_ClearITPendingBit                0x0800645f   Thumb Code    20  stm32f10x_spi.o(.text)
    STM32_Flash_Capacity                     0x08006481   Thumb Code   154  sys.o(.text)
    STM32_CPUID                              0x0800651b   Thumb Code    20  sys.o(.text)
    MY_NVIC_SetVectorTable                   0x0800652f   Thumb Code    14  sys.o(.text)
    MY_NVIC_PriorityGroup_Config             0x0800653d   Thumb Code    12  sys.o(.text)
    MY_NVIC_Init                             0x08006549   Thumb Code    42  sys.o(.text)
    MY_RCC_DeInit                            0x08006573   Thumb Code    78  sys.o(.text)
    SYS_Standby                              0x080065c1   Thumb Code    68  sys.o(.text)
    SYS_SoftReset                            0x08006605   Thumb Code    10  sys.o(.text)
    STM_JTAG_Set                             0x0800660f   Thumb Code    36  sys.o(.text)
    STM_Clock_Init                           0x08006633   Thumb Code   130  sys.o(.text)
    BCD_to_HEX                               0x080066b5   Thumb Code    26  sys.o(.text)
    HEX_to_BCD                               0x080066cf   Thumb Code    20  sys.o(.text)
    DX_to_HX                                 0x080066e3   Thumb Code    70  sys.o(.text)
    HX_to_DX                                 0x08006729   Thumb Code    48  sys.o(.text)
    _sys_exit                                0x0800678d   Thumb Code     2  usart.o(.text)
    fputc                                    0x0800678f   Thumb Code    22  usart.o(.text)
    USARTx_Init                              0x080067a5   Thumb Code   170  usart.o(.text)
    USART1_IRQHandler                        0x0800684f   Thumb Code   178  usart.o(.text)
    time_init                                0x08006911   Thumb Code   162  time.o(.text)
    SysTick_Handler                          0x080069b3   Thumb Code    16  time.o(.text)
    time_nowUs                               0x080069c3   Thumb Code    42  time.o(.text)
    time_nowMs                               0x080069ed   Thumb Code    30  time.o(.text)
    time_waitUs                              0x08006a0b   Thumb Code    36  time.o(.text)
    time_waitMs                              0x08006a2f   Thumb Code    18  time.o(.text)
    Standard_GetConfiguration                0x08006a59   Thumb Code    34  usb_core.o(.text)
    Standard_SetConfiguration                0x08006a7b   Thumb Code    60  usb_core.o(.text)
    Standard_GetInterface                    0x08006ab7   Thumb Code    34  usb_core.o(.text)
    Standard_SetInterface                    0x08006ad9   Thumb Code    96  usb_core.o(.text)
    Standard_GetStatus                       0x08006b39   Thumb Code   230  usb_core.o(.text)
    Standard_ClearFeature                    0x08006c1f   Thumb Code   308  usb_core.o(.text)
    Standard_SetEndPointFeature              0x08006d53   Thumb Code   168  usb_core.o(.text)
    Standard_SetDeviceFeature                0x08006dfb   Thumb Code    30  usb_core.o(.text)
    Standard_GetDescriptorData               0x08006e19   Thumb Code    32  usb_core.o(.text)
    Post0_Process                            0x08007359   Thumb Code    54  usb_core.o(.text)
    Setup0_Process                           0x0800738f   Thumb Code   170  usb_core.o(.text)
    SetDeviceAddress                         0x08007439   Thumb Code    66  usb_core.o(.text)
    In0_Process                              0x0800747b   Thumb Code    98  usb_core.o(.text)
    Out0_Process                             0x080074dd   Thumb Code    70  usb_core.o(.text)
    NOP_Process                              0x08007523   Thumb Code     2  usb_core.o(.text)
    USB_Init                                 0x0800754d   Thumb Code    36  usb_init.o(.text)
    CTR_LP                                   0x08007589   Thumb Code   566  usb_int.o(.text)
    CTR_HP                                   0x080077bf   Thumb Code   156  usb_int.o(.text)
    UserToPMABufferCopy                      0x08007879   Thumb Code    52  usb_mem.o(.text)
    PMAToUserBufferCopy                      0x080078ad   Thumb Code    34  usb_mem.o(.text)
    SetCNTR                                  0x080078d5   Thumb Code     6  usb_regs.o(.text)
    GetCNTR                                  0x080078db   Thumb Code     8  usb_regs.o(.text)
    SetISTR                                  0x080078e3   Thumb Code     8  usb_regs.o(.text)
    GetISTR                                  0x080078eb   Thumb Code    10  usb_regs.o(.text)
    GetFNR                                   0x080078f5   Thumb Code    10  usb_regs.o(.text)
    SetDADDR                                 0x080078ff   Thumb Code     8  usb_regs.o(.text)
    GetDADDR                                 0x08007907   Thumb Code    10  usb_regs.o(.text)
    SetBTABLE                                0x08007911   Thumb Code    14  usb_regs.o(.text)
    GetBTABLE                                0x0800791f   Thumb Code    10  usb_regs.o(.text)
    SetENDPOINT                              0x08007929   Thumb Code    10  usb_regs.o(.text)
    GetENDPOINT                              0x08007933   Thumb Code    14  usb_regs.o(.text)
    SetEPType                                0x08007941   Thumb Code    26  usb_regs.o(.text)
    GetEPType                                0x0800795b   Thumb Code    16  usb_regs.o(.text)
    SetEPTxStatus                            0x0800796b   Thumb Code    56  usb_regs.o(.text)
    SetEPRxStatus                            0x080079a3   Thumb Code    56  usb_regs.o(.text)
    SetDouBleBuffEPStall                     0x080079db   Thumb Code    50  usb_regs.o(.text)
    GetEPTxStatus                            0x08007a0d   Thumb Code    16  usb_regs.o(.text)
    GetEPRxStatus                            0x08007a1d   Thumb Code    16  usb_regs.o(.text)
    SetEPTxValid                             0x08007a2d   Thumb Code    42  usb_regs.o(.text)
    SetEPRxValid                             0x08007a57   Thumb Code    42  usb_regs.o(.text)
    SetEP_KIND                               0x08007a81   Thumb Code    34  usb_regs.o(.text)
    ClearEP_KIND                             0x08007aa3   Thumb Code    30  usb_regs.o(.text)
    Clear_Status_Out                         0x08007ac1   Thumb Code    30  usb_regs.o(.text)
    Set_Status_Out                           0x08007adf   Thumb Code    34  usb_regs.o(.text)
    SetEPDoubleBuff                          0x08007b01   Thumb Code    34  usb_regs.o(.text)
    ClearEPDoubleBuff                        0x08007b23   Thumb Code    30  usb_regs.o(.text)
    GetTxStallStatus                         0x08007b41   Thumb Code    26  usb_regs.o(.text)
    GetRxStallStatus                         0x08007b5b   Thumb Code    28  usb_regs.o(.text)
    ClearEP_CTR_RX                           0x08007b77   Thumb Code    28  usb_regs.o(.text)
    ClearEP_CTR_TX                           0x08007b93   Thumb Code    24  usb_regs.o(.text)
    ToggleDTOG_RX                            0x08007bab   Thumb Code    30  usb_regs.o(.text)
    ToggleDTOG_TX                            0x08007bc9   Thumb Code    30  usb_regs.o(.text)
    ClearDTOG_RX                             0x08007be7   Thumb Code    44  usb_regs.o(.text)
    ClearDTOG_TX                             0x08007c13   Thumb Code    44  usb_regs.o(.text)
    SetEPAddress                             0x08007c3f   Thumb Code    32  usb_regs.o(.text)
    GetEPAddress                             0x08007c5f   Thumb Code    16  usb_regs.o(.text)
    SetEPTxAddr                              0x08007c6f   Thumb Code    26  usb_regs.o(.text)
    SetEPRxAddr                              0x08007c89   Thumb Code    28  usb_regs.o(.text)
    GetEPTxAddr                              0x08007ca5   Thumb Code    32  usb_regs.o(.text)
    GetEPRxAddr                              0x08007cc5   Thumb Code    24  usb_regs.o(.text)
    SetEPTxCount                             0x08007cdd   Thumb Code    20  usb_regs.o(.text)
    SetEPCountRxReg                          0x08007cf1   Thumb Code    48  usb_regs.o(.text)
    SetEPRxCount                             0x08007d21   Thumb Code    68  usb_regs.o(.text)
    GetEPTxCount                             0x08007d65   Thumb Code    26  usb_regs.o(.text)
    GetEPRxCount                             0x08007d7f   Thumb Code    26  usb_regs.o(.text)
    SetEPDblBuffAddr                         0x08007d99   Thumb Code    44  usb_regs.o(.text)
    SetEPDblBuf0Addr                         0x08007dc5   Thumb Code    24  usb_regs.o(.text)
    SetEPDblBuf1Addr                         0x08007ddd   Thumb Code    26  usb_regs.o(.text)
    GetEPDblBuf0Addr                         0x08007df7   Thumb Code    22  usb_regs.o(.text)
    GetEPDblBuf1Addr                         0x08007e0d   Thumb Code    24  usb_regs.o(.text)
    SetEPDblBuffCount                        0x08007e25   Thumb Code   186  usb_regs.o(.text)
    SetEPDblBuf0Count                        0x08007edf   Thumb Code    96  usb_regs.o(.text)
    SetEPDblBuf1Count                        0x08007f3f   Thumb Code    96  usb_regs.o(.text)
    GetEPDblBuf0Count                        0x08007f9f   Thumb Code    26  usb_regs.o(.text)
    GetEPDblBuf1Count                        0x08007fb9   Thumb Code    26  usb_regs.o(.text)
    GetEPDblBufDir                           0x08007fd3   Thumb Code    62  usb_regs.o(.text)
    FreeUserBuffer                           0x08008011   Thumb Code    68  usb_regs.o(.text)
    ToWord                                   0x08008055   Thumb Code     8  usb_regs.o(.text)
    ByteSwap                                 0x0800805d   Thumb Code    12  usb_regs.o(.text)
    USB_SIL_Init                             0x08008071   Thumb Code    28  usb_sil.o(.text)
    USB_SIL_Write                            0x0800808d   Thumb Code    46  usb_sil.o(.text)
    USB_SIL_Read                             0x080080bb   Thumb Code    46  usb_sil.o(.text)
    USB_USARTn_GPIOInit                      0x080080f1   Thumb Code    72  hw_config.o(.text)
    Set_USBClock                             0x08008139   Thumb Code    18  hw_config.o(.text)
    Enter_LowPowerMode                       0x0800814b   Thumb Code     8  hw_config.o(.text)
    Leave_LowPowerMode                       0x08008153   Thumb Code    28  hw_config.o(.text)
    USB_Interrupts_Config                    0x0800816f   Thumb Code   108  hw_config.o(.text)
    USB_Cable_Config                         0x080081db   Thumb Code    16  hw_config.o(.text)
    USART_Config_Default                     0x080081eb   Thumb Code    70  hw_config.o(.text)
    USART_Config                             0x08008231   Thumb Code   226  hw_config.o(.text)
    USB_To_USART_Send_Data                   0x08008313   Thumb Code    56  hw_config.o(.text)
    Handle_USBAsynchXfer                     0x0800834b   Thumb Code   192  hw_config.o(.text)
    USART_To_USB_Send_Data                   0x0800840b   Thumb Code    94  hw_config.o(.text)
    Get_SerialNum                            0x080084a7   Thumb Code   110  hw_config.o(.text)
    EP1_IN_Callback                          0x08008515   Thumb Code   122  usb_endp.o(.text)
    EP3_OUT_Callback                         0x0800858f   Thumb Code    48  usb_endp.o(.text)
    SOF_Callback                             0x080085bf   Thumb Code    38  usb_endp.o(.text)
    USB_Istr                                 0x08008601   Thumb Code   414  usb_istr.o(.text)
    Virtual_Com_Port_init                    0x080087c1   Thumb Code    34  usb_prop.o(.text)
    Virtual_Com_Port_Reset                   0x080087e3   Thumb Code   216  usb_prop.o(.text)
    Virtual_Com_Port_SetConfiguration        0x080088bb   Thumb Code    14  usb_prop.o(.text)
    Virtual_Com_Port_SetDeviceAddress        0x080088c9   Thumb Code     8  usb_prop.o(.text)
    Virtual_Com_Port_Status_In               0x080088d1   Thumb Code    22  usb_prop.o(.text)
    Virtual_Com_Port_Status_Out              0x080088e7   Thumb Code     2  usb_prop.o(.text)
    Virtual_Com_Port_SetLineCoding           0x080088e9   Thumb Code    20  usb_prop.o(.text)
    Virtual_Com_Port_GetLineCoding           0x080088fd   Thumb Code    20  usb_prop.o(.text)
    Virtual_Com_Port_Data_Setup              0x08008911   Thumb Code    86  usb_prop.o(.text)
    Virtual_Com_Port_NoData_Setup            0x08008967   Thumb Code    36  usb_prop.o(.text)
    Virtual_Com_Port_GetDeviceDescriptor     0x0800898b   Thumb Code    14  usb_prop.o(.text)
    Virtual_Com_Port_GetConfigDescriptor     0x08008999   Thumb Code    14  usb_prop.o(.text)
    Virtual_Com_Port_GetStringDescriptor     0x080089a7   Thumb Code    32  usb_prop.o(.text)
    Virtual_Com_Port_Get_Interface_Setting   0x080089c7   Thumb Code    22  usb_prop.o(.text)
    PowerOn                                  0x08008a05   Thumb Code    54  usb_pwr.o(.text)
    PowerOff                                 0x08008a3b   Thumb Code    28  usb_pwr.o(.text)
    Suspend                                  0x08008a57   Thumb Code   226  usb_pwr.o(.text)
    Resume_Init                              0x08008b39   Thumb Code    30  usb_pwr.o(.text)
    Resume                                   0x08008b57   Thumb Code   194  usb_pwr.o(.text)
    USB_Port_Set                             0x08008c35   Thumb Code    74  main.o(.text)
    main                                     0x08008c7f   Thumb Code   170  main.o(.text)
    rf_init                                  0x08008ddf   Thumb Code   168  rf.o(.text)
    rf_transmit                              0x08008eaf   Thumb Code    60  rf.o(.text)
    rf_startReceive                          0x08008eeb   Thumb Code    20  rf.o(.text)
    rf_stopReceive                           0x08008eff   Thumb Code     8  rf.o(.text)
    rf_checkEvent                            0x08008f89   Thumb Code   164  rf.o(.text)
    rf_hal_init                              0x0800903d   Thumb Code   228  rf_hal.o(.text)
    rf_hal_ceHigh                            0x08009121   Thumb Code    14  rf_hal.o(.text)
    rf_hal_ceLow                             0x0800912f   Thumb Code    14  rf_hal.o(.text)
    rf_hal_irqIsHigh                         0x0800913d   Thumb Code    14  rf_hal.o(.text)
    rf_hal_spiBegin                          0x0800914b   Thumb Code    14  rf_hal.o(.text)
    rf_hal_spiEnd                            0x08009159   Thumb Code    14  rf_hal.o(.text)
    rf_hal_spiSwap                           0x08009167   Thumb Code    50  rf_hal.o(.text)
    LED_Init                                 0x080091a5   Thumb Code    60  led.o(.text)
    uart2_init                               0x080091e5   Thumb Code    14  uart2.o(.text)
    uart2_transmit                           0x080091f3   Thumb Code    52  uart2.o(.text)
    uart2_receiveValidBufferSize             0x08009227   Thumb Code    40  uart2.o(.text)
    uart2_receivePushToBuffer                0x0800924f   Thumb Code    46  uart2.o(.text)
    uart2_readReceiveBuffer                  0x0800927d   Thumb Code    68  uart2.o(.text)
    __aeabi_memset                           0x080092cd   Thumb Code    14  memseta.o(.text)
    __aeabi_memset4                          0x080092cd   Thumb Code     0  memseta.o(.text)
    __aeabi_memset8                          0x080092cd   Thumb Code     0  memseta.o(.text)
    __aeabi_memclr                           0x080092db   Thumb Code     4  memseta.o(.text)
    __aeabi_memclr4                          0x080092db   Thumb Code     0  memseta.o(.text)
    __aeabi_memclr8                          0x080092db   Thumb Code     0  memseta.o(.text)
    _memset$wrapper                          0x080092df   Thumb Code    18  memseta.o(.text)
    __aeabi_dadd                             0x080092f1   Thumb Code   322  dadd.o(.text)
    __aeabi_dsub                             0x08009433   Thumb Code     6  dadd.o(.text)
    __aeabi_drsub                            0x08009439   Thumb Code     6  dadd.o(.text)
    __aeabi_dmul                             0x0800943f   Thumb Code   228  dmul.o(.text)
    __aeabi_ddiv                             0x08009523   Thumb Code   222  ddiv.o(.text)
    __aeabi_ui2d                             0x08009601   Thumb Code    26  dfltui.o(.text)
    __aeabi_d2iz                             0x0800961b   Thumb Code    62  dfixi.o(.text)
    __aeabi_d2uiz                            0x08009659   Thumb Code    50  dfixui.o(.text)
    __aeabi_uldivmod                         0x0800968b   Thumb Code    98  uldiv.o(.text)
    __aeabi_llsl                             0x080096ed   Thumb Code    30  llshl.o(.text)
    _ll_shift_l                              0x080096ed   Thumb Code     0  llshl.o(.text)
    __aeabi_llsr                             0x0800970b   Thumb Code    32  llushr.o(.text)
    _ll_ushift_r                             0x0800970b   Thumb Code     0  llushr.o(.text)
    __aeabi_lasr                             0x0800972b   Thumb Code    36  llsshr.o(.text)
    _ll_sshift_r                             0x0800972b   Thumb Code     0  llsshr.o(.text)
    __I$use$fp                               0x0800974f   Thumb Code     0  iusefp.o(.text)
    _double_round                            0x0800974f   Thumb Code    26  depilogue.o(.text)
    _double_epilogue                         0x08009769   Thumb Code   164  depilogue.o(.text)
    __scatterload                            0x0800980d   Thumb Code    28  init.o(.text)
    __scatterload_rt2                        0x0800980d   Thumb Code     0  init.o(.text)
    __decompress                             0x08009831   Thumb Code     0  __dczerorl2.o(.text)
    __decompress1                            0x08009831   Thumb Code    92  __dczerorl2.o(.text)
    __0printf$8                              0x0800988d   Thumb Code    22  printf8.o(i.__0printf$8)
    __1printf$8                              0x0800988d   Thumb Code     0  printf8.o(i.__0printf$8)
    __2printf                                0x0800988d   Thumb Code     0  printf8.o(i.__0printf$8)
    __0sprintf$8                             0x080098ad   Thumb Code    34  printf8.o(i.__0sprintf$8)
    __1sprintf$8                             0x080098ad   Thumb Code     0  printf8.o(i.__0sprintf$8)
    __2sprintf                               0x080098ad   Thumb Code     0  printf8.o(i.__0sprintf$8)
    __scatterload_copy                       0x080098d5   Thumb Code    14  handlers.o(i.__scatterload_copy)
    __scatterload_null                       0x080098e3   Thumb Code     2  handlers.o(i.__scatterload_null)
    __scatterload_zeroinit                   0x080098e5   Thumb Code    14  handlers.o(i.__scatterload_zeroinit)
    Virtual_Com_Port_DeviceDescriptor        0x08009d64   Data          18  usb_desc.o(.constdata)
    Virtual_Com_Port_ConfigDescriptor        0x08009d76   Data          67  usb_desc.o(.constdata)
    Virtual_Com_Port_StringLangID            0x08009db9   Data           4  usb_desc.o(.constdata)
    Virtual_Com_Port_StringVendor            0x08009dbd   Data          38  usb_desc.o(.constdata)
    Virtual_Com_Port_StringProduct           0x08009de3   Data          50  usb_desc.o(.constdata)
    Region$$Table$$Base                      0x08009e28   Number         0  anon$$obj.o(Region$$Table)
    Region$$Table$$Limit                     0x08009e48   Number         0  anon$$obj.o(Region$$Table)
    SystemCoreClock                          0x20000000   Data           4  system_stm32f10x.o(.data)
    AHBPrescTable                            0x20000004   Data          16  system_stm32f10x.o(.data)
    USART_RX_STA                             0x20000028   Data           2  usart.o(.data)
    __stdout                                 0x2000002c   Data           4  usart.o(.data)
    Data_Mul_MaxPacketSize                   0x20000030   Data           1  usb_core.o(.data)
    StatusInfo                               0x20000032   Data           2  usb_core.o(.data)
    EPindex                                  0x20000034   Data           1  usb_init.o(.data)
    pInformation                             0x20000038   Data           4  usb_init.o(.data)
    pProperty                                0x2000003c   Data           4  usb_init.o(.data)
    SaveState                                0x20000040   Data           2  usb_init.o(.data)
    wInterrupt_Mask                          0x20000042   Data           2  usb_init.o(.data)
    pUser_Standard_Requests                  0x20000044   Data           4  usb_init.o(.data)
    SaveRState                               0x20000048   Data           2  usb_int.o(.data)
    SaveTState                               0x2000004a   Data           2  usb_int.o(.data)
    USB_COMPort_STA                          0x2000004c   Data           1  hw_config.o(.data)
    USART_Rx_ptr_in                          0x20000050   Data           4  hw_config.o(.data)
    USART_Rx_ptr_out                         0x20000054   Data           4  hw_config.o(.data)
    USART_Rx_length                          0x20000058   Data           4  hw_config.o(.data)
    USB_Tx_State                             0x2000005c   Data           1  hw_config.o(.data)
    USB_USART_n                              0x20000060   Data           4  hw_config.o(.data)
    HSEStartUpStatus                         0x20000064   Data           1  hw_config.o(.data)
    EXTI_InitStructure                       0x20000068   Data           8  hw_config.o(.data)
    Virtual_Com_Port_StringSerial            0x20000070   Data          26  usb_desc.o(.data)
    bIntPackSOF                              0x20000090   Data           1  usb_istr.o(.data)
    esof_counter                             0x20000094   Data           4  usb_istr.o(.data)
    wCNTR                                    0x20000098   Data           4  usb_istr.o(.data)
    pEpInt_IN                                0x2000009c   Data          28  usb_istr.o(.data)
    pEpInt_OUT                               0x200000b8   Data          28  usb_istr.o(.data)
    wIstr                                    0x200000d4   Data           2  usb_istr.o(.data)
    Request                                  0x200000d8   Data           1  usb_prop.o(.data)
    linecoding                               0x200000dc   Data           8  usb_prop.o(.data)
    Device_Table                             0x200000e4   Data           2  usb_prop.o(.data)
    Device_Property                          0x200000e8   Data          48  usb_prop.o(.data)
    User_Standard_Requests                   0x20000118   Data          36  usb_prop.o(.data)
    Device_Descriptor                        0x2000013c   Data           8  usb_prop.o(.data)
    Config_Descriptor                        0x20000144   Data           8  usb_prop.o(.data)
    String_Descriptor                        0x2000014c   Data          32  usb_prop.o(.data)
    bDeviceState                             0x2000016c   Data           4  usb_pwr.o(.data)
    fSuspendEnabled                          0x20000170   Data           1  usb_pwr.o(.data)
    remotewakeupon                           0x20000174   Data           4  usb_pwr.o(.data)
    ResumeS                                  0x20000178   Data           2  usb_pwr.o(.data)
    USART_RX_BUF                             0x20000180   Data          63  usart.o(.bss)
    Device_Info                              0x200001d0   Data          28  usb_init.o(.bss)
    USART_InitStructure                      0x200001ec   Data          16  hw_config.o(.bss)
    USART_Rx_Buffer                          0x200001fc   Data        2048  hw_config.o(.bss)
    USB_Rx_Buffer                            0x200009fc   Data          64  usb_endp.o(.bss)
    EP                                       0x20000a3c   Data          32  usb_pwr.o(.bss)
    __initial_sp                             0x20001070   Data           0  startup_stm32f10x_hd.o(STACK)



==============================================================================

Memory Map of the image

  Image Entry point : 0x08005131

  Load Region LR_IROM1 (Base: 0x08005000, Size: 0x00004fc8, Max: 0x00010000, ABSOLUTE, COMPRESSED[0x00004ed4])

    Execution Region ER_IROM1 (Base: 0x08005000, Size: 0x00004e48, Max: 0x00010000, ABSOLUTE)

    Base Addr    Size         Type   Attr      Idx    E Section Name        Object

    0x08005000   0x00000130   Data   RO           19    RESET               startup_stm32f10x_hd.o
    0x08005130   0x00000000   Code   RO          651  * .ARM.Collect$$$$00000000  mc_w.l(entry.o)
    0x08005130   0x00000004   Code   RO          929    .ARM.Collect$$$$00000001  mc_w.l(entry2.o)
    0x08005134   0x00000004   Code   RO          932    .ARM.Collect$$$$00000004  mc_w.l(entry5.o)
    0x08005138   0x00000000   Code   RO          934    .ARM.Collect$$$$00000008  mc_w.l(entry7b.o)
    0x08005138   0x00000008   Code   RO          935    .ARM.Collect$$$$00000009  mc_w.l(entry8.o)
    0x08005140   0x00000004   Code   RO          930    .ARM.Collect$$$$00002712  mc_w.l(entry2.o)
    0x08005144   0x00000002   Code   RO          291    .emb_text           sys.o
    0x08005146   0x00000002   PAD
    0x08005148   0x00000024   Code   RO           20    .text               startup_stm32f10x_hd.o
    0x0800516c   0x00000148   Code   RO           24    .text               stm32f10x_it.o
    0x080052b4   0x000001cc   Code   RO          184    .text               system_stm32f10x.o
    0x08005480   0x000000dc   Code   RO          202    .text               misc.o
    0x0800555c   0x0000011c   Code   RO          214    .text               stm32f10x_exti.o
    0x08005678   0x00000358   Code   RO          238    .text               stm32f10x_gpio.o
    0x080059d0   0x0000039c   Code   RO          250    .text               stm32f10x_rcc.o
    0x08005d6c   0x00000408   Code   RO          264    .text               stm32f10x_usart.o
    0x08006174   0x0000030c   Code   RO          276    .text               stm32f10x_spi.o
    0x08006480   0x0000030c   Code   RO          292    .text               sys.o
    0x0800678c   0x00000184   Code   RO          307    .text               usart.o
    0x08006910   0x00000148   Code   RO          333    .text               time.o
    0x08006a58   0x00000af4   Code   RO          351    .text               usb_core.o
    0x0800754c   0x0000003c   Code   RO          366    .text               usb_init.o
    0x08007588   0x000002f0   Code   RO          389    .text               usb_int.o
    0x08007878   0x0000005c   Code   RO          413    .text               usb_mem.o
    0x080078d4   0x0000079c   Code   RO          425    .text               usb_regs.o
    0x08008070   0x00000080   Code   RO          437    .text               usb_sil.o
    0x080080f0   0x00000424   Code   RO          449    .text               hw_config.o
    0x08008514   0x000000ec   Code   RO          493    .text               usb_endp.o
    0x08008600   0x000001c0   Code   RO          513    .text               usb_istr.o
    0x080087c0   0x00000244   Code   RO          531    .text               usb_prop.o
    0x08008a04   0x00000230   Code   RO          554    .text               usb_pwr.o
    0x08008c34   0x00000144   Code   RO          573    .text               main.o
    0x08008d78   0x000002c4   Code   RO          596    .text               rf.o
    0x0800903c   0x00000168   Code   RO          612    .text               rf_hal.o
    0x080091a4   0x00000040   Code   RO          624    .text               led.o
    0x080091e4   0x000000e8   Code   RO          636    .text               uart2.o
    0x080092cc   0x00000024   Code   RO          654    .text               mc_w.l(memseta.o)
    0x080092f0   0x0000014e   Code   RO          917    .text               mf_w.l(dadd.o)
    0x0800943e   0x000000e4   Code   RO          919    .text               mf_w.l(dmul.o)
    0x08009522   0x000000de   Code   RO          921    .text               mf_w.l(ddiv.o)
    0x08009600   0x0000001a   Code   RO          923    .text               mf_w.l(dfltui.o)
    0x0800961a   0x0000003e   Code   RO          925    .text               mf_w.l(dfixi.o)
    0x08009658   0x00000032   Code   RO          927    .text               mf_w.l(dfixui.o)
    0x0800968a   0x00000062   Code   RO          938    .text               mc_w.l(uldiv.o)
    0x080096ec   0x0000001e   Code   RO          940    .text               mc_w.l(llshl.o)
    0x0800970a   0x00000020   Code   RO          942    .text               mc_w.l(llushr.o)
    0x0800972a   0x00000024   Code   RO          944    .text               mc_w.l(llsshr.o)
    0x0800974e   0x00000000   Code   RO          946    .text               mc_w.l(iusefp.o)
    0x0800974e   0x000000be   Code   RO          947    .text               mf_w.l(depilogue.o)
    0x0800980c   0x00000024   Code   RO          953    .text               mc_w.l(init.o)
    0x08009830   0x0000005c   Code   RO          963    .text               mc_w.l(__dczerorl2.o)
    0x0800988c   0x00000020   Code   RO          863    i.__0printf$8       mc_w.l(printf8.o)
    0x080098ac   0x00000028   Code   RO          865    i.__0sprintf$8      mc_w.l(printf8.o)
    0x080098d4   0x0000000e   Code   RO          957    i.__scatterload_copy  mc_w.l(handlers.o)
    0x080098e2   0x00000002   Code   RO          958    i.__scatterload_null  mc_w.l(handlers.o)
    0x080098e4   0x0000000e   Code   RO          959    i.__scatterload_zeroinit  mc_w.l(handlers.o)
    0x080098f2   0x00000002   PAD
    0x080098f4   0x00000410   Code   RO          870    i._printf_core      mc_w.l(printf8.o)
    0x08009d04   0x00000026   Code   RO          871    i._printf_post_padding  mc_w.l(printf8.o)
    0x08009d2a   0x00000030   Code   RO          872    i._printf_pre_padding  mc_w.l(printf8.o)
    0x08009d5a   0x0000000a   Code   RO          874    i._sputc            mc_w.l(printf8.o)
    0x08009d64   0x000000b1   Data   RO          480    .constdata          usb_desc.o
    0x08009e15   0x00000012   Data   RO          597    .constdata          rf.o
    0x08009e27   0x00000001   PAD
    0x08009e28   0x00000020   Data   RO          955    Region$$Table       anon$$obj.o


    Execution Region RW_IRAM1 (Base: 0x20000000, Size: 0x00001070, Max: 0x00005000, ABSOLUTE, COMPRESSED[0x0000008c])

    Base Addr    Size         Type   Attr      Idx    E Section Name        Object

    0x20000000   0x00000014   Data   RW          185    .data               system_stm32f10x.o
    0x20000014   0x00000014   Data   RW          251    .data               stm32f10x_rcc.o
    0x20000028   0x00000008   Data   RW          309    .data               usart.o
    0x20000030   0x00000004   Data   RW          352    .data               usb_core.o
    0x20000034   0x00000014   Data   RW          368    .data               usb_init.o
    0x20000048   0x00000004   Data   RW          390    .data               usb_int.o
    0x2000004c   0x00000024   Data   RW          451    .data               hw_config.o
    0x20000070   0x0000001a   Data   RW          481    .data               usb_desc.o
    0x2000008a   0x00000002   PAD
    0x2000008c   0x00000004   Data   RW          495    .data               usb_endp.o
    0x20000090   0x00000046   Data   RW          514    .data               usb_istr.o
    0x200000d6   0x00000002   PAD
    0x200000d8   0x00000094   Data   RW          532    .data               usb_prop.o
    0x2000016c   0x0000000e   Data   RW          556    .data               usb_pwr.o
    0x2000017a   0x00000002   PAD
    0x2000017c   0x00000004   Data   RW          574    .data               main.o
    0x20000180   0x0000003f   Zero   RW          308    .bss                usart.o
    0x200001bf   0x00000001   PAD
    0x200001c0   0x00000010   Zero   RW          334    .bss                time.o
    0x200001d0   0x0000001c   Zero   RW          367    .bss                usb_init.o
    0x200001ec   0x00000810   Zero   RW          450    .bss                hw_config.o
    0x200009fc   0x00000040   Zero   RW          494    .bss                usb_endp.o
    0x20000a3c   0x00000020   Zero   RW          555    .bss                usb_pwr.o
    0x20000a5c   0x00000210   Zero   RW          637    .bss                uart2.o
    0x20000c6c   0x00000004   PAD
    0x20000c70   0x00000400   Zero   RW           17    STACK               startup_stm32f10x_hd.o


==============================================================================

Image component sizes


      Code (inc. data)   RO Data    RW Data    ZI Data      Debug   Object Name

         0          0          0          0          0       4244   core_cm3.o
      1060         68          0         36       2064       5184   hw_config.o
        64          4          0          0          0        423   led.o
       324         80          0          4          0        720   main.o
       220         20          0          0          0       1665   misc.o
       708         16         18          0          0       5699   rf.o
       360         12          0          0          0       1407   rf_hal.o
        36          8        304          0       1024        740   startup_stm32f10x_hd.o
       284         10          0          0          0       2095   stm32f10x_exti.o
       856         40          0          0          0       5505   stm32f10x_gpio.o
       328        126          0          0          0     249828   stm32f10x_it.o
       924         44          0         20          0       8600   stm32f10x_rcc.o
       780         14          0          0          0       6390   stm32f10x_spi.o
      1032         22          0          0          0       8232   stm32f10x_usart.o
       782         52          0          0          0       3380   sys.o
       460         42          0         20          0       1623   system_stm32f10x.o
       328         24          0          0         16      16805   time.o
       232         12          0          0        528       2313   uart2.o
       388         16          0          8         63       2828   usart.o
      2804        102          0          4          0       7823   usb_core.o
         0          0        177         26          0        959   usb_desc.o
       236         28          0          4         64       1744   usb_endp.o
        60         24          0         20         28       3750   usb_init.o
       752         30          0          4          0       1627   usb_int.o
       448         34          0         70          0       1455   usb_istr.o
        92          6          0          0          0       1206   usb_mem.o
       580         40          0        148          0       7063   usb_prop.o
       560         36          0         14         32       2715   usb_pwr.o
      1948         16          0          0          0      11369   usb_regs.o
       128          8          0          0          0       1226   usb_sil.o

    ----------------------------------------------------------------------
     16776        934        532        384       3824     368618   Object Totals
         0          0         32          0          0          0   (incl. Generated)
         2          0          1          6          5          0   (incl. Padding)

    ----------------------------------------------------------------------

      Code (inc. data)   RO Data    RW Data    ZI Data      Debug   Library Member Name

        92          0          0          0          0          0   __dczerorl2.o
         0          0          0          0          0          0   entry.o
         8          4          0          0          0          0   entry2.o
         4          0          0          0          0          0   entry5.o
         0          0          0          0          0          0   entry7b.o
         8          4          0          0          0          0   entry8.o
        30          0          0          0          0          0   handlers.o
        36          8          0          0          0         68   init.o
         0          0          0          0          0          0   iusefp.o
        30          0          0          0          0         68   llshl.o
        36          0          0          0          0         68   llsshr.o
        32          0          0          0          0         68   llushr.o
        36          0          0          0          0        108   memseta.o
      1208         60          0          0          0        504   printf8.o
        98          0          0          0          0         92   uldiv.o
       334          0          0          0          0        144   dadd.o
       222          0          0          0          0        100   ddiv.o
       190          0          0          0          0        176   depilogue.o
        62          0          0          0          0         80   dfixi.o
        50          0          0          0          0         76   dfixui.o
        26          0          0          0          0         76   dfltui.o
       228          0          0          0          0         92   dmul.o

    ----------------------------------------------------------------------
      2732         76          0          0          0       1720   Library Totals
         2          0          0          0          0          0   (incl. Padding)

    ----------------------------------------------------------------------

      Code (inc. data)   RO Data    RW Data    ZI Data      Debug   Library Name

      1618         76          0          0          0        976   mc_w.l
      1112          0          0          0          0        744   mf_w.l

    ----------------------------------------------------------------------
      2732         76          0          0          0       1720   Library Totals

    ----------------------------------------------------------------------

==============================================================================


      Code (inc. data)   RO Data    RW Data    ZI Data      Debug   

     19508       1010        532        384       3824     366698   Grand Totals
     19508       1010        532        140       3824     366698   ELF Image Totals (compressed)
     19508       1010        532        140          0          0   ROM Totals

==============================================================================

    Total RO  Size (Code + RO Data)                20040 (  19.57kB)
    Total RW  Size (RW Data + ZI Data)              4208 (   4.11kB)
    Total ROM Size (Code + RO Data + RW Data)      20180 (  19.71kB)

==============================================================================

