ARM Linker, 5.02 [Build 28] [MDK-ARM Standard]

==============================================================================

Section Cross References

    startup_stm32f10x_hd.o(RESET) refers to startup_stm32f10x_hd.o(STACK) for __initial_sp
    startup_stm32f10x_hd.o(RESET) refers to startup_stm32f10x_hd.o(.text) for Reset_Handler
    startup_stm32f10x_hd.o(RESET) refers to stm32f10x_it.o(.text) for NMI_Handler
    startup_stm32f10x_hd.o(.text) refers to system_stm32f10x.o(.text) for SystemInit
    startup_stm32f10x_hd.o(.text) refers to entry.o(.ARM.Collect$$$$00000000) for __main
    stm32f10x_it.o(.text) refers to usb_istr.o(.text) for USB_Istr
    stm32f10x_it.o(.text) refers to stm32f10x_exti.o(.text) for EXTI_ClearITPendingBit
    stm32f10x_it.o(.text) refers to usb_pwr.o(.text) for Resume
    stm32f10x_it.o(.text) refers to delay.o(.text) for delay_us
    stm32f10x_it.o(.text) refers to usb_init.o(.data) for pInformation
    system_stm32f10x.o(.text) refers to system_stm32f10x.o(.data) for SystemCoreClock
    stm32f10x_gpio.o(.text) refers to stm32f10x_rcc.o(.text) for RCC_APB2PeriphResetCmd
    stm32f10x_rcc.o(.text) refers to stm32f10x_rcc.o(.data) for APBAHBPrescTable
    delay.o(.text) refers to delay.o(.data) for CPU_CLK
    sys.o(.text) refers to stm32f10x_rcc.o(.text) for RCC_APB2PeriphClockCmd
    sys.o(.text) refers to stm32f10x_gpio.o(.text) for GPIO_Init
    sys.o(.text) refers to printf8.o(i.__0sprintf$8) for __2sprintf
    sys.o(.text) refers to misc.o(.text) for NVIC_PriorityGroupConfig
    sys.o(.text) refers to sys.o(.emb_text) for WFI_SET
    main.o(.text) refers to delay.o(.text) for delay_init
    main.o(.text) refers to led.o(.text) for LED_Init
    main.o(.text) refers to hw_config.o(.text) for DFU_Button_Config
    main.o(.text) refers to core_cm3.o(.emb_text) for __set_MSP
    main.o(.text) refers to usb_init.o(.text) for USB_Init
    main.o(.text) refers to main.o(.data) for JumpAddress
    led.o(.text) refers to stm32f10x_rcc.o(.text) for RCC_APB2PeriphClockCmd
    led.o(.text) refers to stm32f10x_gpio.o(.text) for GPIO_Init
    key.o(.text) refers to stm32f10x_rcc.o(.text) for RCC_APB2PeriphClockCmd
    key.o(.text) refers to stm32f10x_gpio.o(.text) for GPIO_Init
    key.o(.text) refers to delay.o(.text) for delay_us
    key.o(.text) refers to key.o(.data) for key_loo
    usb_core.o(.text) refers to usb_regs.o(.text) for ClearDTOG_TX
    usb_core.o(.text) refers to usb_init.o(.data) for pInformation
    usb_core.o(.text) refers to usb_prop.o(.data) for Device_Table
    usb_core.o(.text) refers to usb_core.o(.data) for StatusInfo
    usb_core.o(.text) refers to usb_mem.o(.text) for PMAToUserBufferCopy
    usb_core.o(.text) refers to usb_int.o(.data) for SaveRState
    usb_init.o(.text) refers to usb_init.o(.bss) for Device_Info
    usb_init.o(.text) refers to usb_init.o(.data) for pInformation
    usb_init.o(.text) refers to usb_prop.o(.data) for Device_Property
    usb_int.o(.text) refers to usb_core.o(.text) for In0_Process
    usb_int.o(.text) refers to usb_istr.o(.data) for wIstr
    usb_int.o(.text) refers to usb_init.o(.data) for EPindex
    usb_int.o(.text) refers to usb_int.o(.data) for SaveRState
    usb_sil.o(.text) refers to usb_regs.o(.text) for GetEPTxAddr
    usb_sil.o(.text) refers to usb_mem.o(.text) for UserToPMABufferCopy
    usb_sil.o(.text) refers to usb_init.o(.data) for wInterrupt_Mask
    hw_config.o(.text) refers to stm32f10x_flash.o(.text) for FLASH_Unlock
    hw_config.o(.text) refers to dfu_mal.o(.text) for MAL_Init
    hw_config.o(.text) refers to stm32f10x_exti.o(.text) for EXTI_ClearITPendingBit
    hw_config.o(.text) refers to stm32f10x_rcc.o(.text) for RCC_USBCLKConfig
    hw_config.o(.text) refers to system_stm32f10x.o(.text) for SystemInit
    hw_config.o(.text) refers to sys.o(.text) for STM32_GPIOx_Init
    hw_config.o(.text) refers to stm32f10x_gpio.o(.text) for GPIO_ReadInputDataBit
    hw_config.o(.text) refers to misc.o(.text) for NVIC_PriorityGroupConfig
    hw_config.o(.text) refers to hw_config.o(.data) for EXTI_InitStructure
    hw_config.o(.text) refers to usb_pwr.o(.data) for bDeviceState
    hw_config.o(.text) refers to usb_init.o(.bss) for Device_Info
    hw_config.o(.text) refers to usb_desc.o(.data) for DFU_StringSerial
    usb_istr.o(.text) refers to usb_int.o(.text) for CTR_LP
    usb_istr.o(.text) refers to usb_pwr.o(.text) for Resume
    usb_istr.o(.text) refers to usb_istr.o(.data) for wIstr
    usb_istr.o(.text) refers to usb_init.o(.data) for wInterrupt_Mask
    usb_istr.o(.text) refers to usb_prop.o(.data) for Device_Property
    usb_istr.o(.text) refers to usb_pwr.o(.data) for fSuspendEnabled
    usb_istr.o(.data) refers to usb_core.o(.text) for NOP_Process
    usb_prop.o(.text) refers to hw_config.o(.text) for Get_SerialNum
    usb_prop.o(.text) refers to usb_pwr.o(.text) for PowerOn
    usb_prop.o(.text) refers to usb_sil.o(.text) for USB_SIL_Init
    usb_prop.o(.text) refers to usb_regs.o(.text) for SetEPRxCount
    usb_prop.o(.text) refers to usb_core.o(.text) for SetDeviceAddress
    usb_prop.o(.text) refers to dfu_mal.o(.text) for MAL_Erase
    usb_prop.o(.text) refers to usb_init.o(.bss) for Device_Info
    usb_prop.o(.text) refers to usb_pwr.o(.data) for bDeviceState
    usb_prop.o(.text) refers to usb_desc.o(.data) for DFU_ConfigDescriptor
    usb_prop.o(.text) refers to usb_init.o(.data) for pInformation
    usb_prop.o(.text) refers to usb_prop.o(.data) for Device_Property
    usb_prop.o(.text) refers to main.o(.data) for DeviceState
    usb_prop.o(.text) refers to dfu_mal.o(.bss) for MAL_Buffer
    usb_prop.o(.data) refers to usb_prop.o(.text) for DFU_init
    usb_prop.o(.data) refers to usb_core.o(.text) for NOP_Process
    usb_prop.o(.data) refers to usb_desc.o(.data) for DFU_DeviceDescriptor
    usb_pwr.o(.text) refers to hw_config.o(.text) for USB_Cable_Config
    usb_pwr.o(.text) refers to usb_init.o(.data) for wInterrupt_Mask
    usb_pwr.o(.text) refers to usb_pwr.o(.bss) for EP
    usb_pwr.o(.text) refers to usb_pwr.o(.data) for ResumeS
    dfu_mal.o(.text) refers to stm32f10x_flash.o(.text) for FLASH_ErasePage
    dfu_mal.o(.text) refers to dfu_mal.o(.bss) for MAL_Buffer
    dfu_mal.o(.text) refers to dfu_mal.o(.constdata) for TimingTable
    entry.o(.ARM.Collect$$$$00000000) refers (Special) to entry7b.o(.ARM.Collect$$$$00000008) for _main_clock
    entry.o(.ARM.Collect$$$$00000000) refers (Special) to entry8.o(.ARM.Collect$$$$00000009) for _main_init
    entry.o(.ARM.Collect$$$$00000000) refers (Special) to entry5.o(.ARM.Collect$$$$00000004) for _main_scatterload
    entry.o(.ARM.Collect$$$$00000000) refers (Special) to entry2.o(.ARM.Collect$$$$00000001) for _main_stk
    printfb.o(i.__0fprintf$bare) refers to printfb.o(i._printf_core) for _printf_core
    printfb.o(i.__0fprintf$bare) refers to fputc.o(i.fputc) for fputc
    printfb.o(i.__0printf$bare) refers to printfb.o(i._printf_core) for _printf_core
    printfb.o(i.__0printf$bare) refers to fputc.o(i.fputc) for fputc
    printfb.o(i.__0printf$bare) refers to stdout.o(.data) for __stdout
    printfb.o(i.__0snprintf$bare) refers to printfb.o(i._printf_core) for _printf_core
    printfb.o(i.__0snprintf$bare) refers to printfb.o(i._snputc) for _snputc
    printfb.o(i.__0sprintf$bare) refers to printfb.o(i._printf_core) for _printf_core
    printfb.o(i.__0sprintf$bare) refers to printfb.o(i._sputc) for _sputc
    printfb.o(i.__0vfprintf$bare) refers to printfb.o(i._printf_core) for _printf_core
    printfb.o(i.__0vfprintf$bare) refers to fputc.o(i.fputc) for fputc
    printfb.o(i.__0vprintf$bare) refers to printfb.o(i._printf_core) for _printf_core
    printfb.o(i.__0vprintf$bare) refers to fputc.o(i.fputc) for fputc
    printfb.o(i.__0vprintf$bare) refers to stdout.o(.data) for __stdout
    printfb.o(i.__0vsnprintf$bare) refers to printfb.o(i._printf_core) for _printf_core
    printfb.o(i.__0vsnprintf$bare) refers to printfb.o(i._snputc) for _snputc
    printfb.o(i.__0vsprintf$bare) refers to printfb.o(i._printf_core) for _printf_core
    printfb.o(i.__0vsprintf$bare) refers to printfb.o(i._sputc) for _sputc
    printf0.o(i.__0fprintf$0) refers to printf0.o(i._printf_core) for _printf_core
    printf0.o(i.__0fprintf$0) refers to fputc.o(i.fputc) for fputc
    printf0.o(i.__0printf$0) refers to printf0.o(i._printf_core) for _printf_core
    printf0.o(i.__0printf$0) refers to fputc.o(i.fputc) for fputc
    printf0.o(i.__0printf$0) refers to stdout.o(.data) for __stdout
    printf0.o(i.__0snprintf$0) refers to printf0.o(i._printf_core) for _printf_core
    printf0.o(i.__0snprintf$0) refers to printf0.o(i._snputc) for _snputc
    printf0.o(i.__0sprintf$0) refers to printf0.o(i._printf_core) for _printf_core
    printf0.o(i.__0sprintf$0) refers to printf0.o(i._sputc) for _sputc
    printf0.o(i.__0vfprintf$0) refers to printf0.o(i._printf_core) for _printf_core
    printf0.o(i.__0vfprintf$0) refers to fputc.o(i.fputc) for fputc
    printf0.o(i.__0vprintf$0) refers to printf0.o(i._printf_core) for _printf_core
    printf0.o(i.__0vprintf$0) refers to fputc.o(i.fputc) for fputc
    printf0.o(i.__0vprintf$0) refers to stdout.o(.data) for __stdout
    printf0.o(i.__0vsnprintf$0) refers to printf0.o(i._printf_core) for _printf_core
    printf0.o(i.__0vsnprintf$0) refers to printf0.o(i._snputc) for _snputc
    printf0.o(i.__0vsprintf$0) refers to printf0.o(i._printf_core) for _printf_core
    printf0.o(i.__0vsprintf$0) refers to printf0.o(i._sputc) for _sputc
    printf1.o(i.__0fprintf$1) refers to printf1.o(i._printf_core) for _printf_core
    printf1.o(i.__0fprintf$1) refers to fputc.o(i.fputc) for fputc
    printf1.o(i.__0printf$1) refers to printf1.o(i._printf_core) for _printf_core
    printf1.o(i.__0printf$1) refers to fputc.o(i.fputc) for fputc
    printf1.o(i.__0printf$1) refers to stdout.o(.data) for __stdout
    printf1.o(i.__0snprintf$1) refers to printf1.o(i._printf_core) for _printf_core
    printf1.o(i.__0snprintf$1) refers to printf1.o(i._snputc) for _snputc
    printf1.o(i.__0sprintf$1) refers to printf1.o(i._printf_core) for _printf_core
    printf1.o(i.__0sprintf$1) refers to printf1.o(i._sputc) for _sputc
    printf1.o(i.__0vfprintf$1) refers to printf1.o(i._printf_core) for _printf_core
    printf1.o(i.__0vfprintf$1) refers to fputc.o(i.fputc) for fputc
    printf1.o(i.__0vprintf$1) refers to printf1.o(i._printf_core) for _printf_core
    printf1.o(i.__0vprintf$1) refers to fputc.o(i.fputc) for fputc
    printf1.o(i.__0vprintf$1) refers to stdout.o(.data) for __stdout
    printf1.o(i.__0vsnprintf$1) refers to printf1.o(i._printf_core) for _printf_core
    printf1.o(i.__0vsnprintf$1) refers to printf1.o(i._snputc) for _snputc
    printf1.o(i.__0vsprintf$1) refers to printf1.o(i._printf_core) for _printf_core
    printf1.o(i.__0vsprintf$1) refers to printf1.o(i._sputc) for _sputc
    printf1.o(i._printf_core) refers to uidiv.o(.text) for __aeabi_uidivmod
    printf2.o(i.__0fprintf$2) refers to printf2.o(i._printf_core) for _printf_core
    printf2.o(i.__0fprintf$2) refers to fputc.o(i.fputc) for fputc
    printf2.o(i.__0printf$2) refers to printf2.o(i._printf_core) for _printf_core
    printf2.o(i.__0printf$2) refers to fputc.o(i.fputc) for fputc
    printf2.o(i.__0printf$2) refers to stdout.o(.data) for __stdout
    printf2.o(i.__0snprintf$2) refers to printf2.o(i._printf_core) for _printf_core
    printf2.o(i.__0snprintf$2) refers to printf2.o(i._snputc) for _snputc
    printf2.o(i.__0sprintf$2) refers to printf2.o(i._printf_core) for _printf_core
    printf2.o(i.__0sprintf$2) refers to printf2.o(i._sputc) for _sputc
    printf2.o(i.__0vfprintf$2) refers to printf2.o(i._printf_core) for _printf_core
    printf2.o(i.__0vfprintf$2) refers to fputc.o(i.fputc) for fputc
    printf2.o(i.__0vprintf$2) refers to printf2.o(i._printf_core) for _printf_core
    printf2.o(i.__0vprintf$2) refers to fputc.o(i.fputc) for fputc
    printf2.o(i.__0vprintf$2) refers to stdout.o(.data) for __stdout
    printf2.o(i.__0vsnprintf$2) refers to printf2.o(i._printf_core) for _printf_core
    printf2.o(i.__0vsnprintf$2) refers to printf2.o(i._snputc) for _snputc
    printf2.o(i.__0vsprintf$2) refers to printf2.o(i._printf_core) for _printf_core
    printf2.o(i.__0vsprintf$2) refers to printf2.o(i._sputc) for _sputc
    printf3.o(i.__0fprintf$3) refers to printf3.o(i._printf_core) for _printf_core
    printf3.o(i.__0fprintf$3) refers to fputc.o(i.fputc) for fputc
    printf3.o(i.__0printf$3) refers to printf3.o(i._printf_core) for _printf_core
    printf3.o(i.__0printf$3) refers to fputc.o(i.fputc) for fputc
    printf3.o(i.__0printf$3) refers to stdout.o(.data) for __stdout
    printf3.o(i.__0snprintf$3) refers to printf3.o(i._printf_core) for _printf_core
    printf3.o(i.__0snprintf$3) refers to printf3.o(i._snputc) for _snputc
    printf3.o(i.__0sprintf$3) refers to printf3.o(i._printf_core) for _printf_core
    printf3.o(i.__0sprintf$3) refers to printf3.o(i._sputc) for _sputc
    printf3.o(i.__0vfprintf$3) refers to printf3.o(i._printf_core) for _printf_core
    printf3.o(i.__0vfprintf$3) refers to fputc.o(i.fputc) for fputc
    printf3.o(i.__0vprintf$3) refers to printf3.o(i._printf_core) for _printf_core
    printf3.o(i.__0vprintf$3) refers to fputc.o(i.fputc) for fputc
    printf3.o(i.__0vprintf$3) refers to stdout.o(.data) for __stdout
    printf3.o(i.__0vsnprintf$3) refers to printf3.o(i._printf_core) for _printf_core
    printf3.o(i.__0vsnprintf$3) refers to printf3.o(i._snputc) for _snputc
    printf3.o(i.__0vsprintf$3) refers to printf3.o(i._printf_core) for _printf_core
    printf3.o(i.__0vsprintf$3) refers to printf3.o(i._sputc) for _sputc
    printf3.o(i._printf_core) refers to uidiv.o(.text) for __aeabi_uidivmod
    printf4.o(i.__0fprintf$4) refers to printf4.o(i._printf_core) for _printf_core
    printf4.o(i.__0fprintf$4) refers to fputc.o(i.fputc) for fputc
    printf4.o(i.__0printf$4) refers to printf4.o(i._printf_core) for _printf_core
    printf4.o(i.__0printf$4) refers to fputc.o(i.fputc) for fputc
    printf4.o(i.__0printf$4) refers to stdout.o(.data) for __stdout
    printf4.o(i.__0snprintf$4) refers to printf4.o(i._printf_core) for _printf_core
    printf4.o(i.__0snprintf$4) refers to printf4.o(i._snputc) for _snputc
    printf4.o(i.__0sprintf$4) refers to printf4.o(i._printf_core) for _printf_core
    printf4.o(i.__0sprintf$4) refers to printf4.o(i._sputc) for _sputc
    printf4.o(i.__0vfprintf$4) refers to printf4.o(i._printf_core) for _printf_core
    printf4.o(i.__0vfprintf$4) refers to fputc.o(i.fputc) for fputc
    printf4.o(i.__0vprintf$4) refers to printf4.o(i._printf_core) for _printf_core
    printf4.o(i.__0vprintf$4) refers to fputc.o(i.fputc) for fputc
    printf4.o(i.__0vprintf$4) refers to stdout.o(.data) for __stdout
    printf4.o(i.__0vsnprintf$4) refers to printf4.o(i._printf_core) for _printf_core
    printf4.o(i.__0vsnprintf$4) refers to printf4.o(i._snputc) for _snputc
    printf4.o(i.__0vsprintf$4) refers to printf4.o(i._printf_core) for _printf_core
    printf4.o(i.__0vsprintf$4) refers to printf4.o(i._sputc) for _sputc
    printf4.o(i._printf_core) refers to uldiv.o(.text) for __aeabi_uldivmod
    printf5.o(i.__0fprintf$5) refers to printf5.o(i._printf_core) for _printf_core
    printf5.o(i.__0fprintf$5) refers to fputc.o(i.fputc) for fputc
    printf5.o(i.__0printf$5) refers to printf5.o(i._printf_core) for _printf_core
    printf5.o(i.__0printf$5) refers to fputc.o(i.fputc) for fputc
    printf5.o(i.__0printf$5) refers to stdout.o(.data) for __stdout
    printf5.o(i.__0snprintf$5) refers to printf5.o(i._printf_core) for _printf_core
    printf5.o(i.__0snprintf$5) refers to printf5.o(i._snputc) for _snputc
    printf5.o(i.__0sprintf$5) refers to printf5.o(i._printf_core) for _printf_core
    printf5.o(i.__0sprintf$5) refers to printf5.o(i._sputc) for _sputc
    printf5.o(i.__0vfprintf$5) refers to printf5.o(i._printf_core) for _printf_core
    printf5.o(i.__0vfprintf$5) refers to fputc.o(i.fputc) for fputc
    printf5.o(i.__0vprintf$5) refers to printf5.o(i._printf_core) for _printf_core
    printf5.o(i.__0vprintf$5) refers to fputc.o(i.fputc) for fputc
    printf5.o(i.__0vprintf$5) refers to stdout.o(.data) for __stdout
    printf5.o(i.__0vsnprintf$5) refers to printf5.o(i._printf_core) for _printf_core
    printf5.o(i.__0vsnprintf$5) refers to printf5.o(i._snputc) for _snputc
    printf5.o(i.__0vsprintf$5) refers to printf5.o(i._printf_core) for _printf_core
    printf5.o(i.__0vsprintf$5) refers to printf5.o(i._sputc) for _sputc
    printf5.o(i._printf_core) refers to uldiv.o(.text) for __aeabi_uldivmod
    printf6.o(i.__0fprintf$6) refers to printf6.o(i._printf_core) for _printf_core
    printf6.o(i.__0fprintf$6) refers to fputc.o(i.fputc) for fputc
    printf6.o(i.__0printf$6) refers to printf6.o(i._printf_core) for _printf_core
    printf6.o(i.__0printf$6) refers to fputc.o(i.fputc) for fputc
    printf6.o(i.__0printf$6) refers to stdout.o(.data) for __stdout
    printf6.o(i.__0snprintf$6) refers to printf6.o(i._printf_core) for _printf_core
    printf6.o(i.__0snprintf$6) refers to printf6.o(i._snputc) for _snputc
    printf6.o(i.__0sprintf$6) refers to printf6.o(i._printf_core) for _printf_core
    printf6.o(i.__0sprintf$6) refers to printf6.o(i._sputc) for _sputc
    printf6.o(i.__0vfprintf$6) refers to printf6.o(i._printf_core) for _printf_core
    printf6.o(i.__0vfprintf$6) refers to fputc.o(i.fputc) for fputc
    printf6.o(i.__0vprintf$6) refers to printf6.o(i._printf_core) for _printf_core
    printf6.o(i.__0vprintf$6) refers to fputc.o(i.fputc) for fputc
    printf6.o(i.__0vprintf$6) refers to stdout.o(.data) for __stdout
    printf6.o(i.__0vsnprintf$6) refers to printf6.o(i._printf_core) for _printf_core
    printf6.o(i.__0vsnprintf$6) refers to printf6.o(i._snputc) for _snputc
    printf6.o(i.__0vsprintf$6) refers to printf6.o(i._printf_core) for _printf_core
    printf6.o(i.__0vsprintf$6) refers to printf6.o(i._sputc) for _sputc
    printf6.o(i._printf_core) refers to printf6.o(i._printf_pre_padding) for _printf_pre_padding
    printf6.o(i._printf_core) refers to uidiv.o(.text) for __aeabi_uidivmod
    printf6.o(i._printf_core) refers to printf6.o(i._printf_post_padding) for _printf_post_padding
    printf7.o(i.__0fprintf$7) refers to printf7.o(i._printf_core) for _printf_core
    printf7.o(i.__0fprintf$7) refers to fputc.o(i.fputc) for fputc
    printf7.o(i.__0printf$7) refers to printf7.o(i._printf_core) for _printf_core
    printf7.o(i.__0printf$7) refers to fputc.o(i.fputc) for fputc
    printf7.o(i.__0printf$7) refers to stdout.o(.data) for __stdout
    printf7.o(i.__0snprintf$7) refers to printf7.o(i._printf_core) for _printf_core
    printf7.o(i.__0snprintf$7) refers to printf7.o(i._snputc) for _snputc
    printf7.o(i.__0sprintf$7) refers to printf7.o(i._printf_core) for _printf_core
    printf7.o(i.__0sprintf$7) refers to printf7.o(i._sputc) for _sputc
    printf7.o(i.__0vfprintf$7) refers to printf7.o(i._printf_core) for _printf_core
    printf7.o(i.__0vfprintf$7) refers to fputc.o(i.fputc) for fputc
    printf7.o(i.__0vprintf$7) refers to printf7.o(i._printf_core) for _printf_core
    printf7.o(i.__0vprintf$7) refers to fputc.o(i.fputc) for fputc
    printf7.o(i.__0vprintf$7) refers to stdout.o(.data) for __stdout
    printf7.o(i.__0vsnprintf$7) refers to printf7.o(i._printf_core) for _printf_core
    printf7.o(i.__0vsnprintf$7) refers to printf7.o(i._snputc) for _snputc
    printf7.o(i.__0vsprintf$7) refers to printf7.o(i._printf_core) for _printf_core
    printf7.o(i.__0vsprintf$7) refers to printf7.o(i._sputc) for _sputc
    printf7.o(i._printf_core) refers to printf7.o(i._printf_pre_padding) for _printf_pre_padding
    printf7.o(i._printf_core) refers to uldiv.o(.text) for __aeabi_uldivmod
    printf7.o(i._printf_core) refers to printf7.o(i._printf_post_padding) for _printf_post_padding
    printf8.o(i.__0fprintf$8) refers to printf8.o(i._printf_core) for _printf_core
    printf8.o(i.__0fprintf$8) refers to fputc.o(i.fputc) for fputc
    printf8.o(i.__0printf$8) refers to printf8.o(i._printf_core) for _printf_core
    printf8.o(i.__0printf$8) refers to fputc.o(i.fputc) for fputc
    printf8.o(i.__0printf$8) refers to stdout.o(.data) for __stdout
    printf8.o(i.__0snprintf$8) refers to printf8.o(i._printf_core) for _printf_core
    printf8.o(i.__0snprintf$8) refers to printf8.o(i._snputc) for _snputc
    printf8.o(i.__0sprintf$8) refers to printf8.o(i._printf_core) for _printf_core
    printf8.o(i.__0sprintf$8) refers to printf8.o(i._sputc) for _sputc
    printf8.o(i.__0vfprintf$8) refers to printf8.o(i._printf_core) for _printf_core
    printf8.o(i.__0vfprintf$8) refers to fputc.o(i.fputc) for fputc
    printf8.o(i.__0vprintf$8) refers to printf8.o(i._printf_core) for _printf_core
    printf8.o(i.__0vprintf$8) refers to fputc.o(i.fputc) for fputc
    printf8.o(i.__0vprintf$8) refers to stdout.o(.data) for __stdout
    printf8.o(i.__0vsnprintf$8) refers to printf8.o(i._printf_core) for _printf_core
    printf8.o(i.__0vsnprintf$8) refers to printf8.o(i._snputc) for _snputc
    printf8.o(i.__0vsprintf$8) refers to printf8.o(i._printf_core) for _printf_core
    printf8.o(i.__0vsprintf$8) refers to printf8.o(i._sputc) for _sputc
    printf8.o(i._printf_core) refers to printf8.o(i._printf_pre_padding) for _printf_pre_padding
    printf8.o(i._printf_core) refers to uldiv.o(.text) for __aeabi_uldivmod
    printf8.o(i._printf_core) refers to printf8.o(i._printf_post_padding) for _printf_post_padding
    printfa.o(i.__0fprintf) refers (Special) to iusefp.o(.text) for __I$use$fp
    printfa.o(i.__0fprintf) refers to printfa.o(i._printf_core) for _printf_core
    printfa.o(i.__0fprintf) refers to fputc.o(i.fputc) for fputc
    printfa.o(i.__0printf) refers (Special) to iusefp.o(.text) for __I$use$fp
    printfa.o(i.__0printf) refers to printfa.o(i._printf_core) for _printf_core
    printfa.o(i.__0printf) refers to fputc.o(i.fputc) for fputc
    printfa.o(i.__0printf) refers to stdout.o(.data) for __stdout
    printfa.o(i.__0snprintf) refers (Special) to iusefp.o(.text) for __I$use$fp
    printfa.o(i.__0snprintf) refers to printfa.o(i._printf_core) for _printf_core
    printfa.o(i.__0snprintf) refers to printfa.o(i._snputc) for _snputc
    printfa.o(i.__0sprintf) refers (Special) to iusefp.o(.text) for __I$use$fp
    printfa.o(i.__0sprintf) refers to printfa.o(i._printf_core) for _printf_core
    printfa.o(i.__0sprintf) refers to printfa.o(i._sputc) for _sputc
    printfa.o(i.__0vfprintf) refers (Special) to iusefp.o(.text) for __I$use$fp
    printfa.o(i.__0vfprintf) refers to printfa.o(i._printf_core) for _printf_core
    printfa.o(i.__0vfprintf) refers to fputc.o(i.fputc) for fputc
    printfa.o(i.__0vprintf) refers (Special) to iusefp.o(.text) for __I$use$fp
    printfa.o(i.__0vprintf) refers to printfa.o(i._printf_core) for _printf_core
    printfa.o(i.__0vprintf) refers to fputc.o(i.fputc) for fputc
    printfa.o(i.__0vprintf) refers to stdout.o(.data) for __stdout
    printfa.o(i.__0vsnprintf) refers (Special) to iusefp.o(.text) for __I$use$fp
    printfa.o(i.__0vsnprintf) refers to printfa.o(i._printf_core) for _printf_core
    printfa.o(i.__0vsnprintf) refers to printfa.o(i._snputc) for _snputc
    printfa.o(i.__0vsprintf) refers (Special) to iusefp.o(.text) for __I$use$fp
    printfa.o(i.__0vsprintf) refers to printfa.o(i._printf_core) for _printf_core
    printfa.o(i.__0vsprintf) refers to printfa.o(i._sputc) for _sputc
    printfa.o(i._fp_digits) refers (Special) to iusefp.o(.text) for __I$use$fp
    printfa.o(i._fp_digits) refers to dmul.o(.text) for __aeabi_dmul
    printfa.o(i._fp_digits) refers to ddiv.o(.text) for __aeabi_ddiv
    printfa.o(i._fp_digits) refers to cdrcmple.o(.text) for __aeabi_cdrcmple
    printfa.o(i._fp_digits) refers to dadd.o(.text) for __aeabi_dadd
    printfa.o(i._fp_digits) refers to dfixul.o(.text) for __aeabi_d2ulz
    printfa.o(i._fp_digits) refers to uldiv.o(.text) for __aeabi_uldivmod
    printfa.o(i._printf_core) refers (Special) to iusefp.o(.text) for __I$use$fp
    printfa.o(i._printf_core) refers to printfa.o(i._printf_pre_padding) for _printf_pre_padding
    printfa.o(i._printf_core) refers to uldiv.o(.text) for __aeabi_uldivmod
    printfa.o(i._printf_core) refers to printfa.o(i._printf_post_padding) for _printf_post_padding
    printfa.o(i._printf_core) refers to printfa.o(i._fp_digits) for _fp_digits
    printfa.o(i._printf_core) refers to uidiv.o(.text) for __aeabi_uidivmod
    printfa.o(i._printf_post_padding) refers (Special) to iusefp.o(.text) for __I$use$fp
    printfa.o(i._printf_pre_padding) refers (Special) to iusefp.o(.text) for __I$use$fp
    printfa.o(i._snputc) refers (Special) to iusefp.o(.text) for __I$use$fp
    printfa.o(i._sputc) refers (Special) to iusefp.o(.text) for __I$use$fp
    entry2.o(.ARM.Collect$$$$00000001) refers to entry2.o(.ARM.Collect$$$$00002712) for __lit__00000000
    entry2.o(.ARM.Collect$$$$00002712) refers to startup_stm32f10x_hd.o(STACK) for __initial_sp
    entry2.o(__vectab_stack_and_reset_area) refers to startup_stm32f10x_hd.o(STACK) for __initial_sp
    entry2.o(__vectab_stack_and_reset_area) refers to entry.o(.ARM.Collect$$$$00000000) for __main
    entry5.o(.ARM.Collect$$$$00000004) refers to init.o(.text) for __scatterload
    entry8.o(.ARM.Collect$$$$00000009) refers to main.o(.text) for main
    fputc.o(i.fputc) refers (Special) to iusesemip.o(.text) for __I$use$semihosting$fputc
    fputc.o(i.fputc) refers (Special) to semi.o(.text) for __semihosting_library_function
    uldiv.o(.text) refers to llushr.o(.text) for __aeabi_llsr
    uldiv.o(.text) refers to llshl.o(.text) for __aeabi_llsl
    dadd.o(.text) refers to llshl.o(.text) for __aeabi_llsl
    dadd.o(.text) refers to llsshr.o(.text) for __aeabi_lasr
    dadd.o(.text) refers to depilogue.o(.text) for _double_epilogue
    dmul.o(.text) refers to depilogue.o(.text) for _double_epilogue
    ddiv.o(.text) refers to depilogue.o(.text) for _double_round
    dfixul.o(.text) refers to llushr.o(.text) for __aeabi_llsr
    dfixul.o(.text) refers to llshl.o(.text) for __aeabi_llsl
    init.o(.text) refers to entry5.o(.ARM.Collect$$$$00000004) for __main_after_scatterload
    depilogue.o(.text) refers to llshl.o(.text) for __aeabi_llsl
    depilogue.o(.text) refers to llushr.o(.text) for __aeabi_llsr


==============================================================================

Removing Unused input sections from the image.

    Removing startup_stm32f10x_hd.o(HEAP), (512 bytes).
    Removing stm32f10x_fsmc.o(.text), (1560 bytes).
    Removing key.o(.text), (256 bytes).
    Removing key.o(.data), (1 bytes).
    Removing dadd.o(.text), (334 bytes).
    Removing dmul.o(.text), (228 bytes).
    Removing ddiv.o(.text), (222 bytes).
    Removing dfixul.o(.text), (48 bytes).
    Removing cdrcmple.o(.text), (40 bytes).
    Removing depilogue.o(.text), (190 bytes).

10 unused section(s) (total 3391 bytes) removed from the image.

==============================================================================

Image Symbol Table

    Local Symbols

    Symbol Name                              Value     Ov Type        Size  Object(Section)

    ../clib/../cmprslib/zerorunl2.c          0x00000000   Number         0  __dczerorl2.o ABSOLUTE
    ../clib/microlib/division.c              0x00000000   Number         0  uidiv.o ABSOLUTE
    ../clib/microlib/division.c              0x00000000   Number         0  uldiv.o ABSOLUTE
    ../clib/microlib/init/entry.s            0x00000000   Number         0  entry2.o ABSOLUTE
    ../clib/microlib/init/entry.s            0x00000000   Number         0  entry7b.o ABSOLUTE
    ../clib/microlib/init/entry.s            0x00000000   Number         0  entry5.o ABSOLUTE
    ../clib/microlib/init/entry.s            0x00000000   Number         0  entry8.o ABSOLUTE
    ../clib/microlib/init/entry.s            0x00000000   Number         0  entry7a.o ABSOLUTE
    ../clib/microlib/init/entry.s            0x00000000   Number         0  entry.o ABSOLUTE
    ../clib/microlib/longlong.c              0x00000000   Number         0  llsshr.o ABSOLUTE
    ../clib/microlib/longlong.c              0x00000000   Number         0  llushr.o ABSOLUTE
    ../clib/microlib/longlong.c              0x00000000   Number         0  llshl.o ABSOLUTE
    ../clib/microlib/printf/printf.c         0x00000000   Number         0  printf8.o ABSOLUTE
    ../clib/microlib/printf/printf.c         0x00000000   Number         0  printfa.o ABSOLUTE
    ../clib/microlib/printf/printf.c         0x00000000   Number         0  printf7.o ABSOLUTE
    ../clib/microlib/printf/printf.c         0x00000000   Number         0  printf6.o ABSOLUTE
    ../clib/microlib/printf/printf.c         0x00000000   Number         0  printf5.o ABSOLUTE
    ../clib/microlib/printf/printf.c         0x00000000   Number         0  printf3.o ABSOLUTE
    ../clib/microlib/printf/printf.c         0x00000000   Number         0  printf2.o ABSOLUTE
    ../clib/microlib/printf/printf.c         0x00000000   Number         0  printf1.o ABSOLUTE
    ../clib/microlib/printf/printf.c         0x00000000   Number         0  printf0.o ABSOLUTE
    ../clib/microlib/printf/printf.c         0x00000000   Number         0  printfb.o ABSOLUTE
    ../clib/microlib/printf/printf.c         0x00000000   Number         0  printf4.o ABSOLUTE
    ../clib/microlib/printf/stubs.s          0x00000000   Number         0  stubs.o ABSOLUTE
    ../clib/microlib/stdio/fputc.c           0x00000000   Number         0  fputc.o ABSOLUTE
    ../clib/microlib/stdio/semi.s            0x00000000   Number         0  semi.o ABSOLUTE
    ../clib/microlib/stdio/streams.c         0x00000000   Number         0  stdout.o ABSOLUTE
    ../clib/microlib/stubs.s                 0x00000000   Number         0  iusesemip.o ABSOLUTE
    ../clib/microlib/stubs.s                 0x00000000   Number         0  iusefp.o ABSOLUTE
    ../fplib/microlib/fpadd.c                0x00000000   Number         0  dadd.o ABSOLUTE
    ../fplib/microlib/fpdiv.c                0x00000000   Number         0  ddiv.o ABSOLUTE
    ../fplib/microlib/fpepilogue.c           0x00000000   Number         0  depilogue.o ABSOLUTE
    ../fplib/microlib/fpfix.c                0x00000000   Number         0  dfixul.o ABSOLUTE
    ../fplib/microlib/fpmul.c                0x00000000   Number         0  dmul.o ABSOLUTE
    ..\CMSIS\CM3\CORE\core_cm3.c             0x00000000   Number         0  core_cm3.o ABSOLUTE
    ..\CMSIS\CM3\STARTUP\startup_stm32f10x_hd.s 0x00000000   Number         0  startup_stm32f10x_hd.o ABSOLUTE
    ..\CMSIS\CM3\stm32f10x_it.c              0x00000000   Number         0  stm32f10x_it.o ABSOLUTE
    ..\CMSIS\CM3\system_stm32f10x.c          0x00000000   Number         0  system_stm32f10x.o ABSOLUTE
    ..\CMSIS\STM32LIB\src\misc.c             0x00000000   Number         0  misc.o ABSOLUTE
    ..\CMSIS\STM32LIB\src\stm32f10x_exti.c   0x00000000   Number         0  stm32f10x_exti.o ABSOLUTE
    ..\CMSIS\STM32LIB\src\stm32f10x_flash.c  0x00000000   Number         0  stm32f10x_flash.o ABSOLUTE
    ..\CMSIS\STM32LIB\src\stm32f10x_fsmc.c   0x00000000   Number         0  stm32f10x_fsmc.o ABSOLUTE
    ..\CMSIS\STM32LIB\src\stm32f10x_gpio.c   0x00000000   Number         0  stm32f10x_gpio.o ABSOLUTE
    ..\CMSIS\STM32LIB\src\stm32f10x_rcc.c    0x00000000   Number         0  stm32f10x_rcc.o ABSOLUTE
    ..\HARDWARE\KEY\key.c                    0x00000000   Number         0  key.o ABSOLUTE
    ..\HARDWARE\LED\led.c                    0x00000000   Number         0  led.o ABSOLUTE
    ..\SYSTEM\delay\delay.c                  0x00000000   Number         0  delay.o ABSOLUTE
    ..\SYSTEM\sys\sys.c                      0x00000000   Number         0  sys.o ABSOLUTE
    ..\USB\Mass_Storage\src\dfu_mal.c        0x00000000   Number         0  dfu_mal.o ABSOLUTE
    ..\USB\Mass_Storage\src\hw_config.c      0x00000000   Number         0  hw_config.o ABSOLUTE
    ..\USB\Mass_Storage\src\usb_desc.c       0x00000000   Number         0  usb_desc.o ABSOLUTE
    ..\USB\Mass_Storage\src\usb_istr.c       0x00000000   Number         0  usb_istr.o ABSOLUTE
    ..\USB\Mass_Storage\src\usb_prop.c       0x00000000   Number         0  usb_prop.o ABSOLUTE
    ..\USB\Mass_Storage\src\usb_pwr.c        0x00000000   Number         0  usb_pwr.o ABSOLUTE
    ..\USB\USBLIB\src\usb_core.c             0x00000000   Number         0  usb_core.o ABSOLUTE
    ..\USB\USBLIB\src\usb_init.c             0x00000000   Number         0  usb_init.o ABSOLUTE
    ..\USB\USBLIB\src\usb_int.c              0x00000000   Number         0  usb_int.o ABSOLUTE
    ..\USB\USBLIB\src\usb_mem.c              0x00000000   Number         0  usb_mem.o ABSOLUTE
    ..\USB\USBLIB\src\usb_regs.c             0x00000000   Number         0  usb_regs.o ABSOLUTE
    ..\USB\USBLIB\src\usb_sil.c              0x00000000   Number         0  usb_sil.o ABSOLUTE
    ..\\CMSIS\\CM3\\CORE\\core_cm3.c         0x00000000   Number         0  core_cm3.o ABSOLUTE
    ..\\SYSTEM\\sys\\sys.c                   0x00000000   Number         0  sys.o ABSOLUTE
    cdrcmple.s                               0x00000000   Number         0  cdrcmple.o ABSOLUTE
    dc.s                                     0x00000000   Number         0  dc.o ABSOLUTE
    handlers.s                               0x00000000   Number         0  handlers.o ABSOLUTE
    init.s                                   0x00000000   Number         0  init.o ABSOLUTE
    main.c                                   0x00000000   Number         0  main.o ABSOLUTE
    RESET                                    0x08000000   Section      304  startup_stm32f10x_hd.o(RESET)
    .ARM.Collect$$$$00000000                 0x08000130   Section        0  entry.o(.ARM.Collect$$$$00000000)
    .ARM.Collect$$$$00000001                 0x08000130   Section        4  entry2.o(.ARM.Collect$$$$00000001)
    .ARM.Collect$$$$00000004                 0x08000134   Section        4  entry5.o(.ARM.Collect$$$$00000004)
    .ARM.Collect$$$$00000008                 0x08000138   Section        0  entry7b.o(.ARM.Collect$$$$00000008)
    .ARM.Collect$$$$00000009                 0x08000138   Section        8  entry8.o(.ARM.Collect$$$$00000009)
    .ARM.Collect$$$$00002712                 0x08000140   Section        4  entry2.o(.ARM.Collect$$$$00002712)
    __lit__00000000                          0x08000140   Data           4  entry2.o(.ARM.Collect$$$$00002712)
    .emb_text                                0x08000144   Section       32  core_cm3.o(.emb_text)
    .emb_text                                0x08000164   Section        2  sys.o(.emb_text)
    .text                                    0x08000168   Section       36  startup_stm32f10x_hd.o(.text)
    .text                                    0x0800018c   Section        0  stm32f10x_it.o(.text)
    .text                                    0x0800025c   Section        0  system_stm32f10x.o(.text)
    SetSysClockTo72                          0x0800025d   Thumb Code   192  system_stm32f10x.o(.text)
    SetSysClock                              0x0800031d   Thumb Code     8  system_stm32f10x.o(.text)
    .text                                    0x08000424   Section        0  misc.o(.text)
    .text                                    0x08000500   Section        0  stm32f10x_gpio.o(.text)
    .text                                    0x08000858   Section        0  stm32f10x_exti.o(.text)
    .text                                    0x08000974   Section        0  stm32f10x_flash.o(.text)
    .text                                    0x08000f28   Section        0  stm32f10x_rcc.o(.text)
    .text                                    0x080012c4   Section        0  delay.o(.text)
    .text                                    0x0800133c   Section        0  sys.o(.text)
    .text                                    0x08001684   Section        0  main.o(.text)
    .text                                    0x08001734   Section        0  led.o(.text)
    .text                                    0x0800176c   Section        0  usb_core.o(.text)
    DataStageOut                             0x08001b4d   Thumb Code   196  usb_core.o(.text)
    DataStageIn                              0x08001c11   Thumb Code   166  usb_core.o(.text)
    NoData_Setup0                            0x08001cb7   Thumb Code   288  usb_core.o(.text)
    Data_Setup0                              0x08001dd7   Thumb Code   662  usb_core.o(.text)
    .text                                    0x08002260   Section        0  usb_init.o(.text)
    .text                                    0x0800229c   Section        0  usb_int.o(.text)
    .text                                    0x0800258c   Section        0  usb_mem.o(.text)
    .text                                    0x080025e8   Section        0  usb_regs.o(.text)
    .text                                    0x08002d84   Section        0  usb_sil.o(.text)
    .text                                    0x08002e04   Section        0  hw_config.o(.text)
    IntToUnicode                             0x08002ef9   Thumb Code    62  hw_config.o(.text)
    .text                                    0x08002f88   Section        0  usb_istr.o(.text)
    .text                                    0x08003144   Section        0  usb_prop.o(.text)
    .text                                    0x08003800   Section        0  usb_pwr.o(.text)
    .text                                    0x08003a30   Section        0  dfu_mal.o(.text)
    .text                                    0x08003abc   Section        0  uldiv.o(.text)
    .text                                    0x08003b20   Section       36  init.o(.text)
    .text                                    0x08003b44   Section        0  llshl.o(.text)
    .text                                    0x08003b62   Section        0  llushr.o(.text)
    .text                                    0x08003b82   Section        0  __dczerorl2.o(.text)
    i.__0sprintf$8                           0x08003be0   Section        0  printf8.o(i.__0sprintf$8)
    i.__scatterload_copy                     0x08003c08   Section       14  handlers.o(i.__scatterload_copy)
    i.__scatterload_null                     0x08003c16   Section        2  handlers.o(i.__scatterload_null)
    i.__scatterload_zeroinit                 0x08003c18   Section       14  handlers.o(i.__scatterload_zeroinit)
    i._printf_core                           0x08003c28   Section        0  printf8.o(i._printf_core)
    _printf_core                             0x08003c29   Thumb Code   996  printf8.o(i._printf_core)
    i._printf_post_padding                   0x08004038   Section        0  printf8.o(i._printf_post_padding)
    _printf_post_padding                     0x08004039   Thumb Code    38  printf8.o(i._printf_post_padding)
    i._printf_pre_padding                    0x0800405e   Section        0  printf8.o(i._printf_pre_padding)
    _printf_pre_padding                      0x0800405f   Thumb Code    48  printf8.o(i._printf_pre_padding)
    i._sputc                                 0x0800408e   Section        0  printf8.o(i._sputc)
    _sputc                                   0x0800408f   Thumb Code    10  printf8.o(i._sputc)
    .constdata                               0x08004098   Section       20  dfu_mal.o(.constdata)
    TimingTable                              0x08004098   Data          20  dfu_mal.o(.constdata)
    .data                                    0x20000000   Section       20  system_stm32f10x.o(.data)
    .data                                    0x20000014   Section       20  stm32f10x_rcc.o(.data)
    APBAHBPrescTable                         0x20000014   Data          16  stm32f10x_rcc.o(.data)
    ADCPrescTable                            0x20000024   Data           4  stm32f10x_rcc.o(.data)
    .data                                    0x20000028   Section        4  delay.o(.data)
    CPU_CLK                                  0x20000028   Data           4  delay.o(.data)
    .data                                    0x2000002c   Section       16  main.o(.data)
    .data                                    0x2000003c   Section        4  usb_core.o(.data)
    .data                                    0x20000040   Section       20  usb_init.o(.data)
    .data                                    0x20000054   Section        4  usb_int.o(.data)
    .data                                    0x20000058   Section       16  hw_config.o(.data)
    .data                                    0x20000068   Section      665  usb_desc.o(.data)
    .data                                    0x20000304   Section       70  usb_istr.o(.data)
    .data                                    0x2000034c   Section      176  usb_prop.o(.data)
    .data                                    0x200003fc   Section       14  usb_pwr.o(.data)
    .bss                                     0x2000040c   Section       28  usb_init.o(.bss)
    .bss                                     0x20000428   Section       32  usb_pwr.o(.bss)
    .bss                                     0x20000448   Section     1024  dfu_mal.o(.bss)
    STACK                                    0x20000848   Section     1024  startup_stm32f10x_hd.o(STACK)

    Global Symbols

    Symbol Name                              Value     Ov Type        Size  Object(Section)

    BuildAttributes$$THM_ISAv4$P$D$K$B$S$PE$A:L22UL41UL21$X:L11$S22US41US21$IEEE1$IW$USESV6$~STKCKD$USESV7$~SHL$OSPACE$ROPI$EBA8$MICROLIB$REQ8$PRES8$EABIv2 0x00000000   Number         0  anon$$obj.o ABSOLUTE
    __ARM_use_no_argv                        0x00000000   Number         0  main.o ABSOLUTE
    _printf_a                                0x00000000   Number         0  stubs.o ABSOLUTE
    _printf_c                                0x00000000   Number         0  stubs.o ABSOLUTE
    _printf_charcount                        0x00000000   Number         0  stubs.o ABSOLUTE
    _printf_d                                0x00000000   Number         0  stubs.o ABSOLUTE
    _printf_e                                0x00000000   Number         0  stubs.o ABSOLUTE
    _printf_f                                0x00000000   Number         0  stubs.o ABSOLUTE
    _printf_flags                            0x00000000   Number         0  stubs.o ABSOLUTE
    _printf_fp_dec                           0x00000000   Number         0  stubs.o ABSOLUTE
    _printf_fp_hex                           0x00000000   Number         0  stubs.o ABSOLUTE
    _printf_g                                0x00000000   Number         0  stubs.o ABSOLUTE
    _printf_i                                0x00000000   Number         0  stubs.o ABSOLUTE
    _printf_int_dec                          0x00000000   Number         0  stubs.o ABSOLUTE
    _printf_l                                0x00000000   Number         0  stubs.o ABSOLUTE
    _printf_lc                               0x00000000   Number         0  stubs.o ABSOLUTE
    _printf_ll                               0x00000000   Number         0  stubs.o ABSOLUTE
    _printf_lld                              0x00000000   Number         0  stubs.o ABSOLUTE
    _printf_lli                              0x00000000   Number         0  stubs.o ABSOLUTE
    _printf_llo                              0x00000000   Number         0  stubs.o ABSOLUTE
    _printf_llu                              0x00000000   Number         0  stubs.o ABSOLUTE
    _printf_llx                              0x00000000   Number         0  stubs.o ABSOLUTE
    _printf_longlong_dec                     0x00000000   Number         0  stubs.o ABSOLUTE
    _printf_longlong_hex                     0x00000000   Number         0  stubs.o ABSOLUTE
    _printf_longlong_oct                     0x00000000   Number         0  stubs.o ABSOLUTE
    _printf_ls                               0x00000000   Number         0  stubs.o ABSOLUTE
    _printf_mbtowc                           0x00000000   Number         0  stubs.o ABSOLUTE
    _printf_n                                0x00000000   Number         0  stubs.o ABSOLUTE
    _printf_o                                0x00000000   Number         0  stubs.o ABSOLUTE
    _printf_p                                0x00000000   Number         0  stubs.o ABSOLUTE
    _printf_percent                          0x00000000   Number         0  stubs.o ABSOLUTE
    _printf_pre_padding                      0x00000000   Number         0  stubs.o ABSOLUTE
    _printf_return_value                     0x00000000   Number         0  stubs.o ABSOLUTE
    _printf_s                                0x00000000   Number         0  stubs.o ABSOLUTE
    _printf_sizespec                         0x00000000   Number         0  stubs.o ABSOLUTE
    _printf_str                              0x00000000   Number         0  stubs.o ABSOLUTE
    _printf_truncate_signed                  0x00000000   Number         0  stubs.o ABSOLUTE
    _printf_truncate_unsigned                0x00000000   Number         0  stubs.o ABSOLUTE
    _printf_u                                0x00000000   Number         0  stubs.o ABSOLUTE
    _printf_wc                               0x00000000   Number         0  stubs.o ABSOLUTE
    _printf_wctomb                           0x00000000   Number         0  stubs.o ABSOLUTE
    _printf_widthprec                        0x00000000   Number         0  stubs.o ABSOLUTE
    _printf_x                                0x00000000   Number         0  stubs.o ABSOLUTE
    _clock_init                               - Undefined Weak Reference
    __Vectors_Size                           0x00000130   Number         0  startup_stm32f10x_hd.o ABSOLUTE
    __Vectors                                0x08000000   Data           4  startup_stm32f10x_hd.o(RESET)
    __Vectors_End                            0x08000130   Data           0  startup_stm32f10x_hd.o(RESET)
    __main                                   0x08000131   Thumb Code     0  entry.o(.ARM.Collect$$$$00000000)
    _main_stk                                0x08000131   Thumb Code     0  entry2.o(.ARM.Collect$$$$00000001)
    _main_scatterload                        0x08000135   Thumb Code     0  entry5.o(.ARM.Collect$$$$00000004)
    __main_after_scatterload                 0x08000139   Thumb Code     0  entry5.o(.ARM.Collect$$$$00000004)
    _main_clock                              0x08000139   Thumb Code     0  entry7b.o(.ARM.Collect$$$$00000008)
    _main_init                               0x08000139   Thumb Code     0  entry8.o(.ARM.Collect$$$$00000009)
    __get_PSP                                0x08000145   Thumb Code     6  core_cm3.o(.emb_text)
    __set_PSP                                0x0800014b   Thumb Code     6  core_cm3.o(.emb_text)
    __get_MSP                                0x08000151   Thumb Code     6  core_cm3.o(.emb_text)
    __set_MSP                                0x08000157   Thumb Code     6  core_cm3.o(.emb_text)
    __REV16                                  0x0800015d   Thumb Code     4  core_cm3.o(.emb_text)
    __REVSH                                  0x08000161   Thumb Code     4  core_cm3.o(.emb_text)
    WFI_SET                                  0x08000165   Thumb Code     2  sys.o(.emb_text)
    Reset_Handler                            0x08000169   Thumb Code     8  startup_stm32f10x_hd.o(.text)
    ADC1_2_IRQHandler                        0x08000183   Thumb Code     0  startup_stm32f10x_hd.o(.text)
    ADC3_IRQHandler                          0x08000183   Thumb Code     0  startup_stm32f10x_hd.o(.text)
    CAN1_RX1_IRQHandler                      0x08000183   Thumb Code     0  startup_stm32f10x_hd.o(.text)
    CAN1_SCE_IRQHandler                      0x08000183   Thumb Code     0  startup_stm32f10x_hd.o(.text)
    DMA1_Channel1_IRQHandler                 0x08000183   Thumb Code     0  startup_stm32f10x_hd.o(.text)
    DMA1_Channel2_IRQHandler                 0x08000183   Thumb Code     0  startup_stm32f10x_hd.o(.text)
    DMA1_Channel3_IRQHandler                 0x08000183   Thumb Code     0  startup_stm32f10x_hd.o(.text)
    DMA1_Channel4_IRQHandler                 0x08000183   Thumb Code     0  startup_stm32f10x_hd.o(.text)
    DMA1_Channel5_IRQHandler                 0x08000183   Thumb Code     0  startup_stm32f10x_hd.o(.text)
    DMA1_Channel6_IRQHandler                 0x08000183   Thumb Code     0  startup_stm32f10x_hd.o(.text)
    DMA1_Channel7_IRQHandler                 0x08000183   Thumb Code     0  startup_stm32f10x_hd.o(.text)
    DMA2_Channel1_IRQHandler                 0x08000183   Thumb Code     0  startup_stm32f10x_hd.o(.text)
    DMA2_Channel2_IRQHandler                 0x08000183   Thumb Code     0  startup_stm32f10x_hd.o(.text)
    DMA2_Channel3_IRQHandler                 0x08000183   Thumb Code     0  startup_stm32f10x_hd.o(.text)
    DMA2_Channel4_5_IRQHandler               0x08000183   Thumb Code     0  startup_stm32f10x_hd.o(.text)
    EXTI15_10_IRQHandler                     0x08000183   Thumb Code     0  startup_stm32f10x_hd.o(.text)
    EXTI1_IRQHandler                         0x08000183   Thumb Code     0  startup_stm32f10x_hd.o(.text)
    EXTI2_IRQHandler                         0x08000183   Thumb Code     0  startup_stm32f10x_hd.o(.text)
    EXTI3_IRQHandler                         0x08000183   Thumb Code     0  startup_stm32f10x_hd.o(.text)
    EXTI4_IRQHandler                         0x08000183   Thumb Code     0  startup_stm32f10x_hd.o(.text)
    EXTI9_5_IRQHandler                       0x08000183   Thumb Code     0  startup_stm32f10x_hd.o(.text)
    FLASH_IRQHandler                         0x08000183   Thumb Code     0  startup_stm32f10x_hd.o(.text)
    FSMC_IRQHandler                          0x08000183   Thumb Code     0  startup_stm32f10x_hd.o(.text)
    I2C1_ER_IRQHandler                       0x08000183   Thumb Code     0  startup_stm32f10x_hd.o(.text)
    I2C1_EV_IRQHandler                       0x08000183   Thumb Code     0  startup_stm32f10x_hd.o(.text)
    I2C2_ER_IRQHandler                       0x08000183   Thumb Code     0  startup_stm32f10x_hd.o(.text)
    I2C2_EV_IRQHandler                       0x08000183   Thumb Code     0  startup_stm32f10x_hd.o(.text)
    PVD_IRQHandler                           0x08000183   Thumb Code     0  startup_stm32f10x_hd.o(.text)
    RCC_IRQHandler                           0x08000183   Thumb Code     0  startup_stm32f10x_hd.o(.text)
    RTCAlarm_IRQHandler                      0x08000183   Thumb Code     0  startup_stm32f10x_hd.o(.text)
    RTC_IRQHandler                           0x08000183   Thumb Code     0  startup_stm32f10x_hd.o(.text)
    SDIO_IRQHandler                          0x08000183   Thumb Code     0  startup_stm32f10x_hd.o(.text)
    SPI1_IRQHandler                          0x08000183   Thumb Code     0  startup_stm32f10x_hd.o(.text)
    SPI2_IRQHandler                          0x08000183   Thumb Code     0  startup_stm32f10x_hd.o(.text)
    SPI3_IRQHandler                          0x08000183   Thumb Code     0  startup_stm32f10x_hd.o(.text)
    TAMPER_IRQHandler                        0x08000183   Thumb Code     0  startup_stm32f10x_hd.o(.text)
    TIM1_BRK_IRQHandler                      0x08000183   Thumb Code     0  startup_stm32f10x_hd.o(.text)
    TIM1_CC_IRQHandler                       0x08000183   Thumb Code     0  startup_stm32f10x_hd.o(.text)
    TIM1_TRG_COM_IRQHandler                  0x08000183   Thumb Code     0  startup_stm32f10x_hd.o(.text)
    TIM1_UP_IRQHandler                       0x08000183   Thumb Code     0  startup_stm32f10x_hd.o(.text)
    TIM2_IRQHandler                          0x08000183   Thumb Code     0  startup_stm32f10x_hd.o(.text)
    TIM3_IRQHandler                          0x08000183   Thumb Code     0  startup_stm32f10x_hd.o(.text)
    TIM4_IRQHandler                          0x08000183   Thumb Code     0  startup_stm32f10x_hd.o(.text)
    TIM5_IRQHandler                          0x08000183   Thumb Code     0  startup_stm32f10x_hd.o(.text)
    TIM6_IRQHandler                          0x08000183   Thumb Code     0  startup_stm32f10x_hd.o(.text)
    TIM7_IRQHandler                          0x08000183   Thumb Code     0  startup_stm32f10x_hd.o(.text)
    TIM8_BRK_IRQHandler                      0x08000183   Thumb Code     0  startup_stm32f10x_hd.o(.text)
    TIM8_CC_IRQHandler                       0x08000183   Thumb Code     0  startup_stm32f10x_hd.o(.text)
    TIM8_TRG_COM_IRQHandler                  0x08000183   Thumb Code     0  startup_stm32f10x_hd.o(.text)
    TIM8_UP_IRQHandler                       0x08000183   Thumb Code     0  startup_stm32f10x_hd.o(.text)
    UART4_IRQHandler                         0x08000183   Thumb Code     0  startup_stm32f10x_hd.o(.text)
    UART5_IRQHandler                         0x08000183   Thumb Code     0  startup_stm32f10x_hd.o(.text)
    USART1_IRQHandler                        0x08000183   Thumb Code     0  startup_stm32f10x_hd.o(.text)
    USART2_IRQHandler                        0x08000183   Thumb Code     0  startup_stm32f10x_hd.o(.text)
    USART3_IRQHandler                        0x08000183   Thumb Code     0  startup_stm32f10x_hd.o(.text)
    USB_HP_CAN1_TX_IRQHandler                0x08000183   Thumb Code     0  startup_stm32f10x_hd.o(.text)
    WWDG_IRQHandler                          0x08000183   Thumb Code     0  startup_stm32f10x_hd.o(.text)
    USB_LP_CAN1_RX0_IRQHandler               0x0800018d   Thumb Code     8  stm32f10x_it.o(.text)
    USBWakeUp_IRQHandler                     0x08000195   Thumb Code    12  stm32f10x_it.o(.text)
    EXTI0_IRQHandler                         0x080001a1   Thumb Code    36  stm32f10x_it.o(.text)
    NMI_Handler                              0x080001c5   Thumb Code     2  stm32f10x_it.o(.text)
    HardFault_Handler                        0x080001c7   Thumb Code    32  stm32f10x_it.o(.text)
    MemManage_Handler                        0x080001e7   Thumb Code    32  stm32f10x_it.o(.text)
    BusFault_Handler                         0x08000207   Thumb Code    32  stm32f10x_it.o(.text)
    UsageFault_Handler                       0x08000227   Thumb Code    32  stm32f10x_it.o(.text)
    SVC_Handler                              0x08000247   Thumb Code     2  stm32f10x_it.o(.text)
    DebugMon_Handler                         0x08000249   Thumb Code     2  stm32f10x_it.o(.text)
    PendSV_Handler                           0x0800024b   Thumb Code     2  stm32f10x_it.o(.text)
    SysTick_Handler                          0x0800024d   Thumb Code     2  stm32f10x_it.o(.text)
    SystemInit                               0x08000325   Thumb Code    78  system_stm32f10x.o(.text)
    SystemCoreClockUpdate                    0x08000373   Thumb Code   142  system_stm32f10x.o(.text)
    NVIC_PriorityGroupConfig                 0x08000425   Thumb Code    10  misc.o(.text)
    NVIC_Init                                0x0800042f   Thumb Code   102  misc.o(.text)
    NVIC_SetVectorTable                      0x08000495   Thumb Code    14  misc.o(.text)
    NVIC_SystemLPConfig                      0x080004a3   Thumb Code    34  misc.o(.text)
    SysTick_CLKSourceConfig                  0x080004c5   Thumb Code    40  misc.o(.text)
    GPIO_DeInit                              0x08000501   Thumb Code   172  stm32f10x_gpio.o(.text)
    GPIO_AFIODeInit                          0x080005ad   Thumb Code    20  stm32f10x_gpio.o(.text)
    GPIO_Init                                0x080005c1   Thumb Code   274  stm32f10x_gpio.o(.text)
    GPIO_StructInit                          0x080006d3   Thumb Code    16  stm32f10x_gpio.o(.text)
    GPIO_ReadInputDataBit                    0x080006e3   Thumb Code    18  stm32f10x_gpio.o(.text)
    GPIO_ReadInputData                       0x080006f5   Thumb Code     8  stm32f10x_gpio.o(.text)
    GPIO_ReadOutputDataBit                   0x080006fd   Thumb Code    18  stm32f10x_gpio.o(.text)
    GPIO_ReadOutputData                      0x0800070f   Thumb Code     8  stm32f10x_gpio.o(.text)
    GPIO_SetBits                             0x08000717   Thumb Code     4  stm32f10x_gpio.o(.text)
    GPIO_ResetBits                           0x0800071b   Thumb Code     4  stm32f10x_gpio.o(.text)
    GPIO_WriteBit                            0x0800071f   Thumb Code    10  stm32f10x_gpio.o(.text)
    GPIO_Write                               0x08000729   Thumb Code     4  stm32f10x_gpio.o(.text)
    GPIO_PinLockConfig                       0x0800072d   Thumb Code    18  stm32f10x_gpio.o(.text)
    GPIO_EventOutputConfig                   0x0800073f   Thumb Code    26  stm32f10x_gpio.o(.text)
    GPIO_EventOutputCmd                      0x08000759   Thumb Code     6  stm32f10x_gpio.o(.text)
    GPIO_PinRemapConfig                      0x0800075f   Thumb Code   138  stm32f10x_gpio.o(.text)
    GPIO_EXTILineConfig                      0x080007e9   Thumb Code    66  stm32f10x_gpio.o(.text)
    GPIO_ETH_MediaInterfaceConfig            0x0800082b   Thumb Code     6  stm32f10x_gpio.o(.text)
    EXTI_DeInit                              0x08000859   Thumb Code    28  stm32f10x_exti.o(.text)
    EXTI_Init                                0x08000875   Thumb Code   142  stm32f10x_exti.o(.text)
    EXTI_StructInit                          0x08000903   Thumb Code    16  stm32f10x_exti.o(.text)
    EXTI_GenerateSWInterrupt                 0x08000913   Thumb Code    16  stm32f10x_exti.o(.text)
    EXTI_GetFlagStatus                       0x08000923   Thumb Code    22  stm32f10x_exti.o(.text)
    EXTI_ClearFlag                           0x08000939   Thumb Code     8  stm32f10x_exti.o(.text)
    EXTI_GetITStatus                         0x08000941   Thumb Code    34  stm32f10x_exti.o(.text)
    EXTI_ClearITPendingBit                   0x08000963   Thumb Code     8  stm32f10x_exti.o(.text)
    FLASH_SetLatency                         0x08000975   Thumb Code    18  stm32f10x_flash.o(.text)
    FLASH_HalfCycleAccessCmd                 0x08000987   Thumb Code    22  stm32f10x_flash.o(.text)
    FLASH_PrefetchBufferCmd                  0x0800099d   Thumb Code    22  stm32f10x_flash.o(.text)
    FLASH_Unlock                             0x080009b3   Thumb Code    12  stm32f10x_flash.o(.text)
    FLASH_UnlockBank1                        0x080009bf   Thumb Code    12  stm32f10x_flash.o(.text)
    FLASH_Lock                               0x080009cb   Thumb Code    14  stm32f10x_flash.o(.text)
    FLASH_LockBank1                          0x080009d9   Thumb Code    14  stm32f10x_flash.o(.text)
    FLASH_GetBank1Status                     0x080009e7   Thumb Code    48  stm32f10x_flash.o(.text)
    FLASH_WaitForLastOperation               0x08000a17   Thumb Code    38  stm32f10x_flash.o(.text)
    FLASH_ErasePage                          0x08000a3d   Thumb Code    72  stm32f10x_flash.o(.text)
    FLASH_EraseAllPages                      0x08000a85   Thumb Code    68  stm32f10x_flash.o(.text)
    FLASH_WaitForLastBank1Operation          0x08000ac9   Thumb Code    38  stm32f10x_flash.o(.text)
    FLASH_EraseAllBank1Pages                 0x08000aef   Thumb Code    68  stm32f10x_flash.o(.text)
    FLASH_GetReadOutProtectionStatus         0x08000b33   Thumb Code    20  stm32f10x_flash.o(.text)
    FLASH_EraseOptionBytes                   0x08000b47   Thumb Code   150  stm32f10x_flash.o(.text)
    FLASH_ProgramWord                        0x08000bdd   Thumb Code    96  stm32f10x_flash.o(.text)
    FLASH_ProgramHalfWord                    0x08000c3d   Thumb Code    60  stm32f10x_flash.o(.text)
    FLASH_ProgramOptionByteData              0x08000c79   Thumb Code    72  stm32f10x_flash.o(.text)
    FLASH_EnableWriteProtection              0x08000cc1   Thumb Code   200  stm32f10x_flash.o(.text)
    FLASH_ReadOutProtection                  0x08000d89   Thumb Code   156  stm32f10x_flash.o(.text)
    FLASH_UserOptionByteConfig               0x08000e25   Thumb Code    88  stm32f10x_flash.o(.text)
    FLASH_GetUserOptionByte                  0x08000e7d   Thumb Code     8  stm32f10x_flash.o(.text)
    FLASH_GetWriteProtectionOptionByte       0x08000e85   Thumb Code     6  stm32f10x_flash.o(.text)
    FLASH_GetPrefetchBufferStatus            0x08000e8b   Thumb Code    20  stm32f10x_flash.o(.text)
    FLASH_ITConfig                           0x08000e9f   Thumb Code    26  stm32f10x_flash.o(.text)
    FLASH_GetFlagStatus                      0x08000eb9   Thumb Code    42  stm32f10x_flash.o(.text)
    FLASH_ClearFlag                          0x08000ee3   Thumb Code     6  stm32f10x_flash.o(.text)
    FLASH_GetStatus                          0x08000ee9   Thumb Code    48  stm32f10x_flash.o(.text)
    RCC_DeInit                               0x08000f29   Thumb Code    64  stm32f10x_rcc.o(.text)
    RCC_HSEConfig                            0x08000f69   Thumb Code    70  stm32f10x_rcc.o(.text)
    RCC_GetFlagStatus                        0x08000faf   Thumb Code    56  stm32f10x_rcc.o(.text)
    RCC_WaitForHSEStartUp                    0x08000fe7   Thumb Code    48  stm32f10x_rcc.o(.text)
    RCC_AdjustHSICalibrationValue            0x08001017   Thumb Code    20  stm32f10x_rcc.o(.text)
    RCC_HSICmd                               0x0800102b   Thumb Code     6  stm32f10x_rcc.o(.text)
    RCC_PLLConfig                            0x08001031   Thumb Code    24  stm32f10x_rcc.o(.text)
    RCC_PLLCmd                               0x08001049   Thumb Code     6  stm32f10x_rcc.o(.text)
    RCC_SYSCLKConfig                         0x0800104f   Thumb Code    18  stm32f10x_rcc.o(.text)
    RCC_GetSYSCLKSource                      0x08001061   Thumb Code    10  stm32f10x_rcc.o(.text)
    RCC_HCLKConfig                           0x0800106b   Thumb Code    18  stm32f10x_rcc.o(.text)
    RCC_PCLK1Config                          0x0800107d   Thumb Code    18  stm32f10x_rcc.o(.text)
    RCC_PCLK2Config                          0x0800108f   Thumb Code    20  stm32f10x_rcc.o(.text)
    RCC_ITConfig                             0x080010a3   Thumb Code    26  stm32f10x_rcc.o(.text)
    RCC_USBCLKConfig                         0x080010bd   Thumb Code     6  stm32f10x_rcc.o(.text)
    RCC_ADCCLKConfig                         0x080010c3   Thumb Code    18  stm32f10x_rcc.o(.text)
    RCC_LSEConfig                            0x080010d5   Thumb Code    44  stm32f10x_rcc.o(.text)
    RCC_LSICmd                               0x08001101   Thumb Code     6  stm32f10x_rcc.o(.text)
    RCC_RTCCLKConfig                         0x08001107   Thumb Code    12  stm32f10x_rcc.o(.text)
    RCC_RTCCLKCmd                            0x08001113   Thumb Code     8  stm32f10x_rcc.o(.text)
    RCC_GetClocksFreq                        0x0800111b   Thumb Code   192  stm32f10x_rcc.o(.text)
    RCC_AHBPeriphClockCmd                    0x080011db   Thumb Code    26  stm32f10x_rcc.o(.text)
    RCC_APB2PeriphClockCmd                   0x080011f5   Thumb Code    26  stm32f10x_rcc.o(.text)
    RCC_APB1PeriphClockCmd                   0x0800120f   Thumb Code    26  stm32f10x_rcc.o(.text)
    RCC_APB2PeriphResetCmd                   0x08001229   Thumb Code    26  stm32f10x_rcc.o(.text)
    RCC_APB1PeriphResetCmd                   0x08001243   Thumb Code    26  stm32f10x_rcc.o(.text)
    RCC_BackupResetCmd                       0x0800125d   Thumb Code     8  stm32f10x_rcc.o(.text)
    RCC_ClockSecuritySystemCmd               0x08001265   Thumb Code     6  stm32f10x_rcc.o(.text)
    RCC_MCOConfig                            0x0800126b   Thumb Code     6  stm32f10x_rcc.o(.text)
    RCC_ClearFlag                            0x08001271   Thumb Code    14  stm32f10x_rcc.o(.text)
    RCC_GetITStatus                          0x0800127f   Thumb Code    20  stm32f10x_rcc.o(.text)
    RCC_ClearITPendingBit                    0x08001293   Thumb Code     6  stm32f10x_rcc.o(.text)
    delay_init                               0x080012c5   Thumb Code    42  delay.o(.text)
    delay_us                                 0x080012ef   Thumb Code    62  delay.o(.text)
    STM32_GPIOx_Init                         0x0800133d   Thumb Code    48  sys.o(.text)
    STM32_Flash_Capacity                     0x0800136d   Thumb Code   154  sys.o(.text)
    STM32_CPUID                              0x08001407   Thumb Code    20  sys.o(.text)
    MY_NVIC_SetVectorTable                   0x0800141b   Thumb Code    14  sys.o(.text)
    MY_NVIC_PriorityGroup_Config             0x08001429   Thumb Code    12  sys.o(.text)
    MY_NVIC_Init                             0x08001435   Thumb Code    42  sys.o(.text)
    MY_RCC_DeInit                            0x0800145f   Thumb Code    90  sys.o(.text)
    SYS_Standby                              0x080014b9   Thumb Code    68  sys.o(.text)
    SYS_SoftReset                            0x080014fd   Thumb Code    10  sys.o(.text)
    STM_JTAG_Set                             0x08001507   Thumb Code    36  sys.o(.text)
    STM_Clock_Init                           0x0800152b   Thumb Code   130  sys.o(.text)
    BCD_to_HEX                               0x080015ad   Thumb Code    26  sys.o(.text)
    HEX_to_BCD                               0x080015c7   Thumb Code    20  sys.o(.text)
    DX_to_HX                                 0x080015db   Thumb Code    70  sys.o(.text)
    HX_to_DX                                 0x08001621   Thumb Code    48  sys.o(.text)
    main                                     0x08001685   Thumb Code   142  main.o(.text)
    LED_Init                                 0x08001735   Thumb Code    50  led.o(.text)
    Standard_GetConfiguration                0x0800176d   Thumb Code    34  usb_core.o(.text)
    Standard_SetConfiguration                0x0800178f   Thumb Code    60  usb_core.o(.text)
    Standard_GetInterface                    0x080017cb   Thumb Code    34  usb_core.o(.text)
    Standard_SetInterface                    0x080017ed   Thumb Code    96  usb_core.o(.text)
    Standard_GetStatus                       0x0800184d   Thumb Code   230  usb_core.o(.text)
    Standard_ClearFeature                    0x08001933   Thumb Code   308  usb_core.o(.text)
    Standard_SetEndPointFeature              0x08001a67   Thumb Code   168  usb_core.o(.text)
    Standard_SetDeviceFeature                0x08001b0f   Thumb Code    30  usb_core.o(.text)
    Standard_GetDescriptorData               0x08001b2d   Thumb Code    32  usb_core.o(.text)
    Post0_Process                            0x0800206d   Thumb Code    54  usb_core.o(.text)
    Setup0_Process                           0x080020a3   Thumb Code   170  usb_core.o(.text)
    SetDeviceAddress                         0x0800214d   Thumb Code    66  usb_core.o(.text)
    In0_Process                              0x0800218f   Thumb Code    98  usb_core.o(.text)
    Out0_Process                             0x080021f1   Thumb Code    70  usb_core.o(.text)
    NOP_Process                              0x08002237   Thumb Code     2  usb_core.o(.text)
    USB_Init                                 0x08002261   Thumb Code    36  usb_init.o(.text)
    CTR_LP                                   0x0800229d   Thumb Code   566  usb_int.o(.text)
    CTR_HP                                   0x080024d3   Thumb Code   156  usb_int.o(.text)
    UserToPMABufferCopy                      0x0800258d   Thumb Code    52  usb_mem.o(.text)
    PMAToUserBufferCopy                      0x080025c1   Thumb Code    34  usb_mem.o(.text)
    SetCNTR                                  0x080025e9   Thumb Code     6  usb_regs.o(.text)
    GetCNTR                                  0x080025ef   Thumb Code     8  usb_regs.o(.text)
    SetISTR                                  0x080025f7   Thumb Code     8  usb_regs.o(.text)
    GetISTR                                  0x080025ff   Thumb Code    10  usb_regs.o(.text)
    GetFNR                                   0x08002609   Thumb Code    10  usb_regs.o(.text)
    SetDADDR                                 0x08002613   Thumb Code     8  usb_regs.o(.text)
    GetDADDR                                 0x0800261b   Thumb Code    10  usb_regs.o(.text)
    SetBTABLE                                0x08002625   Thumb Code    14  usb_regs.o(.text)
    GetBTABLE                                0x08002633   Thumb Code    10  usb_regs.o(.text)
    SetENDPOINT                              0x0800263d   Thumb Code    10  usb_regs.o(.text)
    GetENDPOINT                              0x08002647   Thumb Code    14  usb_regs.o(.text)
    SetEPType                                0x08002655   Thumb Code    26  usb_regs.o(.text)
    GetEPType                                0x0800266f   Thumb Code    16  usb_regs.o(.text)
    SetEPTxStatus                            0x0800267f   Thumb Code    56  usb_regs.o(.text)
    SetEPRxStatus                            0x080026b7   Thumb Code    56  usb_regs.o(.text)
    SetDouBleBuffEPStall                     0x080026ef   Thumb Code    50  usb_regs.o(.text)
    GetEPTxStatus                            0x08002721   Thumb Code    16  usb_regs.o(.text)
    GetEPRxStatus                            0x08002731   Thumb Code    16  usb_regs.o(.text)
    SetEPTxValid                             0x08002741   Thumb Code    42  usb_regs.o(.text)
    SetEPRxValid                             0x0800276b   Thumb Code    42  usb_regs.o(.text)
    SetEP_KIND                               0x08002795   Thumb Code    34  usb_regs.o(.text)
    ClearEP_KIND                             0x080027b7   Thumb Code    30  usb_regs.o(.text)
    Clear_Status_Out                         0x080027d5   Thumb Code    30  usb_regs.o(.text)
    Set_Status_Out                           0x080027f3   Thumb Code    34  usb_regs.o(.text)
    SetEPDoubleBuff                          0x08002815   Thumb Code    34  usb_regs.o(.text)
    ClearEPDoubleBuff                        0x08002837   Thumb Code    30  usb_regs.o(.text)
    GetTxStallStatus                         0x08002855   Thumb Code    26  usb_regs.o(.text)
    GetRxStallStatus                         0x0800286f   Thumb Code    28  usb_regs.o(.text)
    ClearEP_CTR_RX                           0x0800288b   Thumb Code    28  usb_regs.o(.text)
    ClearEP_CTR_TX                           0x080028a7   Thumb Code    24  usb_regs.o(.text)
    ToggleDTOG_RX                            0x080028bf   Thumb Code    30  usb_regs.o(.text)
    ToggleDTOG_TX                            0x080028dd   Thumb Code    30  usb_regs.o(.text)
    ClearDTOG_RX                             0x080028fb   Thumb Code    44  usb_regs.o(.text)
    ClearDTOG_TX                             0x08002927   Thumb Code    44  usb_regs.o(.text)
    SetEPAddress                             0x08002953   Thumb Code    32  usb_regs.o(.text)
    GetEPAddress                             0x08002973   Thumb Code    16  usb_regs.o(.text)
    SetEPTxAddr                              0x08002983   Thumb Code    26  usb_regs.o(.text)
    SetEPRxAddr                              0x0800299d   Thumb Code    28  usb_regs.o(.text)
    GetEPTxAddr                              0x080029b9   Thumb Code    32  usb_regs.o(.text)
    GetEPRxAddr                              0x080029d9   Thumb Code    24  usb_regs.o(.text)
    SetEPTxCount                             0x080029f1   Thumb Code    20  usb_regs.o(.text)
    SetEPCountRxReg                          0x08002a05   Thumb Code    48  usb_regs.o(.text)
    SetEPRxCount                             0x08002a35   Thumb Code    68  usb_regs.o(.text)
    GetEPTxCount                             0x08002a79   Thumb Code    26  usb_regs.o(.text)
    GetEPRxCount                             0x08002a93   Thumb Code    26  usb_regs.o(.text)
    SetEPDblBuffAddr                         0x08002aad   Thumb Code    44  usb_regs.o(.text)
    SetEPDblBuf0Addr                         0x08002ad9   Thumb Code    24  usb_regs.o(.text)
    SetEPDblBuf1Addr                         0x08002af1   Thumb Code    26  usb_regs.o(.text)
    GetEPDblBuf0Addr                         0x08002b0b   Thumb Code    22  usb_regs.o(.text)
    GetEPDblBuf1Addr                         0x08002b21   Thumb Code    24  usb_regs.o(.text)
    SetEPDblBuffCount                        0x08002b39   Thumb Code   186  usb_regs.o(.text)
    SetEPDblBuf0Count                        0x08002bf3   Thumb Code    96  usb_regs.o(.text)
    SetEPDblBuf1Count                        0x08002c53   Thumb Code    96  usb_regs.o(.text)
    GetEPDblBuf0Count                        0x08002cb3   Thumb Code    26  usb_regs.o(.text)
    GetEPDblBuf1Count                        0x08002ccd   Thumb Code    26  usb_regs.o(.text)
    GetEPDblBufDir                           0x08002ce7   Thumb Code    62  usb_regs.o(.text)
    FreeUserBuffer                           0x08002d25   Thumb Code    68  usb_regs.o(.text)
    ToWord                                   0x08002d69   Thumb Code     8  usb_regs.o(.text)
    ByteSwap                                 0x08002d71   Thumb Code    12  usb_regs.o(.text)
    USB_SIL_Init                             0x08002d85   Thumb Code    28  usb_sil.o(.text)
    USB_SIL_Write                            0x08002da1   Thumb Code    46  usb_sil.o(.text)
    USB_SIL_Read                             0x08002dcf   Thumb Code    46  usb_sil.o(.text)
    USB_Cable_Config                         0x08002e05   Thumb Code    18  hw_config.o(.text)
    Set_System                               0x08002e17   Thumb Code    48  hw_config.o(.text)
    Set_USBClock                             0x08002e47   Thumb Code    18  hw_config.o(.text)
    Enter_LowPowerMode                       0x08002e59   Thumb Code     8  hw_config.o(.text)
    Leave_LowPowerMode                       0x08002e61   Thumb Code    28  hw_config.o(.text)
    DFU_Button_Config                        0x08002e7d   Thumb Code    20  hw_config.o(.text)
    DFU_Button_Read                          0x08002e91   Thumb Code    12  hw_config.o(.text)
    USB_Interrupts_Config                    0x08002e9d   Thumb Code    56  hw_config.o(.text)
    Reset_Device                             0x08002ed5   Thumb Code    36  hw_config.o(.text)
    Get_SerialNum                            0x08002f37   Thumb Code    42  hw_config.o(.text)
    USB_Istr                                 0x08002f89   Thumb Code   410  usb_istr.o(.text)
    DFU_init                                 0x08003145   Thumb Code    32  usb_prop.o(.text)
    DFU_Reset                                0x08003165   Thumb Code   154  usb_prop.o(.text)
    DFU_SetConfiguration                     0x080031ff   Thumb Code    14  usb_prop.o(.text)
    DFU_SetDeviceAddress                     0x0800320d   Thumb Code     8  usb_prop.o(.text)
    DFU_Status_In                            0x08003215   Thumb Code     2  usb_prop.o(.text)
    DFU_write_crc                            0x08003217   Thumb Code    74  usb_prop.o(.text)
    DFU_Status_Out                           0x08003261   Thumb Code   272  usb_prop.o(.text)
    GETSTATUS                                0x08003371   Thumb Code   202  usb_prop.o(.text)
    GETSTATE                                 0x0800343b   Thumb Code    20  usb_prop.o(.text)
    DNLOAD                                   0x0800344f   Thumb Code    96  usb_prop.o(.text)
    UPLOAD                                   0x080034af   Thumb Code   324  usb_prop.o(.text)
    DFU_Data_Setup                           0x080035f3   Thumb Code   134  usb_prop.o(.text)
    DFU_NoData_Setup                         0x08003679   Thumb Code   264  usb_prop.o(.text)
    DFU_GetDeviceDescriptor                  0x08003781   Thumb Code    14  usb_prop.o(.text)
    DFU_GetConfigDescriptor                  0x0800378f   Thumb Code    14  usb_prop.o(.text)
    DFU_GetStringDescriptor                  0x0800379d   Thumb Code    32  usb_prop.o(.text)
    DFU_Get_Interface_Setting                0x080037bd   Thumb Code    22  usb_prop.o(.text)
    PowerOn                                  0x08003801   Thumb Code    54  usb_pwr.o(.text)
    PowerOff                                 0x08003837   Thumb Code    28  usb_pwr.o(.text)
    Suspend                                  0x08003853   Thumb Code   226  usb_pwr.o(.text)
    Resume_Init                              0x08003935   Thumb Code    30  usb_pwr.o(.text)
    Resume                                   0x08003953   Thumb Code   194  usb_pwr.o(.text)
    MAL_Init                                 0x08003a31   Thumb Code     4  dfu_mal.o(.text)
    MAL_Erase                                0x08003a35   Thumb Code    14  dfu_mal.o(.text)
    MAL_Write                                0x08003a43   Thumb Code    66  dfu_mal.o(.text)
    MAL_Read                                 0x08003a85   Thumb Code     2  dfu_mal.o(.text)
    MAL_GetStatus                            0x08003a87   Thumb Code    44  dfu_mal.o(.text)
    __aeabi_uldivmod                         0x08003abd   Thumb Code    98  uldiv.o(.text)
    __scatterload                            0x08003b21   Thumb Code    28  init.o(.text)
    __scatterload_rt2                        0x08003b21   Thumb Code     0  init.o(.text)
    __aeabi_llsl                             0x08003b45   Thumb Code    30  llshl.o(.text)
    _ll_shift_l                              0x08003b45   Thumb Code     0  llshl.o(.text)
    __aeabi_llsr                             0x08003b63   Thumb Code    32  llushr.o(.text)
    _ll_ushift_r                             0x08003b63   Thumb Code     0  llushr.o(.text)
    __decompress                             0x08003b83   Thumb Code     0  __dczerorl2.o(.text)
    __decompress1                            0x08003b83   Thumb Code    92  __dczerorl2.o(.text)
    __0sprintf$8                             0x08003be1   Thumb Code    34  printf8.o(i.__0sprintf$8)
    __1sprintf$8                             0x08003be1   Thumb Code     0  printf8.o(i.__0sprintf$8)
    __2sprintf                               0x08003be1   Thumb Code     0  printf8.o(i.__0sprintf$8)
    __scatterload_copy                       0x08003c09   Thumb Code    14  handlers.o(i.__scatterload_copy)
    __scatterload_null                       0x08003c17   Thumb Code     2  handlers.o(i.__scatterload_null)
    __scatterload_zeroinit                   0x08003c19   Thumb Code    14  handlers.o(i.__scatterload_zeroinit)
    Region$$Table$$Base                      0x080040ac   Number         0  anon$$obj.o(Region$$Table)
    Region$$Table$$Limit                     0x080040cc   Number         0  anon$$obj.o(Region$$Table)
    SystemCoreClock                          0x20000000   Data           4  system_stm32f10x.o(.data)
    AHBPrescTable                            0x20000004   Data          16  system_stm32f10x.o(.data)
    DeviceState                              0x2000002c   Data           1  main.o(.data)
    DeviceStatus                             0x2000002d   Data           6  main.o(.data)
    Jump_To_Application                      0x20000034   Data           4  main.o(.data)
    JumpAddress                              0x20000038   Data           4  main.o(.data)
    Data_Mul_MaxPacketSize                   0x2000003c   Data           1  usb_core.o(.data)
    StatusInfo                               0x2000003e   Data           2  usb_core.o(.data)
    EPindex                                  0x20000040   Data           1  usb_init.o(.data)
    pInformation                             0x20000044   Data           4  usb_init.o(.data)
    pProperty                                0x20000048   Data           4  usb_init.o(.data)
    SaveState                                0x2000004c   Data           2  usb_init.o(.data)
    wInterrupt_Mask                          0x2000004e   Data           2  usb_init.o(.data)
    pUser_Standard_Requests                  0x20000050   Data           4  usb_init.o(.data)
    SaveRState                               0x20000054   Data           2  usb_int.o(.data)
    SaveTState                               0x20000056   Data           2  usb_int.o(.data)
    HSEStartUpStatus                         0x20000058   Data           1  hw_config.o(.data)
    EXTI_InitStructure                       0x2000005c   Data           8  hw_config.o(.data)
    NVIC_InitStructure                       0x20000064   Data           4  hw_config.o(.data)
    DFU_DeviceDescriptor                     0x20000068   Data          18  usb_desc.o(.data)
    DFU_ConfigDescriptor                     0x2000007a   Data          45  usb_desc.o(.data)
    DFU_StringLangId                         0x200000a7   Data           4  usb_desc.o(.data)
    DFU_StringVendor                         0x200000ab   Data          38  usb_desc.o(.data)
    DFU_StringProduct                        0x200000d1   Data          20  usb_desc.o(.data)
    DFU_StringSerial                         0x200000e5   Data          26  usb_desc.o(.data)
    DFU_StringInterface0                     0x200000ff   Data          98  usb_desc.o(.data)
    DFU_StringInterface1                     0x20000161   Data          98  usb_desc.o(.data)
    DFU_StringInterface2_1                   0x200001c3   Data         106  usb_desc.o(.data)
    DFU_StringInterface2_2                   0x2000022d   Data         106  usb_desc.o(.data)
    DFU_StringInterface2_3                   0x20000297   Data         106  usb_desc.o(.data)
    bIntPackSOF                              0x20000304   Data           1  usb_istr.o(.data)
    esof_counter                             0x20000308   Data           4  usb_istr.o(.data)
    wCNTR                                    0x2000030c   Data           4  usb_istr.o(.data)
    pEpInt_IN                                0x20000310   Data          28  usb_istr.o(.data)
    pEpInt_OUT                               0x2000032c   Data          28  usb_istr.o(.data)
    wIstr                                    0x20000348   Data           2  usb_istr.o(.data)
    wBlockNum                                0x2000034c   Data           4  usb_prop.o(.data)
    wlength                                  0x20000350   Data           4  usb_prop.o(.data)
    Manifest_State                           0x20000354   Data           4  usb_prop.o(.data)
    Pointer                                  0x20000358   Data           4  usb_prop.o(.data)
    Device_Table                             0x2000035c   Data           2  usb_prop.o(.data)
    Device_Property                          0x20000360   Data          48  usb_prop.o(.data)
    User_Standard_Requests                   0x20000390   Data          36  usb_prop.o(.data)
    Device_Descriptor                        0x200003b4   Data           8  usb_prop.o(.data)
    Config_Descriptor                        0x200003bc   Data           8  usb_prop.o(.data)
    DFU_String_Descriptor                    0x200003c4   Data          56  usb_prop.o(.data)
    bDeviceState                             0x200003fc   Data           4  usb_pwr.o(.data)
    fSuspendEnabled                          0x20000400   Data           1  usb_pwr.o(.data)
    remotewakeupon                           0x20000404   Data           4  usb_pwr.o(.data)
    ResumeS                                  0x20000408   Data           2  usb_pwr.o(.data)
    Device_Info                              0x2000040c   Data          28  usb_init.o(.bss)
    EP                                       0x20000428   Data          32  usb_pwr.o(.bss)
    MAL_Buffer                               0x20000448   Data        1024  dfu_mal.o(.bss)
    __initial_sp                             0x20000c48   Data           0  startup_stm32f10x_hd.o(STACK)



==============================================================================

Memory Map of the image

  Image Entry point : 0x08000131

  Load Region LR_IROM1 (Base: 0x08000000, Size: 0x000044d8, Max: 0x00005000, ABSOLUTE, COMPRESSED[0x00004258])

    Execution Region ER_IROM1 (Base: 0x08000000, Size: 0x000040cc, Max: 0x00005000, ABSOLUTE)

    Base Addr    Size         Type   Attr      Idx    E Section Name        Object

    0x08000000   0x00000130   Data   RO           19    RESET               startup_stm32f10x_hd.o
    0x08000130   0x00000000   Code   RO          593  * .ARM.Collect$$$$00000000  mc_w.l(entry.o)
    0x08000130   0x00000004   Code   RO          857    .ARM.Collect$$$$00000001  mc_w.l(entry2.o)
    0x08000134   0x00000004   Code   RO          860    .ARM.Collect$$$$00000004  mc_w.l(entry5.o)
    0x08000138   0x00000000   Code   RO          862    .ARM.Collect$$$$00000008  mc_w.l(entry7b.o)
    0x08000138   0x00000008   Code   RO          863    .ARM.Collect$$$$00000009  mc_w.l(entry8.o)
    0x08000140   0x00000004   Code   RO          858    .ARM.Collect$$$$00002712  mc_w.l(entry2.o)
    0x08000144   0x00000020   Code   RO            1    .emb_text           core_cm3.o
    0x08000164   0x00000002   Code   RO          310    .emb_text           sys.o
    0x08000166   0x00000002   PAD
    0x08000168   0x00000024   Code   RO           20    .text               startup_stm32f10x_hd.o
    0x0800018c   0x000000d0   Code   RO           24    .text               stm32f10x_it.o
    0x0800025c   0x000001c8   Code   RO          204    .text               system_stm32f10x.o
    0x08000424   0x000000dc   Code   RO          222    .text               misc.o
    0x08000500   0x00000358   Code   RO          234    .text               stm32f10x_gpio.o
    0x08000858   0x0000011c   Code   RO          246    .text               stm32f10x_exti.o
    0x08000974   0x000005b4   Code   RO          258    .text               stm32f10x_flash.o
    0x08000f28   0x0000039c   Code   RO          270    .text               stm32f10x_rcc.o
    0x080012c4   0x00000078   Code   RO          296    .text               delay.o
    0x0800133c   0x00000348   Code   RO          311    .text               sys.o
    0x08001684   0x000000b0   Code   RO          326    .text               main.o
    0x08001734   0x00000038   Code   RO          358    .text               led.o
    0x0800176c   0x00000af4   Code   RO          383    .text               usb_core.o
    0x08002260   0x0000003c   Code   RO          398    .text               usb_init.o
    0x0800229c   0x000002f0   Code   RO          421    .text               usb_int.o
    0x0800258c   0x0000005c   Code   RO          445    .text               usb_mem.o
    0x080025e8   0x0000079c   Code   RO          457    .text               usb_regs.o
    0x08002d84   0x00000080   Code   RO          469    .text               usb_sil.o
    0x08002e04   0x00000184   Code   RO          481    .text               hw_config.o
    0x08002f88   0x000001bc   Code   RO          512    .text               usb_istr.o
    0x08003144   0x000006bc   Code   RO          530    .text               usb_prop.o
    0x08003800   0x00000230   Code   RO          554    .text               usb_pwr.o
    0x08003a30   0x0000008c   Code   RO          573    .text               dfu_mal.o
    0x08003abc   0x00000062   Code   RO          869    .text               mc_w.l(uldiv.o)
    0x08003b1e   0x00000002   PAD
    0x08003b20   0x00000024   Code   RO          882    .text               mc_w.l(init.o)
    0x08003b44   0x0000001e   Code   RO          885    .text               mc_w.l(llshl.o)
    0x08003b62   0x00000020   Code   RO          887    .text               mc_w.l(llushr.o)
    0x08003b82   0x0000005c   Code   RO          902    .text               mc_w.l(__dczerorl2.o)
    0x08003bde   0x00000002   PAD
    0x08003be0   0x00000028   Code   RO          805    i.__0sprintf$8      mc_w.l(printf8.o)
    0x08003c08   0x0000000e   Code   RO          896    i.__scatterload_copy  mc_w.l(handlers.o)
    0x08003c16   0x00000002   Code   RO          897    i.__scatterload_null  mc_w.l(handlers.o)
    0x08003c18   0x0000000e   Code   RO          898    i.__scatterload_zeroinit  mc_w.l(handlers.o)
    0x08003c26   0x00000002   PAD
    0x08003c28   0x00000410   Code   RO          810    i._printf_core      mc_w.l(printf8.o)
    0x08004038   0x00000026   Code   RO          811    i._printf_post_padding  mc_w.l(printf8.o)
    0x0800405e   0x00000030   Code   RO          812    i._printf_pre_padding  mc_w.l(printf8.o)
    0x0800408e   0x0000000a   Code   RO          814    i._sputc            mc_w.l(printf8.o)
    0x08004098   0x00000014   Data   RO          575    .constdata          dfu_mal.o
    0x080040ac   0x00000020   Data   RO          894    Region$$Table       anon$$obj.o


    Execution Region RW_IRAM1 (Base: 0x20000000, Size: 0x00000c48, Max: 0x00005000, ABSOLUTE, COMPRESSED[0x0000018c])

    Base Addr    Size         Type   Attr      Idx    E Section Name        Object

    0x20000000   0x00000014   Data   RW          205    .data               system_stm32f10x.o
    0x20000014   0x00000014   Data   RW          271    .data               stm32f10x_rcc.o
    0x20000028   0x00000004   Data   RW          297    .data               delay.o
    0x2000002c   0x00000010   Data   RW          327    .data               main.o
    0x2000003c   0x00000004   Data   RW          384    .data               usb_core.o
    0x20000040   0x00000014   Data   RW          400    .data               usb_init.o
    0x20000054   0x00000004   Data   RW          422    .data               usb_int.o
    0x20000058   0x00000010   Data   RW          482    .data               hw_config.o
    0x20000068   0x00000299   Data   RW          500    .data               usb_desc.o
    0x20000301   0x00000003   PAD
    0x20000304   0x00000046   Data   RW          513    .data               usb_istr.o
    0x2000034a   0x00000002   PAD
    0x2000034c   0x000000b0   Data   RW          531    .data               usb_prop.o
    0x200003fc   0x0000000e   Data   RW          556    .data               usb_pwr.o
    0x2000040a   0x00000002   PAD
    0x2000040c   0x0000001c   Zero   RW          399    .bss                usb_init.o
    0x20000428   0x00000020   Zero   RW          555    .bss                usb_pwr.o
    0x20000448   0x00000400   Zero   RW          574    .bss                dfu_mal.o
    0x20000848   0x00000400   Zero   RW           17    STACK               startup_stm32f10x_hd.o


==============================================================================

Image component sizes


      Code (inc. data)   RO Data    RW Data    ZI Data      Debug   Object Name

        32          0          0          0          0       4760   core_cm3.o
       120         16          0          4          0        962   delay.o
       140         10         20          0       1024       2243   dfu_mal.o
       388         40          0         16          0      18104   hw_config.o
        56          6          0          0          0        463   led.o
       176         34          0         16          0       1334   main.o
       220         20          0          0          0       1745   misc.o
        36          8        304          0       1024        776   startup_stm32f10x_hd.o
       284         10          0          0          0       2175   stm32f10x_exti.o
      1460         32          0          0          0       7954   stm32f10x_flash.o
       856         40          0          0          0       5585   stm32f10x_gpio.o
       208         14          0          0          0     243787   stm32f10x_it.o
       924         44          0         20          0       8720   stm32f10x_rcc.o
       842         52          0          0          0       3921   sys.o
       456         36          0         20          0       1743   system_stm32f10x.o
      2804        102          0          4          0       7943   usb_core.o
         0          0          0        665          0       1244   usb_desc.o
        60         24          0         20         28       3910   usb_init.o
       752         30          0          4          0       1751   usb_int.o
       444         34          0         70          0       1571   usb_istr.o
        92          6          0          0          0       1286   usb_mem.o
      1724        106          0        176          0       8969   usb_prop.o
       560         36          0         14         32       2875   usb_pwr.o
      1948         16          0          0          0      11449   usb_regs.o
       128          8          0          0          0       1306   usb_sil.o

    ----------------------------------------------------------------------
     14712        724        356       1036       2108     346576   Object Totals
         0          0         32          0          0          0   (incl. Generated)
         2          0          0          7          0          0   (incl. Padding)

    ----------------------------------------------------------------------

      Code (inc. data)   RO Data    RW Data    ZI Data      Debug   Library Member Name

        92          0          0          0          0          0   __dczerorl2.o
         0          0          0          0          0          0   entry.o
         8          4          0          0          0          0   entry2.o
         4          0          0          0          0          0   entry5.o
         0          0          0          0          0          0   entry7b.o
         8          4          0          0          0          0   entry8.o
        30          0          0          0          0          0   handlers.o
        36          8          0          0          0         68   init.o
        30          0          0          0          0         68   llshl.o
        32          0          0          0          0         68   llushr.o
      1176         50          0          0          0        420   printf8.o
        98          0          0          0          0         92   uldiv.o

    ----------------------------------------------------------------------
      1520         66          0          0          0        716   Library Totals
         6          0          0          0          0          0   (incl. Padding)

    ----------------------------------------------------------------------

      Code (inc. data)   RO Data    RW Data    ZI Data      Debug   Library Name

      1514         66          0          0          0        716   mc_w.l

    ----------------------------------------------------------------------
      1520         66          0          0          0        716   Library Totals

    ----------------------------------------------------------------------

==============================================================================


      Code (inc. data)   RO Data    RW Data    ZI Data      Debug   

     16232        790        356       1036       2108     344484   Grand Totals
     16232        790        356        396       2108     344484   ELF Image Totals (compressed)
     16232        790        356        396          0          0   ROM Totals

==============================================================================

    Total RO  Size (Code + RO Data)                16588 (  16.20kB)
    Total RW  Size (RW Data + ZI Data)              3144 (   3.07kB)
    Total ROM Size (Code + RO Data + RW Data)      16984 (  16.59kB)

==============================================================================

